Archive member included because of file (symbol)

../avrx/avrx.a(avrx_tasking.o)
                              SerialExample.o (IntProlog)
../avrx/avrx.a(avrx_semaphores.o)
                              AvrXSimpleSerial.o (AvrXWaitSemaphore)
../avrx/avrx.a(avrx_testsemaphore.o)
                              AvrXSimpleSerial.o (AvrXTestSemaphore)
../avrx/avrx.a(avrx_timequeue.o)
                              SerialExample.o (AvrXDelay)
../avrx/avrx.a(avrx_resetsemaphore.o)
                              ../avrx/avrx.a(avrx_timequeue.o) (AvrXIntResetObjectSemaphore)
../avrx/avrx.a(avrx_message.o)
                              ../avrx/avrx.a(avrx_timequeue.o) (AvrXIntSendMessage)
/opt/local/lib/gcc/avr/4.0.2/avr5/libgcc.a(_mulsi3.o)
                              /opt/local/avr/avrlib/timer.o (__mulsi3)
/opt/local/lib/gcc/avr/4.0.2/avr5/libgcc.a(_udivmodhi4.o)
                              /opt/local/avr/avrlib/timer.o (__udivmodhi4)
/opt/local/lib/gcc/avr/4.0.2/avr5/libgcc.a(_udivmodsi4.o)
                              /opt/local/avr/avrlib/timer.o (__udivmodsi4)
/opt/local/lib/gcc/avr/4.0.2/avr5/libgcc.a(_divmodsi4.o)
                              /opt/local/avr/avrlib/timer.o (__divmodsi4)
/opt/local/lib/gcc/avr/4.0.2/avr5/libgcc.a(_exit.o)
                              SerialExample.o (exit)
/opt/local/lib/gcc/avr/4.0.2/avr5/libgcc.a(_copy_data.o)
                              SerialExample.o (__do_copy_data)
/opt/local/lib/gcc/avr/4.0.2/avr5/libgcc.a(_clear_bss.o)
                              SerialExample.o (__do_clear_bss)
/opt/local/lib/gcc/avr/4.0.2/../../../../avr/lib/avr5/libc.a(atoi.o)
                              SerialExample.o (atoi)
/opt/local/lib/gcc/avr/4.0.2/../../../../avr/lib/avr5/libc.a(strcpy.o)
                              SerialExample.o (strcpy)
/opt/local/lib/gcc/avr/4.0.2/../../../../avr/lib/avr5/libc.a(mul10.o)
                              /opt/local/lib/gcc/avr/4.0.2/../../../../avr/lib/avr5/libc.a(atoi.o) (__mulhi_const_10)
/opt/local/lib/gcc/avr/4.0.2/../../../../avr/lib/avr5/libc.a(fdevopen.o)
                              SerialExample.o (fdevopen)
/opt/local/lib/gcc/avr/4.0.2/../../../../avr/lib/avr5/libc.a(fgetc.o)
                              SerialExample.o (fgetc)
/opt/local/lib/gcc/avr/4.0.2/../../../../avr/lib/avr5/libc.a(fputc.o)
                              SerialExample.o (fputc)
/opt/local/lib/gcc/avr/4.0.2/../../../../avr/lib/avr5/libc.a(iob.o)
                              SerialExample.o (__iob)
/opt/local/lib/gcc/avr/4.0.2/../../../../avr/lib/avr5/libc.a(printf.o)
                              SerialExample.o (printf)
/opt/local/lib/gcc/avr/4.0.2/../../../../avr/lib/avr5/libc.a(printf_p.o)
                              SerialExample.o (printf_P)
/opt/local/lib/gcc/avr/4.0.2/../../../../avr/lib/avr5/libc.a(vfprintf_std.o)
                              /opt/local/lib/gcc/avr/4.0.2/../../../../avr/lib/avr5/libc.a(printf.o) (vfprintf)
/opt/local/lib/gcc/avr/4.0.2/../../../../avr/lib/avr5/libc.a(calloc.o)
                              /opt/local/lib/gcc/avr/4.0.2/../../../../avr/lib/avr5/libc.a(fdevopen.o) (calloc)
/opt/local/lib/gcc/avr/4.0.2/../../../../avr/lib/avr5/libc.a(malloc.o)
                              /opt/local/lib/gcc/avr/4.0.2/../../../../avr/lib/avr5/libc.a(calloc.o) (malloc)
/opt/local/lib/gcc/avr/4.0.2/../../../../avr/lib/avr5/libc.a(strlen_P.o)
                              /opt/local/lib/gcc/avr/4.0.2/../../../../avr/lib/avr5/libc.a(vfprintf_std.o) (strlen_P)
/opt/local/lib/gcc/avr/4.0.2/../../../../avr/lib/avr5/libc.a(strnlen_P.o)
                              /opt/local/lib/gcc/avr/4.0.2/../../../../avr/lib/avr5/libc.a(vfprintf_std.o) (strnlen_P)
/opt/local/lib/gcc/avr/4.0.2/../../../../avr/lib/avr5/libc.a(memset.o)
                              /opt/local/lib/gcc/avr/4.0.2/../../../../avr/lib/avr5/libc.a(calloc.o) (memset)
/opt/local/lib/gcc/avr/4.0.2/../../../../avr/lib/avr5/libc.a(strnlen.o)
                              /opt/local/lib/gcc/avr/4.0.2/../../../../avr/lib/avr5/libc.a(vfprintf_std.o) (strnlen)

Allocating common symbols
Common symbol       size              file

ServoChannel        0x1               /opt/local/avr/avrlib/servo.o
_TimerQueue         0x2               ../avrx/avrx.a(avrx_timequeue.o)
ServoChannels       0x14              /opt/local/avr/avrlib/servo.o
camPanServoPos      0x2               SerialExample.o
_TimQLevel          0x1               ../avrx/avrx.a(avrx_timequeue.o)
parserOutputFunc    0x2               SerialExample.o
ParserExecFunction  0x2               SerialExample.o
ParserFunctionList  0x14              SerialExample.o
parserNumCommands   0x1               SerialExample.o
camTiltServoPos     0x2               SerialExample.o
rightServoPos       0x2               SerialExample.o
ServoPosTics        0x2               /opt/local/avr/avrlib/servo.o
Timer0Reg0          0x4               /opt/local/avr/avrlib/timer.o
CommandList         0x96              SerialExample.o
AvrXKernelData      0x7               ../avrx/avrx.a(avrx_tasking.o)
TimerPauseReg       0x4               /opt/local/avr/avrlib/timer.o
__brkval            0x2               /opt/local/lib/gcc/avr/4.0.2/../../../../avr/lib/avr5/libc.a(malloc.o)
Timer2Reg0          0x4               /opt/local/avr/avrlib/timer.o
ServoPeriodTics     0x2               /opt/local/avr/avrlib/servo.o
getCommandsPid      0x6               SerialExample.o
Tx0Ready            0x2               AvrXSimpleSerial.o
parserBuffer        0xf               SerialExample.o
throttleServoPos    0x2               SerialExample.o
parserBufferLength  0x1               SerialExample.o
getUAVStatusPid     0x6               SerialExample.o
Rx0Ready            0x2               AvrXSimpleSerial.o
getUAVStatusStk     0x6f              SerialExample.o
__flp               0x2               /opt/local/lib/gcc/avr/4.0.2/../../../../avr/lib/avr5/libc.a(malloc.o)
__iob               0x6               /opt/local/lib/gcc/avr/4.0.2/../../../../avr/lib/avr5/libc.a(iob.o)
getCommandsStk      0x87              SerialExample.o

Memory Configuration

Name             Origin             Length             Attributes
text             0x00000000         0x00020000         xr
data             0x00800060         0x0000ffa0         rw !x
eeprom           0x00810000         0x00010000         rw !x
*default*        0x00000000         0xffffffff

Linker script and memory map

LOAD /opt/local/lib/gcc/avr/4.0.2/../../../../avr/lib/avr5/crtm32.o
LOAD SerialExample.o
LOAD /opt/local/avr/avrlib/timer.o
LOAD /opt/local/avr/avrlib/servo.o
LOAD AvrXSimpleSerial.o
LOAD ../avrx/avrx.a
LOAD /opt/local/lib/gcc/avr/4.0.2/../../../../avr/lib/avr5/libm.a
LOAD /opt/local/lib/gcc/avr/4.0.2/avr5/libgcc.a
LOAD /opt/local/lib/gcc/avr/4.0.2/../../../../avr/lib/avr5/libc.a
LOAD /opt/local/lib/gcc/avr/4.0.2/avr5/libgcc.a

.hash
 *(.hash)

.dynsym
 *(.dynsym)

.dynstr
 *(.dynstr)

.gnu.version
 *(.gnu.version)

.gnu.version_d
 *(.gnu.version_d)

.gnu.version_r
 *(.gnu.version_r)

.rel.init
 *(.rel.init)

.rela.init
 *(.rela.init)

.rel.text
 *(.rel.text)
 *(.rel.text.*)
 *(.rel.gnu.linkonce.t*)

.rela.text
 *(.rela.text)
 *(.rela.text.*)
 *(.rela.gnu.linkonce.t*)

.rel.fini
 *(.rel.fini)

.rela.fini
 *(.rela.fini)

.rel.rodata
 *(.rel.rodata)
 *(.rel.rodata.*)
 *(.rel.gnu.linkonce.r*)

.rela.rodata
 *(.rela.rodata)
 *(.rela.rodata.*)
 *(.rela.gnu.linkonce.r*)

.rel.data
 *(.rel.data)
 *(.rel.data.*)
 *(.rel.gnu.linkonce.d*)

.rela.data
 *(.rela.data)
 *(.rela.data.*)
 *(.rela.gnu.linkonce.d*)

.rel.ctors
 *(.rel.ctors)

.rela.ctors
 *(.rela.ctors)

.rel.dtors
 *(.rel.dtors)

.rela.dtors
 *(.rela.dtors)

.rel.got
 *(.rel.got)

.rela.got
 *(.rela.got)

.rel.bss
 *(.rel.bss)

.rela.bss
 *(.rela.bss)

.rel.plt
 *(.rel.plt)

.rela.plt
 *(.rela.plt)

.text           0x00000000     0x1ec6
 *(.vectors)
 .vectors       0x00000000       0x54 /opt/local/lib/gcc/avr/4.0.2/../../../../avr/lib/avr5/crtm32.o
                0x00000000                __vectors
                0x00000000                __vector_default
                0x00000054                __ctors_start = .
 *(.ctors)
                0x00000054                __ctors_end = .
                0x00000054                __dtors_start = .
 *(.dtors)
                0x00000054                __dtors_end = .
 *(.progmem.gcc*)
 *(.progmem*)
 .progmem.data  0x00000054       0x54 SerialExample.o
                0x0000005b                getUAVStatusTcb
                0x00000054                getCommandsTcb
 .progmem.data  0x000000a8       0x1c /opt/local/avr/avrlib/timer.o
                0x000000a8                TimerRTCPrescaleFactor
                0x000000b8                TimerPrescaleFactor
                0x000000c4                . = ALIGN (0x2)
 *(.init0)
 *(.init1)
 *(.init2)
 .init2         0x000000c4        0xc /opt/local/lib/gcc/avr/4.0.2/../../../../avr/lib/avr5/crtm32.o
 *(.init3)
 *(.init4)
 .init4         0x000000d0       0x16 /opt/local/lib/gcc/avr/4.0.2/avr5/libgcc.a(_copy_data.o)
                0x000000d0                __do_copy_data
 .init4         0x000000e6       0x10 /opt/local/lib/gcc/avr/4.0.2/avr5/libgcc.a(_clear_bss.o)
                0x000000e6                __do_clear_bss
 *(.init5)
 *(.init6)
 *(.init7)
 *(.init8)
 *(.init9)
 .init9         0x000000f6        0x4 /opt/local/lib/gcc/avr/4.0.2/../../../../avr/lib/avr5/crtm32.o
 *(.text)
 .text          0x000000fa        0x4 /opt/local/lib/gcc/avr/4.0.2/../../../../avr/lib/avr5/crtm32.o
                0x000000fa                __vector_1
                0x000000fa                __vector_12
                0x000000fa                __bad_interrupt
                0x000000fa                __vector_3
                0x000000fa                __vector_17
                0x000000fa                __vector_19
                0x000000fa                __vector_2
                0x000000fa                __vector_15
                0x000000fa                __vector_16
                0x000000fa                __vector_18
                0x000000fa                __vector_20
 .text          0x000000fe      0x564 SerialExample.o
                0x000000fe                parserInit
                0x00000476                setThrottleServo
                0x00000220                myputs_P
                0x000004c4                setRightServo
                0x000001e4                parserGetArgStr
                0x000001b6                parserInputFunc
                0x000001fc                myputs
                0x000001ea                __vector_11
                0x0000014e                parserSetOutputFunc
                0x000003ca                setCamTiltServo
                0x00000512                setLeftServo
                0x00000560                main
                0x00000158                parserProcessInputString
                0x0000024c                getUAVStatus
                0x00000428                setCamPanServo
                0x000003c0                parserGetArgInt
                0x0000035a                getCommands
                0x00000110                parserAddCommand
 .text          0x00000662      0x5d6 /opt/local/avr/avrlib/timer.o
                0x0000084c                timer2GetOverflowCount
                0x00000690                timerDetach
                0x000006c2                timer1SetPrescaler
                0x000008c2                timer1PWMBOff
                0x00000714                timer2GetPrescaler
                0x00000ae0                __vector_6
                0x00000b94                timer0Init
                0x000008b4                timer1PWMAOff
                0x000008f2                timer1PWMBSet
                0x0000088e                timer1PWMInitICR
                0x000006e8                timer0GetPrescaler
                0x00000a2c                __vector_7
                0x0000083a                timer0GetOverflowCount
                0x00000952                __vector_5
                0x00000bec                timerInit
                0x000006cc                timer2SetPrescaler
                0x000008d0                timer1PWMAOn
                0x000006a6                timer0SetPrescaler
                0x00000662                delay_us
                0x00000b3a                __vector_4
                0x000006b0                timer0ClearOverflowCount
                0x000008f8                __vector_9
                0x00000bb6                timer1Init
                0x0000085e                timer1PWMInit
                0x000008de                timer1PWMBOn
                0x00000bca                timer2Init
                0x00000a86                __vector_8
                0x000008ec                timer1PWMASet
                0x0000072a                timerAttach
                0x00000c12                timer1PWMOff
                0x000009d2                __vector_10
                0x000006fe                timer1GetPrescaler
                0x000006d6                timer2ClearOverflowCount
                0x00000740                timerPause
 .text          0x00000c38      0x244 /opt/local/avr/avrlib/servo.o
                0x00000c38                servoInit
                0x00000cb8                servoOff
                0x00000e3c                servoSetPosition
                0x00000d16                servoGetPositionRaw
                0x00000cc6                servoSetChannelIO
                0x00000d2c                servoService
                0x00000e02                servoGetPosition
                0x00000cec                servoSetPositionRaw
 .text          0x00000e7c       0xa2 AvrXSimpleSerial.o
                0x00000ecc                get_c0
                0x00000e92                put_c0
                0x00000ee6                get_char0
                0x00000e7c                InitSerial0
                0x00000ef6                __vector_13
                0x00000eb4                put_char0
                0x00000f0a                __vector_14
 .text          0x00000f1e       0x5a /opt/local/lib/gcc/avr/4.0.2/../../../../avr/lib/avr5/libc.a(atoi.o)
                0x00000f1e                atoi
 .text          0x00000f78        0xe /opt/local/lib/gcc/avr/4.0.2/../../../../avr/lib/avr5/libc.a(strcpy.o)
                0x00000f78                strcpy
 .text          0x00000f86       0x10 /opt/local/lib/gcc/avr/4.0.2/../../../../avr/lib/avr5/libc.a(mul10.o)
                0x00000f86                __mulhi_const_10
 .text          0x00000f96       0x94 /opt/local/lib/gcc/avr/4.0.2/../../../../avr/lib/avr5/libc.a(fdevopen.o)
                0x00000f96                fdevopen
 .text          0x0000102a       0x86 /opt/local/lib/gcc/avr/4.0.2/../../../../avr/lib/avr5/libc.a(fgetc.o)
                0x0000102a                fgetc
 .text          0x000010b0       0x5a /opt/local/lib/gcc/avr/4.0.2/../../../../avr/lib/avr5/libc.a(fputc.o)
                0x000010b0                fputc
 .text          0x0000110a       0x44 /opt/local/lib/gcc/avr/4.0.2/../../../../avr/lib/avr5/libc.a(printf.o)
                0x0000110a                printf
 .text          0x0000114e       0x62 /opt/local/lib/gcc/avr/4.0.2/../../../../avr/lib/avr5/libc.a(printf_p.o)
                0x0000114e                printf_P
 .text          0x000011b0      0x5a8 /opt/local/lib/gcc/avr/4.0.2/../../../../avr/lib/avr5/libc.a(vfprintf_std.o)
                0x000011b0                vfprintf
 .text          0x00001758       0x38 /opt/local/lib/gcc/avr/4.0.2/../../../../avr/lib/avr5/libc.a(calloc.o)
                0x00001758                calloc
 .text          0x00001790      0x1f2 /opt/local/lib/gcc/avr/4.0.2/../../../../avr/lib/avr5/libc.a(malloc.o)
                0x00001790                malloc
                0x000018d6                free
 .text          0x00001982       0x12 /opt/local/lib/gcc/avr/4.0.2/../../../../avr/lib/avr5/libc.a(strlen_P.o)
                0x00001982                strlen_P
 .text          0x00001994       0x16 /opt/local/lib/gcc/avr/4.0.2/../../../../avr/lib/avr5/libc.a(strnlen_P.o)
                0x00001994                strnlen_P
 .text          0x000019aa       0x14 /opt/local/lib/gcc/avr/4.0.2/../../../../avr/lib/avr5/libc.a(memset.o)
                0x000019aa                memset
 .text          0x000019be       0x16 /opt/local/lib/gcc/avr/4.0.2/../../../../avr/lib/avr5/libc.a(strnlen.o)
                0x000019be                strnlen
                0x000019d4                . = ALIGN (0x2)
 *(.text.*)
 .text.avrx.avrx_tasking
                0x000019d4      0x1d4 ../avrx/avrx.a(avrx_tasking.o)
                0x00001af6                AvrXRunTask
                0x00001b40                AvrXResume
                0x00001a70                _Epilog
                0x00001afa                AvrXInitTask
                0x000019d4                IntProlog
                0x00001ade                AvrXSetKernelStack
                0x00001b5c                _QueuePid
                0x00001a6c                Epilog
 .text.avrx.avrx_semaphores
                0x00001ba8       0xe2 ../avrx/avrx.a(avrx_semaphores.o)
                0x00001ba8                AvrXWaitTimer
                0x00001bd6                AvrXSetObjectSemaphore
                0x00001bd6                AvrXAckMessage
                0x00001ba8                AvrXWaitObjectSemaphore
                0x00001bac                AvrXWaitSemaphore
                0x00001bf4                AvrXIntSetSemaphore
                0x00001c64                _RemoveObjectAt
                0x00001ba8                AvrXWaitMessageAck
                0x00001bf0                AvrXIntSetObjectSemaphore
                0x00001c58                _RemoveFirstObject
                0x00001ba8                AvrXWaitTask
                0x00001c2a                _AppendObject
                0x00001c46                _RemoveObject
                0x00001bda                AvrXSetSemaphore
 .text.avrx.avrx_testsemaphore
                0x00001c8a       0x26 ../avrx/avrx.a(avrx_testsemaphore.o)
                0x00001c8a                AvrXTestMessageAck
                0x00001c8a                AvrXTestPid
                0x00001c8a                AvrXTestObjectSemaphore
                0x00001c8a                AvrXTestTimer
                0x00001c8e                AvrXTestSemaphore
                0x00001c8e                AvrXIntTestSemaphore
 .text.avrx.avrx_timequeue
                0x00001cb0       0xe4 ../avrx/avrx.a(avrx_timequeue.o)
                0x00001cb0                AvrXDelay
                0x00001cb4                AvrXStartTimer
                0x00001cbc                CountNotZero
                0x00001d0c                AvrXTimerHandler
 .text.avrx.avrx_resetsemaphore
                0x00001d94       0x22 ../avrx/avrx.a(avrx_resetsemaphore.o)
                0x00001d94                AvrXResetObjectSemaphore
                0x00001d9c                AvrXIntResetSemaphore
                0x00001d9c                AvrXResetSemaphore
                0x00001d94                AvrXIntResetObjectSemaphore
 .text.avrx.avrx_message
                0x00001db6       0x2e ../avrx/avrx.a(avrx_message.o)
                0x00001dc0                AvrXIntSendMessage
                0x00001dc8                AvrXWaitMessage
                0x00001db6                AvrXSendMessage
 .text.libgcc   0x00001de4       0x3e /opt/local/lib/gcc/avr/4.0.2/avr5/libgcc.a(_mulsi3.o)
                0x00001de4                __mulsi3
 .text.libgcc   0x00001e22       0x28 /opt/local/lib/gcc/avr/4.0.2/avr5/libgcc.a(_udivmodhi4.o)
                0x00001e22                __udivmodhi4
 .text.libgcc   0x00001e4a       0x44 /opt/local/lib/gcc/avr/4.0.2/avr5/libgcc.a(_udivmodsi4.o)
                0x00001e4a                __udivmodsi4
 .text.libgcc   0x00001e8e       0x36 /opt/local/lib/gcc/avr/4.0.2/avr5/libgcc.a(_divmodsi4.o)
                0x00001e8e                __divmodsi4
                0x00001ec4                . = ALIGN (0x2)
 *(.fini9)
 *(.fini8)
 *(.fini7)
 *(.fini6)
 *(.fini5)
 *(.fini4)
 *(.fini3)
 *(.fini2)
 *(.fini1)
 *(.fini0)
 .fini0         0x00001ec4        0x2 /opt/local/lib/gcc/avr/4.0.2/avr5/libgcc.a(_exit.o)
                0x00001ec6                _etext = .

.data           0x00800060       0x30 load address 0x00001ec6
                0x00800060                PROVIDE (__data_start, .)
 *(.data)
 .data          0x00800060       0x29 SerialExample.o
                0x00800060                leftServoPos
 .data          0x00800089        0x6 /opt/local/lib/gcc/avr/4.0.2/../../../../avr/lib/avr5/libc.a(malloc.o)
                0x0080008b                __malloc_heap_start
                0x00800089                __malloc_heap_end
                0x0080008d                __malloc_margin
 *(.gnu.linkonce.d*)
                0x00800090                . = ALIGN (0x2)
 *fill*         0x0080008f        0x1 00
                0x00800090                _edata = .
                0x00800090                PROVIDE (__data_end, .)

.bss            0x00800090      0x219
                0x00800090                PROVIDE (__bss_start, .)
 *(.bss)
 .bss           0x00800090       0x10 /opt/local/avr/avrlib/timer.o
 *(COMMON)
 COMMON         0x008000a0      0x1c9 SerialExample.o
                0x008000a0                camPanServoPos
                0x008000a2                parserOutputFunc
                0x008000a4                ParserExecFunction
                0x008000a6                ParserFunctionList
                0x008000ba                parserNumCommands
                0x008000bb                camTiltServoPos
                0x008000bd                rightServoPos
                0x008000bf                CommandList
                0x00800155                getCommandsPid
                0x0080015b                parserBuffer
                0x0080016a                throttleServoPos
                0x0080016c                parserBufferLength
                0x0080016d                getUAVStatusPid
                0x00800173                getUAVStatusStk
                0x008001e2                getCommandsStk
 COMMON         0x00800269        0xc /opt/local/avr/avrlib/timer.o
                0x00800269                Timer0Reg0
                0x0080026d                TimerPauseReg
                0x00800271                Timer2Reg0
 COMMON         0x00800275       0x19 /opt/local/avr/avrlib/servo.o
                0x00800275                ServoChannel
                0x00800276                ServoChannels
                0x0080028a                ServoPosTics
                0x0080028c                ServoPeriodTics
 COMMON         0x0080028e        0x4 AvrXSimpleSerial.o
                0x0080028e                Tx0Ready
                0x00800290                Rx0Ready
 *fill*         0x00800292        0x2 00
 COMMON         0x00800294        0x7 ../avrx/avrx.a(avrx_tasking.o)
                0x00800294                AvrXKernelData
 *fill*         0x0080029b        0x1 00
 COMMON         0x0080029c        0x3 ../avrx/avrx.a(avrx_timequeue.o)
                0x0080029c                _TimerQueue
                0x0080029e                _TimQLevel
 COMMON         0x0080029f        0x6 /opt/local/lib/gcc/avr/4.0.2/../../../../avr/lib/avr5/libc.a(iob.o)
                0x0080029f                __iob
 COMMON         0x008002a5        0x4 /opt/local/lib/gcc/avr/4.0.2/../../../../avr/lib/avr5/libc.a(malloc.o)
                0x008002a5                __brkval
                0x008002a7                __flp
                0x008002a9                PROVIDE (__bss_end, .)
                0x00001ec6                __data_load_start = LOADADDR (.data)
                0x00001ef6                __data_load_end = (__data_load_start + SIZEOF (.data))

.noinit         0x008002a9        0x0
                0x008002a9                PROVIDE (__noinit_start, .)
 *(.noinit*)
                0x008002a9                PROVIDE (__noinit_end, .)
                0x008002a9                _end = .
                0x008002a9                PROVIDE (__heap_start, .)

.eeprom         0x00810000        0x0
 *(.eeprom*)
                0x00810000                __eeprom_end = .

.stab           0x00000000     0x6a98
 *(.stab)
 .stab          0x00000000      0x36c /opt/local/lib/gcc/avr/4.0.2/../../../../avr/lib/avr5/crtm32.o
 .stab          0x0000036c     0x1104 SerialExample.o
                               0x1110 (size before relaxing)
 .stab          0x00001470      0xf90 /opt/local/avr/avrlib/timer.o
                               0x11dc (size before relaxing)
 .stab          0x00002400      0x618 /opt/local/avr/avrlib/servo.o
                                0x7c8 (size before relaxing)
 .stab          0x00002a18      0x4ec AvrXSimpleSerial.o
                                0x6e4 (size before relaxing)
 .stab          0x00002f04      0xbc4 ../avrx/avrx.a(avrx_tasking.o)
                                0xbd0 (size before relaxing)
 .stab          0x00003ac8      0x654 ../avrx/avrx.a(avrx_semaphores.o)
                                0x660 (size before relaxing)
 .stab          0x0000411c      0x138 ../avrx/avrx.a(avrx_testsemaphore.o)
                                0x144 (size before relaxing)
 .stab          0x00004254      0x534 ../avrx/avrx.a(avrx_timequeue.o)
                                0x540 (size before relaxing)
 .stab          0x00004788      0x120 ../avrx/avrx.a(avrx_resetsemaphore.o)
                                0x12c (size before relaxing)
 .stab          0x000048a8      0x168 ../avrx/avrx.a(avrx_message.o)
                                0x174 (size before relaxing)
 .stab          0x00004a10      0x228 /opt/local/lib/gcc/avr/4.0.2/../../../../avr/lib/avr5/libc.a(atoi.o)
                                0x234 (size before relaxing)
 .stab          0x00004c38       0x6c /opt/local/lib/gcc/avr/4.0.2/../../../../avr/lib/avr5/libc.a(strcpy.o)
                                 0x78 (size before relaxing)
 .stab          0x00004ca4       0x78 /opt/local/lib/gcc/avr/4.0.2/../../../../avr/lib/avr5/libc.a(mul10.o)
                                 0x84 (size before relaxing)
 .stab          0x00004d1c      0x444 /opt/local/lib/gcc/avr/4.0.2/../../../../avr/lib/avr5/libc.a(fdevopen.o)
                                0x4a4 (size before relaxing)
 .stab          0x00005160      0x240 /opt/local/lib/gcc/avr/4.0.2/../../../../avr/lib/avr5/libc.a(fgetc.o)
                                0x420 (size before relaxing)
 .stab          0x000053a0      0x1d4 /opt/local/lib/gcc/avr/4.0.2/../../../../avr/lib/avr5/libc.a(fputc.o)
                                0x3b4 (size before relaxing)
 .stab          0x00005574      0x120 /opt/local/lib/gcc/avr/4.0.2/../../../../avr/lib/avr5/libc.a(iob.o)
                                0x300 (size before relaxing)
 .stab          0x00005694      0x1b0 /opt/local/lib/gcc/avr/4.0.2/../../../../avr/lib/avr5/libc.a(printf.o)
                                0x390 (size before relaxing)
 .stab          0x00005844      0x1c8 /opt/local/lib/gcc/avr/4.0.2/../../../../avr/lib/avr5/libc.a(printf_p.o)
                                0x3a8 (size before relaxing)
 .stab          0x00005a0c      0x768 /opt/local/lib/gcc/avr/4.0.2/../../../../avr/lib/avr5/libc.a(vfprintf_std.o)
                                0x990 (size before relaxing)
 .stab          0x00006174      0x1bc /opt/local/lib/gcc/avr/4.0.2/../../../../avr/lib/avr5/libc.a(calloc.o)
                                0x1f8 (size before relaxing)
 .stab          0x00006330      0x51c /opt/local/lib/gcc/avr/4.0.2/../../../../avr/lib/avr5/libc.a(malloc.o)
                                0x6fc (size before relaxing)
 .stab          0x0000684c       0x84 /opt/local/lib/gcc/avr/4.0.2/../../../../avr/lib/avr5/libc.a(strlen_P.o)
                                 0x90 (size before relaxing)
 .stab          0x000068d0       0x9c /opt/local/lib/gcc/avr/4.0.2/../../../../avr/lib/avr5/libc.a(strnlen_P.o)
                                 0xa8 (size before relaxing)
 .stab          0x0000696c       0x90 /opt/local/lib/gcc/avr/4.0.2/../../../../avr/lib/avr5/libc.a(memset.o)
                                 0x9c (size before relaxing)
 .stab          0x000069fc       0x9c /opt/local/lib/gcc/avr/4.0.2/../../../../avr/lib/avr5/libc.a(strnlen.o)
                                 0xa8 (size before relaxing)

.stabstr        0x00000000     0x2be0
 *(.stabstr)
 .stabstr       0x00000000     0x2be0 /opt/local/lib/gcc/avr/4.0.2/../../../../avr/lib/avr5/crtm32.o

.stab.excl
 *(.stab.excl)

.stab.exclstr
 *(.stab.exclstr)

.stab.index
 *(.stab.index)

.stab.indexstr
 *(.stab.indexstr)

.comment
 *(.comment)

.debug
 *(.debug)

.line
 *(.line)

.debug_srcinfo
 *(.debug_srcinfo)

.debug_sfnames
 *(.debug_sfnames)

.debug_aranges
 *(.debug_aranges)

.debug_pubnames
 *(.debug_pubnames)

.debug_info
 *(.debug_info)
 *(.gnu.linkonce.wi.*)

.debug_abbrev
 *(.debug_abbrev)

.debug_line
 *(.debug_line)

.debug_frame
 *(.debug_frame)

.debug_str
 *(.debug_str)

.debug_loc
 *(.debug_loc)

.debug_macinfo
 *(.debug_macinfo)
OUTPUT(AvrXSimpleSerial.elf elf32-avr)

Cross Reference Table

Symbol                                            File
AvrXAckMessage                                    ../avrx/avrx.a(avrx_semaphores.o)
AvrXDelay                                         ../avrx/avrx.a(avrx_timequeue.o)
                                                  SerialExample.o
AvrXInitTask                                      ../avrx/avrx.a(avrx_tasking.o)
AvrXIntResetObjectSemaphore                       ../avrx/avrx.a(avrx_resetsemaphore.o)
                                                  ../avrx/avrx.a(avrx_timequeue.o)
AvrXIntResetSemaphore                             ../avrx/avrx.a(avrx_resetsemaphore.o)
AvrXIntSendMessage                                ../avrx/avrx.a(avrx_message.o)
                                                  ../avrx/avrx.a(avrx_timequeue.o)
AvrXIntSetObjectSemaphore                         ../avrx/avrx.a(avrx_semaphores.o)
                                                  ../avrx/avrx.a(avrx_message.o)
                                                  ../avrx/avrx.a(avrx_timequeue.o)
AvrXIntSetSemaphore                               ../avrx/avrx.a(avrx_semaphores.o)
AvrXIntTestSemaphore                              ../avrx/avrx.a(avrx_testsemaphore.o)
AvrXKernelData                                    ../avrx/avrx.a(avrx_semaphores.o)
                                                  ../avrx/avrx.a(avrx_tasking.o)
AvrXResetObjectSemaphore                          ../avrx/avrx.a(avrx_resetsemaphore.o)
                                                  ../avrx/avrx.a(avrx_message.o)
AvrXResetSemaphore                                ../avrx/avrx.a(avrx_resetsemaphore.o)
AvrXResume                                        ../avrx/avrx.a(avrx_tasking.o)
AvrXRunTask                                       ../avrx/avrx.a(avrx_tasking.o)
                                                  SerialExample.o
AvrXSendMessage                                   ../avrx/avrx.a(avrx_message.o)
AvrXSetKernelStack                                ../avrx/avrx.a(avrx_tasking.o)
                                                  SerialExample.o
AvrXSetObjectSemaphore                            ../avrx/avrx.a(avrx_semaphores.o)
                                                  ../avrx/avrx.a(avrx_timequeue.o)
AvrXSetSemaphore                                  ../avrx/avrx.a(avrx_semaphores.o)
                                                  AvrXSimpleSerial.o
AvrXStartTimer                                    ../avrx/avrx.a(avrx_timequeue.o)
AvrXTestMessageAck                                ../avrx/avrx.a(avrx_testsemaphore.o)
AvrXTestObjectSemaphore                           ../avrx/avrx.a(avrx_testsemaphore.o)
AvrXTestPid                                       ../avrx/avrx.a(avrx_testsemaphore.o)
AvrXTestSemaphore                                 ../avrx/avrx.a(avrx_testsemaphore.o)
                                                  AvrXSimpleSerial.o
AvrXTestTimer                                     ../avrx/avrx.a(avrx_testsemaphore.o)
AvrXTimerHandler                                  ../avrx/avrx.a(avrx_timequeue.o)
                                                  SerialExample.o
AvrXWaitMessage                                   ../avrx/avrx.a(avrx_message.o)
AvrXWaitMessageAck                                ../avrx/avrx.a(avrx_semaphores.o)
AvrXWaitObjectSemaphore                           ../avrx/avrx.a(avrx_semaphores.o)
                                                  ../avrx/avrx.a(avrx_message.o)
AvrXWaitSemaphore                                 ../avrx/avrx.a(avrx_semaphores.o)
                                                  AvrXSimpleSerial.o
AvrXWaitTask                                      ../avrx/avrx.a(avrx_semaphores.o)
AvrXWaitTimer                                     ../avrx/avrx.a(avrx_semaphores.o)
                                                  ../avrx/avrx.a(avrx_timequeue.o)
CommandList                                       SerialExample.o
CountNotZero                                      ../avrx/avrx.a(avrx_timequeue.o)
Epilog                                            ../avrx/avrx.a(avrx_tasking.o)
                                                  AvrXSimpleSerial.o
                                                  SerialExample.o
InitSerial0                                       AvrXSimpleSerial.o
                                                  SerialExample.o
IntProlog                                         ../avrx/avrx.a(avrx_tasking.o)
                                                  ../avrx/avrx.a(avrx_message.o)
                                                  ../avrx/avrx.a(avrx_timequeue.o)
                                                  ../avrx/avrx.a(avrx_semaphores.o)
                                                  AvrXSimpleSerial.o
                                                  SerialExample.o
ParserExecFunction                                SerialExample.o
ParserFunctionList                                SerialExample.o
Rx0Ready                                          AvrXSimpleSerial.o
ServoChannel                                      /opt/local/avr/avrlib/servo.o
ServoChannels                                     /opt/local/avr/avrlib/servo.o
ServoPeriodTics                                   /opt/local/avr/avrlib/servo.o
ServoPosTics                                      /opt/local/avr/avrlib/servo.o
Timer0Reg0                                        /opt/local/avr/avrlib/timer.o
Timer2Reg0                                        /opt/local/avr/avrlib/timer.o
TimerPauseReg                                     /opt/local/avr/avrlib/timer.o
TimerPrescaleFactor                               /opt/local/avr/avrlib/timer.o
TimerRTCPrescaleFactor                            /opt/local/avr/avrlib/timer.o
Tx0Ready                                          AvrXSimpleSerial.o
_AppendObject                                     ../avrx/avrx.a(avrx_semaphores.o)
                                                  ../avrx/avrx.a(avrx_message.o)
_Epilog                                           ../avrx/avrx.a(avrx_tasking.o)
                                                  ../avrx/avrx.a(avrx_message.o)
                                                  ../avrx/avrx.a(avrx_timequeue.o)
                                                  ../avrx/avrx.a(avrx_semaphores.o)
_QueuePid                                         ../avrx/avrx.a(avrx_tasking.o)
                                                  ../avrx/avrx.a(avrx_semaphores.o)
_RemoveFirstObject                                ../avrx/avrx.a(avrx_semaphores.o)
                                                  ../avrx/avrx.a(avrx_message.o)
_RemoveObject                                     ../avrx/avrx.a(avrx_semaphores.o)
_RemoveObjectAt                                   ../avrx/avrx.a(avrx_semaphores.o)
_TimQLevel                                        ../avrx/avrx.a(avrx_timequeue.o)
_TimerQueue                                       ../avrx/avrx.a(avrx_timequeue.o)
__bad_interrupt                                   /opt/local/lib/gcc/avr/4.0.2/../../../../avr/lib/avr5/crtm32.o
__brkval                                          /opt/local/lib/gcc/avr/4.0.2/../../../../avr/lib/avr5/libc.a(malloc.o)
__bss_end                                         /opt/local/lib/gcc/avr/4.0.2/avr5/libgcc.a(_clear_bss.o)
__bss_start                                       /opt/local/lib/gcc/avr/4.0.2/avr5/libgcc.a(_clear_bss.o)
__data_end                                        /opt/local/lib/gcc/avr/4.0.2/avr5/libgcc.a(_copy_data.o)
__data_load_start                                 /opt/local/lib/gcc/avr/4.0.2/avr5/libgcc.a(_copy_data.o)
__data_start                                      /opt/local/lib/gcc/avr/4.0.2/avr5/libgcc.a(_copy_data.o)
__divmodsi4                                       /opt/local/lib/gcc/avr/4.0.2/avr5/libgcc.a(_divmodsi4.o)
                                                  /opt/local/avr/avrlib/timer.o
__do_clear_bss                                    /opt/local/lib/gcc/avr/4.0.2/avr5/libgcc.a(_clear_bss.o)
                                                  /opt/local/lib/gcc/avr/4.0.2/../../../../avr/lib/avr5/libc.a(malloc.o)
                                                  /opt/local/lib/gcc/avr/4.0.2/../../../../avr/lib/avr5/libc.a(calloc.o)
                                                  /opt/local/lib/gcc/avr/4.0.2/../../../../avr/lib/avr5/libc.a(vfprintf_std.o)
                                                  /opt/local/lib/gcc/avr/4.0.2/../../../../avr/lib/avr5/libc.a(printf_p.o)
                                                  /opt/local/lib/gcc/avr/4.0.2/../../../../avr/lib/avr5/libc.a(printf.o)
                                                  /opt/local/lib/gcc/avr/4.0.2/../../../../avr/lib/avr5/libc.a(iob.o)
                                                  /opt/local/lib/gcc/avr/4.0.2/../../../../avr/lib/avr5/libc.a(fputc.o)
                                                  /opt/local/lib/gcc/avr/4.0.2/../../../../avr/lib/avr5/libc.a(fgetc.o)
                                                  /opt/local/lib/gcc/avr/4.0.2/../../../../avr/lib/avr5/libc.a(fdevopen.o)
                                                  AvrXSimpleSerial.o
                                                  /opt/local/avr/avrlib/servo.o
                                                  /opt/local/avr/avrlib/timer.o
                                                  SerialExample.o
__do_copy_data                                    /opt/local/lib/gcc/avr/4.0.2/avr5/libgcc.a(_copy_data.o)
                                                  /opt/local/lib/gcc/avr/4.0.2/../../../../avr/lib/avr5/libc.a(malloc.o)
                                                  /opt/local/lib/gcc/avr/4.0.2/../../../../avr/lib/avr5/libc.a(calloc.o)
                                                  /opt/local/lib/gcc/avr/4.0.2/../../../../avr/lib/avr5/libc.a(vfprintf_std.o)
                                                  /opt/local/lib/gcc/avr/4.0.2/../../../../avr/lib/avr5/libc.a(printf_p.o)
                                                  /opt/local/lib/gcc/avr/4.0.2/../../../../avr/lib/avr5/libc.a(printf.o)
                                                  /opt/local/lib/gcc/avr/4.0.2/../../../../avr/lib/avr5/libc.a(iob.o)
                                                  /opt/local/lib/gcc/avr/4.0.2/../../../../avr/lib/avr5/libc.a(fputc.o)
                                                  /opt/local/lib/gcc/avr/4.0.2/../../../../avr/lib/avr5/libc.a(fgetc.o)
                                                  /opt/local/lib/gcc/avr/4.0.2/../../../../avr/lib/avr5/libc.a(fdevopen.o)
                                                  AvrXSimpleSerial.o
                                                  /opt/local/avr/avrlib/servo.o
                                                  /opt/local/avr/avrlib/timer.o
                                                  SerialExample.o
__flp                                             /opt/local/lib/gcc/avr/4.0.2/../../../../avr/lib/avr5/libc.a(malloc.o)
__heap_end                                        /opt/local/lib/gcc/avr/4.0.2/../../../../avr/lib/avr5/crtm32.o
                                                  /opt/local/lib/gcc/avr/4.0.2/../../../../avr/lib/avr5/libc.a(malloc.o)
__heap_start                                      /opt/local/lib/gcc/avr/4.0.2/../../../../avr/lib/avr5/libc.a(malloc.o)
__init                                            /opt/local/lib/gcc/avr/4.0.2/../../../../avr/lib/avr5/crtm32.o
__iob                                             /opt/local/lib/gcc/avr/4.0.2/../../../../avr/lib/avr5/libc.a(printf_p.o)
                                                  /opt/local/lib/gcc/avr/4.0.2/../../../../avr/lib/avr5/libc.a(printf.o)
                                                  /opt/local/lib/gcc/avr/4.0.2/../../../../avr/lib/avr5/libc.a(iob.o)
                                                  /opt/local/lib/gcc/avr/4.0.2/../../../../avr/lib/avr5/libc.a(fdevopen.o)
                                                  SerialExample.o
__malloc_heap_end                                 /opt/local/lib/gcc/avr/4.0.2/../../../../avr/lib/avr5/libc.a(malloc.o)
__malloc_heap_start                               /opt/local/lib/gcc/avr/4.0.2/../../../../avr/lib/avr5/libc.a(malloc.o)
__malloc_margin                                   /opt/local/lib/gcc/avr/4.0.2/../../../../avr/lib/avr5/libc.a(malloc.o)
__mulhi_const_10                                  /opt/local/lib/gcc/avr/4.0.2/../../../../avr/lib/avr5/libc.a(mul10.o)
                                                  /opt/local/lib/gcc/avr/4.0.2/../../../../avr/lib/avr5/libc.a(atoi.o)
__mulsi3                                          /opt/local/lib/gcc/avr/4.0.2/avr5/libgcc.a(_mulsi3.o)
                                                  /opt/local/avr/avrlib/timer.o
__stack                                           /opt/local/lib/gcc/avr/4.0.2/../../../../avr/lib/avr5/crtm32.o
                                                  SerialExample.o
__udivmodhi4                                      /opt/local/lib/gcc/avr/4.0.2/avr5/libgcc.a(_udivmodhi4.o)
                                                  /opt/local/avr/avrlib/servo.o
                                                  /opt/local/avr/avrlib/timer.o
__udivmodsi4                                      /opt/local/lib/gcc/avr/4.0.2/avr5/libgcc.a(_udivmodsi4.o)
                                                  /opt/local/lib/gcc/avr/4.0.2/../../../../avr/lib/avr5/libc.a(vfprintf_std.o)
                                                  /opt/local/lib/gcc/avr/4.0.2/avr5/libgcc.a(_divmodsi4.o)
                                                  /opt/local/avr/avrlib/timer.o
__vector_1                                        /opt/local/lib/gcc/avr/4.0.2/../../../../avr/lib/avr5/crtm32.o
__vector_10                                       /opt/local/avr/avrlib/timer.o
                                                  /opt/local/lib/gcc/avr/4.0.2/../../../../avr/lib/avr5/crtm32.o
__vector_11                                       SerialExample.o
                                                  /opt/local/lib/gcc/avr/4.0.2/../../../../avr/lib/avr5/crtm32.o
__vector_12                                       /opt/local/lib/gcc/avr/4.0.2/../../../../avr/lib/avr5/crtm32.o
__vector_13                                       AvrXSimpleSerial.o
                                                  /opt/local/lib/gcc/avr/4.0.2/../../../../avr/lib/avr5/crtm32.o
__vector_14                                       AvrXSimpleSerial.o
                                                  /opt/local/lib/gcc/avr/4.0.2/../../../../avr/lib/avr5/crtm32.o
__vector_15                                       /opt/local/lib/gcc/avr/4.0.2/../../../../avr/lib/avr5/crtm32.o
__vector_16                                       /opt/local/lib/gcc/avr/4.0.2/../../../../avr/lib/avr5/crtm32.o
__vector_17                                       /opt/local/lib/gcc/avr/4.0.2/../../../../avr/lib/avr5/crtm32.o
__vector_18                                       /opt/local/lib/gcc/avr/4.0.2/../../../../avr/lib/avr5/crtm32.o
__vector_19                                       /opt/local/lib/gcc/avr/4.0.2/../../../../avr/lib/avr5/crtm32.o
__vector_2                                        /opt/local/lib/gcc/avr/4.0.2/../../../../avr/lib/avr5/crtm32.o
__vector_20                                       /opt/local/lib/gcc/avr/4.0.2/../../../../avr/lib/avr5/crtm32.o
__vector_3                                        /opt/local/lib/gcc/avr/4.0.2/../../../../avr/lib/avr5/crtm32.o
__vector_4                                        /opt/local/avr/avrlib/timer.o
                                                  /opt/local/lib/gcc/avr/4.0.2/../../../../avr/lib/avr5/crtm32.o
__vector_5                                        /opt/local/avr/avrlib/timer.o
                                                  /opt/local/lib/gcc/avr/4.0.2/../../../../avr/lib/avr5/crtm32.o
__vector_6                                        /opt/local/avr/avrlib/timer.o
                                                  /opt/local/lib/gcc/avr/4.0.2/../../../../avr/lib/avr5/crtm32.o
__vector_7                                        /opt/local/avr/avrlib/timer.o
                                                  /opt/local/lib/gcc/avr/4.0.2/../../../../avr/lib/avr5/crtm32.o
__vector_8                                        /opt/local/avr/avrlib/timer.o
                                                  /opt/local/lib/gcc/avr/4.0.2/../../../../avr/lib/avr5/crtm32.o
__vector_9                                        /opt/local/avr/avrlib/timer.o
                                                  /opt/local/lib/gcc/avr/4.0.2/../../../../avr/lib/avr5/crtm32.o
__vector_default                                  /opt/local/lib/gcc/avr/4.0.2/../../../../avr/lib/avr5/crtm32.o
__vectors                                         /opt/local/lib/gcc/avr/4.0.2/../../../../avr/lib/avr5/crtm32.o
_exit                                             /opt/local/lib/gcc/avr/4.0.2/avr5/libgcc.a(_exit.o)
atoi                                              /opt/local/lib/gcc/avr/4.0.2/../../../../avr/lib/avr5/libc.a(atoi.o)
                                                  SerialExample.o
calloc                                            /opt/local/lib/gcc/avr/4.0.2/../../../../avr/lib/avr5/libc.a(calloc.o)
                                                  /opt/local/lib/gcc/avr/4.0.2/../../../../avr/lib/avr5/libc.a(fdevopen.o)
camPanServoPos                                    SerialExample.o
camTiltServoPos                                   SerialExample.o
delay_us                                          /opt/local/avr/avrlib/timer.o
exit                                              /opt/local/lib/gcc/avr/4.0.2/avr5/libgcc.a(_exit.o)
                                                  SerialExample.o
fdevopen                                          /opt/local/lib/gcc/avr/4.0.2/../../../../avr/lib/avr5/libc.a(fdevopen.o)
                                                  SerialExample.o
fgetc                                             /opt/local/lib/gcc/avr/4.0.2/../../../../avr/lib/avr5/libc.a(fgetc.o)
                                                  SerialExample.o
fputc                                             /opt/local/lib/gcc/avr/4.0.2/../../../../avr/lib/avr5/libc.a(fputc.o)
                                                  /opt/local/lib/gcc/avr/4.0.2/../../../../avr/lib/avr5/libc.a(vfprintf_std.o)
                                                  SerialExample.o
free                                              /opt/local/lib/gcc/avr/4.0.2/../../../../avr/lib/avr5/libc.a(malloc.o)
getCommands                                       SerialExample.o
getCommandsPid                                    SerialExample.o
getCommandsStk                                    SerialExample.o
getCommandsTcb                                    SerialExample.o
getUAVStatus                                      SerialExample.o
getUAVStatusPid                                   SerialExample.o
getUAVStatusStk                                   SerialExample.o
getUAVStatusTcb                                   SerialExample.o
get_c0                                            AvrXSimpleSerial.o
                                                  SerialExample.o
get_char0                                         AvrXSimpleSerial.o
leftServoPos                                      SerialExample.o
main                                              SerialExample.o
                                                  /opt/local/lib/gcc/avr/4.0.2/../../../../avr/lib/avr5/crtm32.o
malloc                                            /opt/local/lib/gcc/avr/4.0.2/../../../../avr/lib/avr5/libc.a(malloc.o)
                                                  /opt/local/lib/gcc/avr/4.0.2/../../../../avr/lib/avr5/libc.a(calloc.o)
memset                                            /opt/local/lib/gcc/avr/4.0.2/../../../../avr/lib/avr5/libc.a(memset.o)
                                                  /opt/local/lib/gcc/avr/4.0.2/../../../../avr/lib/avr5/libc.a(calloc.o)
myputs                                            SerialExample.o
myputs_P                                          SerialExample.o
parserAddCommand                                  SerialExample.o
parserBuffer                                      SerialExample.o
parserBufferLength                                SerialExample.o
parserGetArgInt                                   SerialExample.o
parserGetArgStr                                   SerialExample.o
parserInit                                        SerialExample.o
parserInputFunc                                   SerialExample.o
parserNumCommands                                 SerialExample.o
parserOutputFunc                                  SerialExample.o
parserProcessInputString                          SerialExample.o
parserSetOutputFunc                               SerialExample.o
printf                                            /opt/local/lib/gcc/avr/4.0.2/../../../../avr/lib/avr5/libc.a(printf.o)
                                                  SerialExample.o
printf_P                                          /opt/local/lib/gcc/avr/4.0.2/../../../../avr/lib/avr5/libc.a(printf_p.o)
                                                  SerialExample.o
put_c0                                            AvrXSimpleSerial.o
put_char0                                         AvrXSimpleSerial.o
                                                  SerialExample.o
rightServoPos                                     SerialExample.o
servoGetPosition                                  /opt/local/avr/avrlib/servo.o
servoGetPositionRaw                               /opt/local/avr/avrlib/servo.o
servoInit                                         /opt/local/avr/avrlib/servo.o
                                                  SerialExample.o
servoOff                                          /opt/local/avr/avrlib/servo.o
servoService                                      /opt/local/avr/avrlib/servo.o
servoSetChannelIO                                 /opt/local/avr/avrlib/servo.o
                                                  SerialExample.o
servoSetPosition                                  /opt/local/avr/avrlib/servo.o
                                                  SerialExample.o
servoSetPositionRaw                               /opt/local/avr/avrlib/servo.o
setCamPanServo                                    SerialExample.o
setCamTiltServo                                   SerialExample.o
setLeftServo                                      SerialExample.o
setRightServo                                     SerialExample.o
setThrottleServo                                  SerialExample.o
strcpy                                            /opt/local/lib/gcc/avr/4.0.2/../../../../avr/lib/avr5/libc.a(strcpy.o)
                                                  SerialExample.o
strlen_P                                          /opt/local/lib/gcc/avr/4.0.2/../../../../avr/lib/avr5/libc.a(strlen_P.o)
                                                  /opt/local/lib/gcc/avr/4.0.2/../../../../avr/lib/avr5/libc.a(vfprintf_std.o)
strnlen                                           /opt/local/lib/gcc/avr/4.0.2/../../../../avr/lib/avr5/libc.a(strnlen.o)
                                                  /opt/local/lib/gcc/avr/4.0.2/../../../../avr/lib/avr5/libc.a(vfprintf_std.o)
strnlen_P                                         /opt/local/lib/gcc/avr/4.0.2/../../../../avr/lib/avr5/libc.a(strnlen_P.o)
                                                  /opt/local/lib/gcc/avr/4.0.2/../../../../avr/lib/avr5/libc.a(vfprintf_std.o)
throttleServoPos                                  SerialExample.o
timer0ClearOverflowCount                          /opt/local/avr/avrlib/timer.o
timer0GetOverflowCount                            /opt/local/avr/avrlib/timer.o
timer0GetPrescaler                                /opt/local/avr/avrlib/timer.o
timer0Init                                        /opt/local/avr/avrlib/timer.o
timer0SetPrescaler                                /opt/local/avr/avrlib/timer.o
timer1GetPrescaler                                /opt/local/avr/avrlib/timer.o
timer1Init                                        /opt/local/avr/avrlib/timer.o
timer1PWMAOff                                     /opt/local/avr/avrlib/timer.o
timer1PWMAOn                                      /opt/local/avr/avrlib/timer.o
timer1PWMASet                                     /opt/local/avr/avrlib/timer.o
timer1PWMBOff                                     /opt/local/avr/avrlib/timer.o
timer1PWMBOn                                      /opt/local/avr/avrlib/timer.o
timer1PWMBSet                                     /opt/local/avr/avrlib/timer.o
timer1PWMInit                                     /opt/local/avr/avrlib/timer.o
timer1PWMInitICR                                  /opt/local/avr/avrlib/timer.o
timer1PWMOff                                      /opt/local/avr/avrlib/timer.o
timer1SetPrescaler                                /opt/local/avr/avrlib/timer.o
                                                  /opt/local/avr/avrlib/servo.o
timer2ClearOverflowCount                          /opt/local/avr/avrlib/timer.o
timer2GetOverflowCount                            /opt/local/avr/avrlib/timer.o
timer2GetPrescaler                                /opt/local/avr/avrlib/timer.o
timer2Init                                        /opt/local/avr/avrlib/timer.o
timer2SetPrescaler                                /opt/local/avr/avrlib/timer.o
timerAttach                                       /opt/local/avr/avrlib/timer.o
                                                  /opt/local/avr/avrlib/servo.o
timerDetach                                       /opt/local/avr/avrlib/timer.o
                                                  /opt/local/avr/avrlib/servo.o
timerInit                                         /opt/local/avr/avrlib/timer.o
timerPause                                        /opt/local/avr/avrlib/timer.o
vfprintf                                          /opt/local/lib/gcc/avr/4.0.2/../../../../avr/lib/avr5/libc.a(vfprintf_std.o)
                                                  /opt/local/lib/gcc/avr/4.0.2/../../../../avr/lib/avr5/libc.a(printf_p.o)
                                                  /opt/local/lib/gcc/avr/4.0.2/../../../../avr/lib/avr5/libc.a(printf.o)
