Archive member included because of file (symbol)

/opt/local/lib/gcc/avr/3.4.4/../../../../avr/lib/avr5/libm.a(addsf3.o)
                              /opt/local/avr/avrlib/rprintf.o (__subsf3)
/opt/local/lib/gcc/avr/3.4.4/../../../../avr/lib/avr5/libm.a(addsf3x.o)
                              /opt/local/lib/gcc/avr/3.4.4/../../../../avr/lib/avr5/libm.a(addsf3.o) (__addsf3x)
/opt/local/lib/gcc/avr/3.4.4/../../../../avr/lib/avr5/libm.a(atan2.o)
                              gpstest.o (atan2)
/opt/local/lib/gcc/avr/3.4.4/../../../../avr/lib/avr5/libm.a(cos.o)
                              gpstest.o (cos)
/opt/local/lib/gcc/avr/3.4.4/../../../../avr/lib/avr5/libm.a(divsf3.o)
                              /opt/local/avr/avrlib/rprintf.o (__divsf3)
/opt/local/lib/gcc/avr/3.4.4/../../../../avr/lib/avr5/libm.a(divsf3x.o)
                              /opt/local/lib/gcc/avr/3.4.4/../../../../avr/lib/avr5/libm.a(divsf3.o) (__divsf3x)
/opt/local/lib/gcc/avr/3.4.4/../../../../avr/lib/avr5/libm.a(fixsfsi.o)
                              gpstest.o (__fixsfsi)
/opt/local/lib/gcc/avr/3.4.4/../../../../avr/lib/avr5/libm.a(floatsisf.o)
                              /opt/local/avr/avrlib/rprintf.o (__floatsisf)
/opt/local/lib/gcc/avr/3.4.4/../../../../avr/lib/avr5/libm.a(fmod.o)
                              /opt/local/lib/gcc/avr/3.4.4/../../../../avr/lib/avr5/libm.a(cos.o) (fmod)
/opt/local/lib/gcc/avr/3.4.4/../../../../avr/lib/avr5/libm.a(fp_cmp.o)
                              /opt/local/avr/avrlib/rprintf.o (__eqsf2)
/opt/local/lib/gcc/avr/3.4.4/../../../../avr/lib/avr5/libm.a(fp_cosinus.o)
                              /opt/local/lib/gcc/avr/3.4.4/../../../../avr/lib/avr5/libm.a(cos.o) (__fp_cosinus)
/opt/local/lib/gcc/avr/3.4.4/../../../../avr/lib/avr5/libm.a(fp_merge.o)
                              /opt/local/lib/gcc/avr/3.4.4/../../../../avr/lib/avr5/libm.a(addsf3.o) (__fp_merge)
/opt/local/lib/gcc/avr/3.4.4/../../../../avr/lib/avr5/libm.a(fp_nan.o)
                              /opt/local/lib/gcc/avr/3.4.4/../../../../avr/lib/avr5/libm.a(atan2.o) (__fp_nanERANGE)
/opt/local/lib/gcc/avr/3.4.4/../../../../avr/lib/avr5/libm.a(fp_powerseries.o)
                              /opt/local/lib/gcc/avr/3.4.4/../../../../avr/lib/avr5/libm.a(fp_cosinus.o) (__fp_powerseries)
/opt/local/lib/gcc/avr/3.4.4/../../../../avr/lib/avr5/libm.a(fp_split.o)
                              /opt/local/lib/gcc/avr/3.4.4/../../../../avr/lib/avr5/libm.a(addsf3.o) (__fp_split3)
/opt/local/lib/gcc/avr/3.4.4/../../../../avr/lib/avr5/libm.a(fp_zero.o)
                              /opt/local/lib/gcc/avr/3.4.4/../../../../avr/lib/avr5/libm.a(fixsfsi.o) (__fp_zero)
/opt/local/lib/gcc/avr/3.4.4/../../../../avr/lib/avr5/libm.a(modf.o)
                              /opt/local/lib/gcc/avr/3.4.4/../../../../avr/lib/avr5/libm.a(fmod.o) (modf)
/opt/local/lib/gcc/avr/3.4.4/../../../../avr/lib/avr5/libm.a(mulsf3.o)
                              /opt/local/lib/gcc/avr/3.4.4/../../../../avr/lib/avr5/libm.a(fp_cosinus.o) (square)
/opt/local/lib/gcc/avr/3.4.4/../../../../avr/lib/avr5/libm.a(mulsf3x.o)
                              /opt/local/lib/gcc/avr/3.4.4/../../../../avr/lib/avr5/libm.a(fp_powerseries.o) (__mulsf3x)
/opt/local/lib/gcc/avr/3.4.4/../../../../avr/lib/avr5/libm.a(sin.o)
                              gpstest.o (sin)
/opt/local/lib/gcc/avr/3.4.4/../../../../avr/lib/avr5/libm.a(sqrt.o)
                              gpstest.o (sqrt)
/opt/local/lib/gcc/avr/3.4.4/../../../../avr/lib/avr5/libm.a(strtod.o)
                              gpstest.o (atof)
/opt/local/lib/gcc/avr/3.4.4/../../../../avr/lib/avr5/libm.a(atan.o)
                              /opt/local/lib/gcc/avr/3.4.4/../../../../avr/lib/avr5/libm.a(atan2.o) (atan)
/opt/local/lib/gcc/avr/3.4.4/../../../../avr/lib/avr5/libm.a(fp_flashconst.o)
                              /opt/local/lib/gcc/avr/3.4.4/../../../../avr/lib/avr5/libm.a(fp_powerseries.o) (__fp_flashconst)
/opt/local/lib/gcc/avr/3.4.4/avr5/libgcc.a(_mulsi3.o)
                              /opt/local/avr/avrlib/timer.o (__mulsi3)
/opt/local/lib/gcc/avr/3.4.4/avr5/libgcc.a(_udivmodhi4.o)
                              /opt/local/avr/avrlib/buffer.o (__udivmodhi4)
/opt/local/lib/gcc/avr/3.4.4/avr5/libgcc.a(_udivmodsi4.o)
                              /opt/local/avr/avrlib/uart.o (__udivmodsi4)
/opt/local/lib/gcc/avr/3.4.4/avr5/libgcc.a(_divmodsi4.o)
                              /opt/local/avr/avrlib/timer.o (__divmodsi4)
/opt/local/lib/gcc/avr/3.4.4/avr5/libgcc.a(_prologue.o)
                              /opt/local/lib/gcc/avr/3.4.4/../../../../avr/lib/avr5/libm.a(strtod.o) (__prologue_saves__)
/opt/local/lib/gcc/avr/3.4.4/avr5/libgcc.a(_epilogue.o)
                              /opt/local/lib/gcc/avr/3.4.4/../../../../avr/lib/avr5/libm.a(strtod.o) (__epilogue_restores__)
/opt/local/lib/gcc/avr/3.4.4/avr5/libgcc.a(_copy_data.o)
                              /opt/local/avr/avrlib/buffer.o (__do_copy_data)
/opt/local/lib/gcc/avr/3.4.4/avr5/libgcc.a(_clear_bss.o)
                              /opt/local/avr/avrlib/buffer.o (__do_clear_bss)
/opt/local/lib/gcc/avr/3.4.4/../../../../avr/lib/avr5/libc.a(atoi.o)
                              gpstest.o (atoi)
/opt/local/lib/gcc/avr/3.4.4/../../../../avr/lib/avr5/libc.a(isalnum.o)
                              gpstest.o (isalnum)
/opt/local/lib/gcc/avr/3.4.4/../../../../avr/lib/avr5/libc.a(isalpha.o)
                              /opt/local/lib/gcc/avr/3.4.4/../../../../avr/lib/avr5/libc.a(isalnum.o) (isalpha)
/opt/local/lib/gcc/avr/3.4.4/../../../../avr/lib/avr5/libc.a(isdigit.o)
                              /opt/local/lib/gcc/avr/3.4.4/../../../../avr/lib/avr5/libc.a(isalnum.o) (isdigit)
/opt/local/lib/gcc/avr/3.4.4/../../../../avr/lib/avr5/libc.a(isxdigit.o)
                              gpstest.o (isxdigit)
/opt/local/lib/gcc/avr/3.4.4/../../../../avr/lib/avr5/libc.a(mul10.o)
                              /opt/local/lib/gcc/avr/3.4.4/../../../../avr/lib/avr5/libm.a(strtod.o) (__mulhi_const_10)
/opt/local/lib/gcc/avr/3.4.4/../../../../avr/lib/avr5/libc.a(printf.o)
                              gpstest.o (printf)
/opt/local/lib/gcc/avr/3.4.4/../../../../avr/lib/avr5/libc.a(strncmp.o)
                              gpstest.o (strncmp)
/opt/local/lib/gcc/avr/3.4.4/../../../../avr/lib/avr5/libc.a(strncpy.o)
                              gpstest.o (strncpy)
/opt/local/lib/gcc/avr/3.4.4/../../../../avr/lib/avr5/libc.a(vfprintf_std.o)
                              /opt/local/lib/gcc/avr/3.4.4/../../../../avr/lib/avr5/libc.a(printf.o) (vfprintf)
/opt/local/lib/gcc/avr/3.4.4/../../../../avr/lib/avr5/libc.a(cty_isfalse.o)
                              /opt/local/lib/gcc/avr/3.4.4/../../../../avr/lib/avr5/libc.a(isalnum.o) (__ctype_isfalse)
/opt/local/lib/gcc/avr/3.4.4/../../../../avr/lib/avr5/libc.a(fdevopen.o)
                              /opt/local/lib/gcc/avr/3.4.4/../../../../avr/lib/avr5/libc.a(printf.o) (__iob)
/opt/local/lib/gcc/avr/3.4.4/../../../../avr/lib/avr5/libc.a(fputc.o)
                              /opt/local/lib/gcc/avr/3.4.4/../../../../avr/lib/avr5/libc.a(vfprintf_std.o) (fputc)
/opt/local/lib/gcc/avr/3.4.4/../../../../avr/lib/avr5/libc.a(strlen_P.o)
                              /opt/local/lib/gcc/avr/3.4.4/../../../../avr/lib/avr5/libc.a(vfprintf_std.o) (strlen_P)
/opt/local/lib/gcc/avr/3.4.4/../../../../avr/lib/avr5/libc.a(strnlen.o)
                              /opt/local/lib/gcc/avr/3.4.4/../../../../avr/lib/avr5/libc.a(vfprintf_std.o) (strnlen)
/opt/local/lib/gcc/avr/3.4.4/../../../../avr/lib/avr5/libc.a(strnlen_P.o)
                              /opt/local/lib/gcc/avr/3.4.4/../../../../avr/lib/avr5/libc.a(vfprintf_std.o) (strnlen_P)
/opt/local/lib/gcc/avr/3.4.4/../../../../avr/lib/avr5/libc.a(calloc.o)
                              /opt/local/lib/gcc/avr/3.4.4/../../../../avr/lib/avr5/libc.a(fdevopen.o) (calloc)
/opt/local/lib/gcc/avr/3.4.4/../../../../avr/lib/avr5/libc.a(malloc.o)
                              /opt/local/lib/gcc/avr/3.4.4/../../../../avr/lib/avr5/libc.a(calloc.o) (malloc)
/opt/local/lib/gcc/avr/3.4.4/../../../../avr/lib/avr5/libc.a(memset.o)
                              /opt/local/lib/gcc/avr/3.4.4/../../../../avr/lib/avr5/libc.a(calloc.o) (memset)

Allocating common symbols
Common symbol       size              file

uartReadyTx         0x1               /opt/local/avr/avrlib/uart.o
Timer0Reg0          0x4               /opt/local/avr/avrlib/timer.o
uartRxBuffer        0x8               /opt/local/avr/avrlib/uart.o
TimerPauseReg       0x4               /opt/local/avr/avrlib/timer.o
__brkval            0x2               /opt/local/lib/gcc/avr/3.4.4/../../../../avr/lib/avr5/libc.a(malloc.o)
Timer2Reg0          0x4               /opt/local/avr/avrlib/timer.o
uartBufferedTx      0x1               /opt/local/avr/avrlib/uart.o
__flp               0x2               /opt/local/lib/gcc/avr/3.4.4/../../../../avr/lib/avr5/libc.a(malloc.o)
uartTxBuffer        0x8               /opt/local/avr/avrlib/uart.o
uartRxOverflow      0x2               /opt/local/avr/avrlib/uart.o
__iob               0x6               /opt/local/lib/gcc/avr/3.4.4/../../../../avr/lib/avr5/libc.a(fdevopen.o)

Memory Configuration

Name             Origin             Length             Attributes
text             0x00000000         0x00020000         xr
data             0x00800060         0x0000ffa0         rw !x
eeprom           0x00810000         0x00010000         rw !x
*default*        0x00000000         0xffffffff

Linker script and memory map

LOAD /opt/local/lib/gcc/avr/3.4.4/../../../../avr/lib/avr5/crtm32.o
LOAD /opt/local/avr/avrlib/buffer.o
LOAD /opt/local/avr/avrlib/uart.o
LOAD /opt/local/avr/avrlib/rprintf.o
LOAD /opt/local/avr/avrlib/timer.o
LOAD /opt/local/avr/avrlib/lcd.o
LOAD gpstest.o
LOAD /opt/local/lib/gcc/avr/3.4.4/../../../../avr/lib/avr5/libm.a
LOAD /opt/local/lib/gcc/avr/3.4.4/avr5/libgcc.a
LOAD /opt/local/lib/gcc/avr/3.4.4/../../../../avr/lib/avr5/libc.a
LOAD /opt/local/lib/gcc/avr/3.4.4/avr5/libgcc.a

.hash
 *(.hash)

.dynsym
 *(.dynsym)

.dynstr
 *(.dynstr)

.gnu.version
 *(.gnu.version)

.gnu.version_d
 *(.gnu.version_d)

.gnu.version_r
 *(.gnu.version_r)

.rel.init
 *(.rel.init)

.rela.init
 *(.rela.init)

.rel.text
 *(.rel.text)
 *(.rel.text.*)
 *(.rel.gnu.linkonce.t*)

.rela.text
 *(.rela.text)
 *(.rela.text.*)
 *(.rela.gnu.linkonce.t*)

.rel.fini
 *(.rel.fini)

.rela.fini
 *(.rela.fini)

.rel.rodata
 *(.rel.rodata)
 *(.rel.rodata.*)
 *(.rel.gnu.linkonce.r*)

.rela.rodata
 *(.rela.rodata)
 *(.rela.rodata.*)
 *(.rela.gnu.linkonce.r*)

.rel.data
 *(.rel.data)
 *(.rel.data.*)
 *(.rel.gnu.linkonce.d*)

.rela.data
 *(.rela.data)
 *(.rela.data.*)
 *(.rela.gnu.linkonce.d*)

.rel.ctors
 *(.rel.ctors)

.rela.ctors
 *(.rela.ctors)

.rel.dtors
 *(.rel.dtors)

.rela.dtors
 *(.rela.dtors)

.rel.got
 *(.rel.got)

.rela.got
 *(.rela.got)

.rel.bss
 *(.rel.bss)

.rela.bss
 *(.rela.bss)

.rel.plt
 *(.rel.plt)

.rela.plt
 *(.rela.plt)

.text           0x00000000     0x3d6a
 *(.vectors)
 .vectors       0x00000000       0x54 /opt/local/lib/gcc/avr/3.4.4/../../../../avr/lib/avr5/crtm32.o
                0x00000000                __vectors
                0x00000000                __vector_default
                0x00000054                __ctors_start = .
 *(.ctors)
                0x00000054                __ctors_end = .
                0x00000054                __dtors_start = .
 *(.dtors)
                0x00000054                __dtors_end = .
 *(.progmem.gcc*)
 .progmem.gcc_fplib
                0x00000054       0x26 /opt/local/lib/gcc/avr/3.4.4/../../../../avr/lib/avr5/libm.a(fp_cosinus.o)
 .progmem.gcc_fplib
                0x0000007a       0x30 /opt/local/lib/gcc/avr/3.4.4/../../../../avr/lib/avr5/libm.a(strtod.o)
 .progmem.gcc_fplib
                0x000000aa       0x26 /opt/local/lib/gcc/avr/3.4.4/../../../../avr/lib/avr5/libm.a(atan.o)
 *(.progmem*)
 .progmem.data  0x000000d0       0x11 /opt/local/avr/avrlib/rprintf.o
 .progmem.data  0x000000e1       0x1c /opt/local/avr/avrlib/timer.o
                0x000000e1                TimerRTCPrescaleFactor
                0x000000f1                TimerPrescaleFactor
 .progmem.data  0x000000fd       0x88 /opt/local/avr/avrlib/lcd.o
                0x000000fd                LcdCustomChar
 .progmem.data  0x00000185       0xad gpstest.o
                0x00000232                . = ALIGN (0x2)
 *(.init0)
 *(.init1)
 *(.init2)
 .init2         0x00000232        0xc /opt/local/lib/gcc/avr/3.4.4/../../../../avr/lib/avr5/crtm32.o
 *(.init3)
 *(.init4)
 .init4         0x0000023e       0x16 /opt/local/lib/gcc/avr/3.4.4/avr5/libgcc.a(_copy_data.o)
                0x0000023e                __do_copy_data
 .init4         0x00000254       0x10 /opt/local/lib/gcc/avr/3.4.4/avr5/libgcc.a(_clear_bss.o)
                0x00000254                __do_clear_bss
 *(.init5)
 *(.init6)
 *(.init7)
 *(.init8)
 *(.init9)
 .init9         0x00000264        0x4 /opt/local/lib/gcc/avr/3.4.4/../../../../avr/lib/avr5/crtm32.o
 *(.text)
 .text          0x00000268        0x4 /opt/local/lib/gcc/avr/3.4.4/../../../../avr/lib/avr5/crtm32.o
                0x00000268                __vector_1
                0x00000268                __vector_12
                0x00000268                __bad_interrupt
                0x00000268                __vector_3
                0x00000268                __vector_17
                0x00000268                __vector_19
                0x00000268                __vector_2
                0x00000268                __vector_14
                0x00000268                __vector_16
                0x00000268                __vector_18
                0x00000268                __vector_20
 .text          0x0000026c      0x130 /opt/local/avr/avrlib/buffer.o
                0x00000378                bufferIsNotFull
                0x00000280                bufferGetFromFront
                0x0000030e                bufferGetAtIndex
                0x000002ca                bufferDumpFromFront
                0x0000026c                bufferInit
                0x00000332                bufferAddToEnd
                0x00000394                bufferFlush
 .text          0x0000039c      0x258 /opt/local/avr/avrlib/uart.o
                0x000004f4                uartSendTxBuffer
                0x00000444                uartSendByte
                0x000003da                uartInitBuffers
                0x00000456                uartReceiveByte
                0x000004e6                uartAddToTxBuffer
                0x0000042e                uartSetRxHandler
                0x00000576                __vector_13
                0x000004c4                uartFlushReceiveBuffer
                0x000003fc                uartInit
                0x000004ce                uartReceiveBufferIsEmpty
                0x0000039c                uartSetBaudRate
                0x0000043e                uartGetTxBuffer
                0x00000488                uartGetByte
                0x00000438                uartGetRxBuffer
                0x00000508                __vector_15
 .text          0x000005f4      0x618 /opt/local/avr/avrlib/rprintf.o
                0x00000ab4                rprintf1RamRom
                0x000006fa                rprintfu08
                0x0000072a                rprintfu32
                0x0000060a                rprintfStr
                0x000008e0                rprintfFloat
                0x00000632                rprintfStrLen
                0x00000698                rprintfProgStr
                0x00000710                rprintfu16
                0x000005f4                rprintfInit
                0x000005fe                rprintfChar
                0x000006c6                rprintfCRLF
                0x000006e0                rprintfu04
                0x00000750                rprintfNum
 .text          0x00000c0c      0x694 /opt/local/avr/avrlib/timer.o
                0x00000e96                timer2GetOverflowCount
                0x00000c34                timerDetach
                0x00000c7a                timer1SetPrescaler
                0x00000f12                timer1PWMBOff
                0x00000d18                timer2GetPrescaler
                0x000011ec                __vector_6
                0x00000c66                timer0Init
                0x00000f04                timer1PWMAOff
                0x00000f58                timer1PWMBSet
                0x00000f5e                __vector_11
                0x00000edc                timer1PWMInitICR
                0x00000ce8                timer0GetPrescaler
                0x00001138                __vector_7
                0x00000e80                timer0GetOverflowCount
                0x0000105e                __vector_5
                0x00000cc6                timerInit
                0x00000c96                timer2SetPrescaler
                0x00000f36                timer1PWMAOn
                0x00000c4a                timer0SetPrescaler
                0x00000c0c                delay_us
                0x00001246                __vector_4
                0x00000c54                timer0ClearOverflowCount
                0x00001004                __vector_9
                0x00000c84                timer1Init
                0x00000eac                timer1PWMInit
                0x00000f44                timer1PWMBOn
                0x00000cb2                timer2Init
                0x00001192                __vector_8
                0x00000f52                timer1PWMASet
                0x00000d30                timerAttach
                0x00000f20                timer1PWMOff
                0x000010de                __vector_10
                0x00000d00                timer1GetPrescaler
                0x00000ca0                timer2ClearOverflowCount
                0x00000d46                timerPause
 .text          0x000012a0      0x40c /opt/local/avr/avrlib/lcd.o
                0x0000160a                lcdProgressBar
                0x00001474                lcdLoadCustomChar
                0x00001598                lcdHome
                0x00001396                lcdControlRead
                0x000015e2                lcdPrintData
                0x00001348                lcdControlWrite
                0x000013de                lcdDataWrite
                0x00001506                lcdInit
                0x000012b4                lcdBusyWait
                0x000012a0                lcdInitHW
                0x000015a8                lcdGotoXY
                0x0000142c                lcdDataRead
                0x000015a0                lcdClear
 .text          0x000016ac     0x137e gpstest.o
                0x00001914                nmeap_addParser
                0x00001dca                nmeap_gpgga
                0x00001d5c                nmeap_parseBuffer
                0x000017b2                nmeap_longitude
                0x000021fe                dist
                0x000018b8                nmeap_altitude
                0x00001fec                nmeap_gprmc
                0x00002a1e                addToBuffer
                0x00001a0a                nmeap_process
                0x000026fa                main
                0x000016ac                nmeap_latitude
                0x000018f2                nmeap_init
                0x000019a0                nmeap_tokenize
                0x00001ac4                nmeap_parse
                0x000024a4                bearing
 .text          0x00002a2a       0x5a /opt/local/lib/gcc/avr/3.4.4/../../../../avr/lib/avr5/libc.a(atoi.o)
                0x00002a2a                atoi
 .text          0x00002a84       0x10 /opt/local/lib/gcc/avr/3.4.4/../../../../avr/lib/avr5/libc.a(mul10.o)
                0x00002a84                __mulhi_const_10
 .text          0x00002a94       0x44 /opt/local/lib/gcc/avr/3.4.4/../../../../avr/lib/avr5/libc.a(printf.o)
                0x00002a94                printf
 .text          0x00002ad8       0x1c /opt/local/lib/gcc/avr/3.4.4/../../../../avr/lib/avr5/libc.a(strncmp.o)
                0x00002ad8                strncmp
 .text          0x00002af4       0x1e /opt/local/lib/gcc/avr/3.4.4/../../../../avr/lib/avr5/libc.a(strncpy.o)
                0x00002af4                strncpy
 .text          0x00002b12      0x5a8 /opt/local/lib/gcc/avr/3.4.4/../../../../avr/lib/avr5/libc.a(vfprintf_std.o)
                0x00002b12                vfprintf
 .text          0x000030ba       0x96 /opt/local/lib/gcc/avr/3.4.4/../../../../avr/lib/avr5/libc.a(fdevopen.o)
                0x000030ba                fdevopen
 .text          0x00003150       0x68 /opt/local/lib/gcc/avr/3.4.4/../../../../avr/lib/avr5/libc.a(fputc.o)
                0x00003150                fputc
 .text          0x000031b8       0x12 /opt/local/lib/gcc/avr/3.4.4/../../../../avr/lib/avr5/libc.a(strlen_P.o)
                0x000031b8                strlen_P
 .text          0x000031ca       0x16 /opt/local/lib/gcc/avr/3.4.4/../../../../avr/lib/avr5/libc.a(strnlen.o)
                0x000031ca                strnlen
 .text          0x000031e0       0x16 /opt/local/lib/gcc/avr/3.4.4/../../../../avr/lib/avr5/libc.a(strnlen_P.o)
                0x000031e0                strnlen_P
 .text          0x000031f6       0x38 /opt/local/lib/gcc/avr/3.4.4/../../../../avr/lib/avr5/libc.a(calloc.o)
                0x000031f6                calloc
 .text          0x0000322e      0x262 /opt/local/lib/gcc/avr/3.4.4/../../../../avr/lib/avr5/libc.a(malloc.o)
                0x0000322e                malloc
                0x000033c6                free
 .text          0x00003490        0xe /opt/local/lib/gcc/avr/3.4.4/../../../../avr/lib/avr5/libc.a(memset.o)
                0x00003490                memset
                0x0000349e                . = ALIGN (0x2)
 *(.text.*)
 .text.fplib    0x0000349e        0xa /opt/local/lib/gcc/avr/3.4.4/../../../../avr/lib/avr5/libm.a(addsf3.o)
                0x0000349e                __subsf3
                0x000034a0                __addsf3
 .text.fplib    0x000034a8       0x7c /opt/local/lib/gcc/avr/3.4.4/../../../../avr/lib/avr5/libm.a(addsf3x.o)
                0x000034a8                __addsf3x
 .text.fplib    0x00003524       0x66 /opt/local/lib/gcc/avr/3.4.4/../../../../avr/lib/avr5/libm.a(atan2.o)
                0x00003524                atan2
 .text.fplib    0x0000358a        0xc /opt/local/lib/gcc/avr/3.4.4/../../../../avr/lib/avr5/libm.a(cos.o)
                0x0000358a                cos
 .text.fplib    0x00003596       0x16 /opt/local/lib/gcc/avr/3.4.4/../../../../avr/lib/avr5/libm.a(divsf3.o)
                0x000035a6                __divsf3
                0x00003596                __fp_inverse
 .text.fplib    0x000035ac       0x86 /opt/local/lib/gcc/avr/3.4.4/../../../../avr/lib/avr5/libm.a(divsf3x.o)
                0x000035ac                __divsf3x
 .text.fplib    0x00003632       0x36 /opt/local/lib/gcc/avr/3.4.4/../../../../avr/lib/avr5/libm.a(fixsfsi.o)
                0x00003632                __fixsfsi
                0x00003658                __fp_lneg
                0x00003632                __fixunssfsi
 .text.fplib    0x00003668       0x18 /opt/local/lib/gcc/avr/3.4.4/../../../../avr/lib/avr5/libm.a(floatsisf.o)
                0x0000366c                __floatsisf
                0x00003668                __floatunssisf
 .text.fplib    0x00003680       0x26 /opt/local/lib/gcc/avr/3.4.4/../../../../avr/lib/avr5/libm.a(fmod.o)
                0x00003680                fmod
 .text.fplib    0x000036a6       0x44 /opt/local/lib/gcc/avr/3.4.4/../../../../avr/lib/avr5/libm.a(fp_cmp.o)
                0x000036a6                __lesf2
                0x000036a6                __nesf2
                0x000036ac                __gtsf2
                0x000036a6                __eqsf2
                0x000036b2                __cmpsf2
                0x000036a6                __ltsf2
                0x000036ac                __gesf2
 .text.fplib    0x000036ea       0x3c /opt/local/lib/gcc/avr/3.4.4/../../../../avr/lib/avr5/libm.a(fp_cosinus.o)
                0x000036ea                __fp_cosinus
 .text.fplib    0x00003726       0x3a /opt/local/lib/gcc/avr/3.4.4/../../../../avr/lib/avr5/libm.a(fp_merge.o)
                0x00003730                __fp_merge
 .text.fplib    0x00003760        0x6 /opt/local/lib/gcc/avr/3.4.4/../../../../avr/lib/avr5/libm.a(fp_nan.o)
                0x00003760                __fp_nanERANGE
                0x00003760                __fp_nan
                0x00003760                __fp_nanEDOM
                0x00003760                __fp_nanx
 .text.fplib    0x00003766       0x98 /opt/local/lib/gcc/avr/3.4.4/../../../../avr/lib/avr5/libm.a(fp_powerseries.o)
                0x00003766                __fp_powerseries
 .text.fplib    0x000037fe       0x34 /opt/local/lib/gcc/avr/3.4.4/../../../../avr/lib/avr5/libm.a(fp_split.o)
                0x000037fe                __fp_split3
                0x00003804                __fp_split2
                0x00003816                __fp_split1
 .text.fplib    0x00003832        0xa /opt/local/lib/gcc/avr/3.4.4/../../../../avr/lib/avr5/libm.a(fp_zero.o)
                0x00003832                __fp_zero
                0x00003838                __fp_zerox
 .text.fplib    0x0000383c       0x62 /opt/local/lib/gcc/avr/3.4.4/../../../../avr/lib/avr5/libm.a(modf.o)
                0x0000383c                modf
 .text.fplib    0x0000389e        0xe /opt/local/lib/gcc/avr/3.4.4/../../../../avr/lib/avr5/libm.a(mulsf3.o)
                0x0000389e                square
                0x000038a6                __mulsf3
 .text.fplib    0x000038ac       0x96 /opt/local/lib/gcc/avr/3.4.4/../../../../avr/lib/avr5/libm.a(mulsf3x.o)
                0x000038ac                __mulsf3x
 .text.fplib    0x00003942       0x26 /opt/local/lib/gcc/avr/3.4.4/../../../../avr/lib/avr5/libm.a(sin.o)
                0x00003942                sin
 .text.fplib    0x00003968       0x8a /opt/local/lib/gcc/avr/3.4.4/../../../../avr/lib/avr5/libm.a(sqrt.o)
                0x00003968                sqrt
 .text.fplib    0x000039f2      0x178 /opt/local/lib/gcc/avr/3.4.4/../../../../avr/lib/avr5/libm.a(strtod.o)
                0x000039f6                strtod
                0x000039f2                atof
 .text.fplib    0x00003b6a       0x5e /opt/local/lib/gcc/avr/3.4.4/../../../../avr/lib/avr5/libm.a(atan.o)
                0x00003b6a                atan
 .text.fplib    0x00003bc8        0xa /opt/local/lib/gcc/avr/3.4.4/../../../../avr/lib/avr5/libm.a(fp_flashconst.o)
                0x00003bc8                __fp_flashconst
 .text.libgcc   0x00003bd2       0x3e /opt/local/lib/gcc/avr/3.4.4/avr5/libgcc.a(_mulsi3.o)
                0x00003bd2                __mulsi3
 .text.libgcc   0x00003c10       0x28 /opt/local/lib/gcc/avr/3.4.4/avr5/libgcc.a(_udivmodhi4.o)
                0x00003c10                __udivmodhi4
 .text.libgcc   0x00003c38       0x44 /opt/local/lib/gcc/avr/3.4.4/avr5/libgcc.a(_udivmodsi4.o)
                0x00003c38                __udivmodsi4
 .text.libgcc   0x00003c7c       0x36 /opt/local/lib/gcc/avr/3.4.4/avr5/libgcc.a(_divmodsi4.o)
                0x00003c7c                __divmodsi4
 .text.libgcc   0x00003cb2       0x38 /opt/local/lib/gcc/avr/3.4.4/avr5/libgcc.a(_prologue.o)
                0x00003cb2                __prologue_saves__
 .text.libgcc   0x00003cea       0x36 /opt/local/lib/gcc/avr/3.4.4/avr5/libgcc.a(_epilogue.o)
                0x00003cea                __epilogue_restores__
 .text.ctype    0x00003d20       0x10 /opt/local/lib/gcc/avr/3.4.4/../../../../avr/lib/avr5/libc.a(isalnum.o)
                0x00003d20                isalnum
 .text.ctype    0x00003d30       0x14 /opt/local/lib/gcc/avr/3.4.4/../../../../avr/lib/avr5/libc.a(isalpha.o)
                0x00003d36                islower
                0x00003d30                isupper
                0x00003d34                isalpha
 .text.ctype    0x00003d44        0xe /opt/local/lib/gcc/avr/3.4.4/../../../../avr/lib/avr5/libc.a(isdigit.o)
                0x00003d44                isdigit
 .text.ctype    0x00003d52       0x12 /opt/local/lib/gcc/avr/3.4.4/../../../../avr/lib/avr5/libc.a(isxdigit.o)
                0x00003d52                isxdigit
 .text.ctype    0x00003d64        0x6 /opt/local/lib/gcc/avr/3.4.4/../../../../avr/lib/avr5/libc.a(cty_isfalse.o)
                0x00003d68                __ctype_istrue
                0x00003d64                __ctype_isfalse
                0x00003d6a                . = ALIGN (0x2)
 *(.fini9)
 *(.fini8)
 *(.fini7)
 *(.fini6)
 *(.fini5)
 *(.fini4)
 *(.fini3)
 *(.fini2)
 *(.fini1)
 *(.fini0)
                0x00003d6a                _etext = .

.data           0x00800060       0x30 load address 0x00003d6a
                0x00800060                PROVIDE (__data_start, .)
 *(.data)
 .data          0x00800060       0x29 gpstest.o
 .data          0x00800089        0x6 /opt/local/lib/gcc/avr/3.4.4/../../../../avr/lib/avr5/libc.a(malloc.o)
                0x0080008b                __malloc_heap_start
                0x00800089                __malloc_heap_end
                0x0080008d                __malloc_margin
 *(.gnu.linkonce.d*)
                0x00800090                . = ALIGN (0x2)
 *fill*         0x0080008f        0x1 00
                0x00800090                _edata = .
                0x00800090                PROVIDE (__data_end, .)

.bss            0x00800090      0x58f
                0x00800090                PROVIDE (__bss_start, .)
 *(.bss)
 .bss           0x00800090      0x142 /opt/local/avr/avrlib/uart.o
 .bss           0x008001d2        0x2 /opt/local/avr/avrlib/rprintf.o
 .bss           0x008001d4       0x10 /opt/local/avr/avrlib/timer.o
 .bss           0x008001e4      0x411 gpstest.o
 *(COMMON)
 COMMON         0x008005f5       0x14 /opt/local/avr/avrlib/uart.o
                                  0x0 (size before relaxing)
                0x008005f5                uartReadyTx
                0x008005f6                uartRxBuffer
                0x008005fe                uartBufferedTx
                0x008005ff                uartTxBuffer
                0x00800607                uartRxOverflow
 COMMON         0x00800609        0xc /opt/local/avr/avrlib/timer.o
                                  0x0 (size before relaxing)
                0x00800609                Timer0Reg0
                0x0080060d                TimerPauseReg
                0x00800611                Timer2Reg0
 COMMON         0x00800615        0x6 /opt/local/lib/gcc/avr/3.4.4/../../../../avr/lib/avr5/libc.a(fdevopen.o)
                                  0x0 (size before relaxing)
                0x00800615                __iob
 COMMON         0x0080061b        0x4 /opt/local/lib/gcc/avr/3.4.4/../../../../avr/lib/avr5/libc.a(malloc.o)
                                  0x0 (size before relaxing)
                0x0080061b                __brkval
                0x0080061d                __flp
                0x0080061f                PROVIDE (__bss_end, .)
                0x00003d6a                __data_load_start = LOADADDR (.data)
                0x00003d9a                __data_load_end = (__data_load_start + SIZEOF (.data))

.noinit         0x0080061f        0x0
                0x0080061f                PROVIDE (__noinit_start, .)
 *(.noinit*)
                0x0080061f                PROVIDE (__noinit_end, .)
                0x0080061f                _end = .
                0x0080061f                PROVIDE (__heap_start, .)

.eeprom         0x00810000        0x0 load address 0x00003d9a
 *(.eeprom*)
                0x00810000                __eeprom_end = .

.stab           0x00000000     0x9708
 *(.stab)
 .stab          0x00000000      0x2a0 /opt/local/lib/gcc/avr/3.4.4/../../../../avr/lib/avr5/crtm32.o
 .stab          0x000002a0      0x468 /opt/local/avr/avrlib/buffer.o
                                0x474 (size before relaxing)
 .stab          0x00000708      0x888 /opt/local/avr/avrlib/uart.o
                                0x8b8 (size before relaxing)
 .stab          0x00000f90      0xb4c /opt/local/avr/avrlib/rprintf.o
                                0xce4 (size before relaxing)
 .stab          0x00001adc      0xd20 /opt/local/avr/avrlib/timer.o
                                0xf78 (size before relaxing)
 .stab          0x000027fc      0xa5c /opt/local/avr/avrlib/lcd.o
                                0xcb4 (size before relaxing)
 .stab          0x00003258     0x1524 gpstest.o
                               0x17d0 (size before relaxing)
 .stab          0x0000477c       0x78 /opt/local/lib/gcc/avr/3.4.4/../../../../avr/lib/avr5/libm.a(addsf3.o)
                                 0x84 (size before relaxing)
 .stab          0x000047f4      0x324 /opt/local/lib/gcc/avr/3.4.4/../../../../avr/lib/avr5/libm.a(addsf3x.o)
                                0x330 (size before relaxing)
 .stab          0x00004b18      0x1e0 /opt/local/lib/gcc/avr/3.4.4/../../../../avr/lib/avr5/libm.a(atan2.o)
                                0x1ec (size before relaxing)
 .stab          0x00004cf8       0x84 /opt/local/lib/gcc/avr/3.4.4/../../../../avr/lib/avr5/libm.a(cos.o)
                                 0x90 (size before relaxing)
 .stab          0x00004d7c       0xc0 /opt/local/lib/gcc/avr/3.4.4/../../../../avr/lib/avr5/libm.a(divsf3.o)
                                 0xcc (size before relaxing)
 .stab          0x00004e3c      0x360 /opt/local/lib/gcc/avr/3.4.4/../../../../avr/lib/avr5/libm.a(divsf3x.o)
                                0x36c (size before relaxing)
 .stab          0x0000519c      0x180 /opt/local/lib/gcc/avr/3.4.4/../../../../avr/lib/avr5/libm.a(fixsfsi.o)
                                0x18c (size before relaxing)
 .stab          0x0000531c       0xcc /opt/local/lib/gcc/avr/3.4.4/../../../../avr/lib/avr5/libm.a(floatsisf.o)
                                 0xd8 (size before relaxing)
 .stab          0x000053e8      0x120 /opt/local/lib/gcc/avr/3.4.4/../../../../avr/lib/avr5/libm.a(fmod.o)
                                0x12c (size before relaxing)
 .stab          0x00005508      0x21c /opt/local/lib/gcc/avr/3.4.4/../../../../avr/lib/avr5/libm.a(fp_cmp.o)
                                0x228 (size before relaxing)
 .stab          0x00005724      0x1a4 /opt/local/lib/gcc/avr/3.4.4/../../../../avr/lib/avr5/libm.a(fp_cosinus.o)
                                0x1b0 (size before relaxing)
 .stab          0x000058c8      0x198 /opt/local/lib/gcc/avr/3.4.4/../../../../avr/lib/avr5/libm.a(fp_merge.o)
                                0x1a4 (size before relaxing)
 .stab          0x00005a60       0x60 /opt/local/lib/gcc/avr/3.4.4/../../../../avr/lib/avr5/libm.a(fp_nan.o)
                                 0x6c (size before relaxing)
 .stab          0x00005ac0      0x3cc /opt/local/lib/gcc/avr/3.4.4/../../../../avr/lib/avr5/libm.a(fp_powerseries.o)
                                0x3d8 (size before relaxing)
 .stab          0x00005e8c      0x174 /opt/local/lib/gcc/avr/3.4.4/../../../../avr/lib/avr5/libm.a(fp_split.o)
                                0x180 (size before relaxing)
 .stab          0x00006000       0x78 /opt/local/lib/gcc/avr/3.4.4/../../../../avr/lib/avr5/libm.a(fp_zero.o)
                                 0x84 (size before relaxing)
 .stab          0x00006078      0x288 /opt/local/lib/gcc/avr/3.4.4/../../../../avr/lib/avr5/libm.a(modf.o)
                                0x294 (size before relaxing)
 .stab          0x00006300       0x90 /opt/local/lib/gcc/avr/3.4.4/../../../../avr/lib/avr5/libm.a(mulsf3.o)
                                 0x9c (size before relaxing)
 .stab          0x00006390      0x3c0 /opt/local/lib/gcc/avr/3.4.4/../../../../avr/lib/avr5/libm.a(mulsf3x.o)
                                0x3cc (size before relaxing)
 .stab          0x00006750      0x120 /opt/local/lib/gcc/avr/3.4.4/../../../../avr/lib/avr5/libm.a(sin.o)
                                0x12c (size before relaxing)
 .stab          0x00006870      0x378 /opt/local/lib/gcc/avr/3.4.4/../../../../avr/lib/avr5/libm.a(sqrt.o)
                                0x384 (size before relaxing)
 .stab          0x00006be8      0x8f4 /opt/local/lib/gcc/avr/3.4.4/../../../../avr/lib/avr5/libm.a(strtod.o)
                                0x900 (size before relaxing)
 .stab          0x000074dc      0x1d4 /opt/local/lib/gcc/avr/3.4.4/../../../../avr/lib/avr5/libm.a(atan.o)
                                0x1e0 (size before relaxing)
 .stab          0x000076b0       0x78 /opt/local/lib/gcc/avr/3.4.4/../../../../avr/lib/avr5/libm.a(fp_flashconst.o)
                                 0x84 (size before relaxing)
 .stab          0x00007728      0x228 /opt/local/lib/gcc/avr/3.4.4/../../../../avr/lib/avr5/libc.a(atoi.o)
                                0x234 (size before relaxing)
 .stab          0x00007950       0x9c /opt/local/lib/gcc/avr/3.4.4/../../../../avr/lib/avr5/libc.a(isalnum.o)
                                 0xa8 (size before relaxing)
 .stab          0x000079ec       0xb4 /opt/local/lib/gcc/avr/3.4.4/../../../../avr/lib/avr5/libc.a(isalpha.o)
                                 0xc0 (size before relaxing)
 .stab          0x00007aa0       0x90 /opt/local/lib/gcc/avr/3.4.4/../../../../avr/lib/avr5/libc.a(isdigit.o)
                                 0x9c (size before relaxing)
 .stab          0x00007b30       0xa8 /opt/local/lib/gcc/avr/3.4.4/../../../../avr/lib/avr5/libc.a(isxdigit.o)
                                 0xb4 (size before relaxing)
 .stab          0x00007bd8       0x78 /opt/local/lib/gcc/avr/3.4.4/../../../../avr/lib/avr5/libc.a(mul10.o)
                                 0x84 (size before relaxing)
 .stab          0x00007c50      0x288 /opt/local/lib/gcc/avr/3.4.4/../../../../avr/lib/avr5/libc.a(printf.o)
                                0x294 (size before relaxing)
 .stab          0x00007ed8       0xc0 /opt/local/lib/gcc/avr/3.4.4/../../../../avr/lib/avr5/libc.a(strncmp.o)
                                 0xcc (size before relaxing)
 .stab          0x00007f98       0xcc /opt/local/lib/gcc/avr/3.4.4/../../../../avr/lib/avr5/libc.a(strncpy.o)
                                 0xd8 (size before relaxing)
 .stab          0x00008064      0x7c8 /opt/local/lib/gcc/avr/3.4.4/../../../../avr/lib/avr5/libc.a(vfprintf_std.o)
                                0x8a0 (size before relaxing)
 .stab          0x0000882c       0x60 /opt/local/lib/gcc/avr/3.4.4/../../../../avr/lib/avr5/libc.a(cty_isfalse.o)
                                 0x6c (size before relaxing)
 .stab          0x0000888c      0x2a0 /opt/local/lib/gcc/avr/3.4.4/../../../../avr/lib/avr5/libc.a(fdevopen.o)
                                0x3e4 (size before relaxing)
 .stab          0x00008b2c      0x1ec /opt/local/lib/gcc/avr/3.4.4/../../../../avr/lib/avr5/libc.a(fputc.o)
                                0x2e8 (size before relaxing)
 .stab          0x00008d18       0x84 /opt/local/lib/gcc/avr/3.4.4/../../../../avr/lib/avr5/libc.a(strlen_P.o)
                                 0x90 (size before relaxing)
 .stab          0x00008d9c       0x9c /opt/local/lib/gcc/avr/3.4.4/../../../../avr/lib/avr5/libc.a(strnlen.o)
                                 0xa8 (size before relaxing)
 .stab          0x00008e38       0x9c /opt/local/lib/gcc/avr/3.4.4/../../../../avr/lib/avr5/libc.a(strnlen_P.o)
                                 0xa8 (size before relaxing)
 .stab          0x00008ed4      0x1bc /opt/local/lib/gcc/avr/3.4.4/../../../../avr/lib/avr5/libc.a(calloc.o)
                                0x1f8 (size before relaxing)
 .stab          0x00009090      0x60c /opt/local/lib/gcc/avr/3.4.4/../../../../avr/lib/avr5/libc.a(malloc.o)
                                0x6fc (size before relaxing)
 .stab          0x0000969c       0x6c /opt/local/lib/gcc/avr/3.4.4/../../../../avr/lib/avr5/libc.a(memset.o)
                                 0x78 (size before relaxing)

.stabstr        0x00000000     0x37d8
 *(.stabstr)
 .stabstr       0x00000000     0x37d8 /opt/local/lib/gcc/avr/3.4.4/../../../../avr/lib/avr5/crtm32.o
                                  0x0 (size before relaxing)

.stab.excl
 *(.stab.excl)

.stab.exclstr
 *(.stab.exclstr)

.stab.index
 *(.stab.index)

.stab.indexstr
 *(.stab.indexstr)

.comment
 *(.comment)

.debug
 *(.debug)

.line
 *(.line)

.debug_srcinfo
 *(.debug_srcinfo)

.debug_sfnames
 *(.debug_sfnames)

.debug_aranges
 *(.debug_aranges)

.debug_pubnames
 *(.debug_pubnames)

.debug_info
 *(.debug_info)
 *(.gnu.linkonce.wi.*)

.debug_abbrev
 *(.debug_abbrev)

.debug_line
 *(.debug_line)

.debug_frame
 *(.debug_frame)

.debug_str
 *(.debug_str)

.debug_loc
 *(.debug_loc)

.debug_macinfo
 *(.debug_macinfo)
OUTPUT(gpstest.elf elf32-avr)

Cross Reference Table

Symbol                                            File
LcdCustomChar                                     /opt/local/avr/avrlib/lcd.o
Timer0Reg0                                        /opt/local/avr/avrlib/timer.o
Timer2Reg0                                        /opt/local/avr/avrlib/timer.o
TimerPauseReg                                     /opt/local/avr/avrlib/timer.o
TimerPrescaleFactor                               /opt/local/avr/avrlib/timer.o
TimerRTCPrescaleFactor                            /opt/local/avr/avrlib/timer.o
__addsf3                                          /opt/local/lib/gcc/avr/3.4.4/../../../../avr/lib/avr5/libm.a(addsf3.o)
                                                  /opt/local/lib/gcc/avr/3.4.4/../../../../avr/lib/avr5/libm.a(atan.o)
                                                  /opt/local/lib/gcc/avr/3.4.4/../../../../avr/lib/avr5/libm.a(sin.o)
                                                  /opt/local/lib/gcc/avr/3.4.4/../../../../avr/lib/avr5/libm.a(modf.o)
                                                  /opt/local/lib/gcc/avr/3.4.4/../../../../avr/lib/avr5/libm.a(fp_cosinus.o)
                                                  /opt/local/lib/gcc/avr/3.4.4/../../../../avr/lib/avr5/libm.a(atan2.o)
                                                  gpstest.o
__addsf3x                                         /opt/local/lib/gcc/avr/3.4.4/../../../../avr/lib/avr5/libm.a(addsf3x.o)
                                                  /opt/local/lib/gcc/avr/3.4.4/../../../../avr/lib/avr5/libm.a(sqrt.o)
                                                  /opt/local/lib/gcc/avr/3.4.4/../../../../avr/lib/avr5/libm.a(fp_powerseries.o)
                                                  /opt/local/lib/gcc/avr/3.4.4/../../../../avr/lib/avr5/libm.a(addsf3.o)
__bad_interrupt                                   /opt/local/lib/gcc/avr/3.4.4/../../../../avr/lib/avr5/crtm32.o
__brkval                                          /opt/local/lib/gcc/avr/3.4.4/../../../../avr/lib/avr5/libc.a(malloc.o)
__bss_end                                         /opt/local/lib/gcc/avr/3.4.4/avr5/libgcc.a(_clear_bss.o)
__bss_start                                       /opt/local/lib/gcc/avr/3.4.4/avr5/libgcc.a(_clear_bss.o)
__cmpsf2                                          /opt/local/lib/gcc/avr/3.4.4/../../../../avr/lib/avr5/libm.a(fp_cmp.o)
__ctype_isfalse                                   /opt/local/lib/gcc/avr/3.4.4/../../../../avr/lib/avr5/libc.a(cty_isfalse.o)
                                                  /opt/local/lib/gcc/avr/3.4.4/../../../../avr/lib/avr5/libc.a(isxdigit.o)
                                                  /opt/local/lib/gcc/avr/3.4.4/../../../../avr/lib/avr5/libc.a(isdigit.o)
                                                  /opt/local/lib/gcc/avr/3.4.4/../../../../avr/lib/avr5/libc.a(isalpha.o)
                                                  /opt/local/lib/gcc/avr/3.4.4/../../../../avr/lib/avr5/libc.a(isalnum.o)
__ctype_istrue                                    /opt/local/lib/gcc/avr/3.4.4/../../../../avr/lib/avr5/libc.a(cty_isfalse.o)
                                                  /opt/local/lib/gcc/avr/3.4.4/../../../../avr/lib/avr5/libc.a(isalnum.o)
__data_end                                        /opt/local/lib/gcc/avr/3.4.4/avr5/libgcc.a(_copy_data.o)
__data_load_start                                 /opt/local/lib/gcc/avr/3.4.4/avr5/libgcc.a(_copy_data.o)
__data_start                                      /opt/local/lib/gcc/avr/3.4.4/avr5/libgcc.a(_copy_data.o)
__divmodsi4                                       /opt/local/lib/gcc/avr/3.4.4/avr5/libgcc.a(_divmodsi4.o)
                                                  /opt/local/avr/avrlib/timer.o
__divsf3                                          /opt/local/lib/gcc/avr/3.4.4/../../../../avr/lib/avr5/libm.a(divsf3.o)
                                                  /opt/local/lib/gcc/avr/3.4.4/../../../../avr/lib/avr5/libm.a(fmod.o)
                                                  /opt/local/lib/gcc/avr/3.4.4/../../../../avr/lib/avr5/libm.a(atan2.o)
                                                  gpstest.o
                                                  /opt/local/avr/avrlib/rprintf.o
__divsf3x                                         /opt/local/lib/gcc/avr/3.4.4/../../../../avr/lib/avr5/libm.a(divsf3x.o)
                                                  /opt/local/lib/gcc/avr/3.4.4/../../../../avr/lib/avr5/libm.a(sqrt.o)
                                                  /opt/local/lib/gcc/avr/3.4.4/../../../../avr/lib/avr5/libm.a(fp_powerseries.o)
                                                  /opt/local/lib/gcc/avr/3.4.4/../../../../avr/lib/avr5/libm.a(divsf3.o)
__do_clear_bss                                    /opt/local/lib/gcc/avr/3.4.4/avr5/libgcc.a(_clear_bss.o)
                                                  /opt/local/lib/gcc/avr/3.4.4/../../../../avr/lib/avr5/libc.a(malloc.o)
                                                  /opt/local/lib/gcc/avr/3.4.4/../../../../avr/lib/avr5/libc.a(calloc.o)
                                                  /opt/local/lib/gcc/avr/3.4.4/../../../../avr/lib/avr5/libc.a(fputc.o)
                                                  /opt/local/lib/gcc/avr/3.4.4/../../../../avr/lib/avr5/libc.a(fdevopen.o)
                                                  /opt/local/lib/gcc/avr/3.4.4/../../../../avr/lib/avr5/libc.a(vfprintf_std.o)
                                                  /opt/local/lib/gcc/avr/3.4.4/../../../../avr/lib/avr5/libc.a(printf.o)
                                                  gpstest.o
                                                  /opt/local/avr/avrlib/lcd.o
                                                  /opt/local/avr/avrlib/timer.o
                                                  /opt/local/avr/avrlib/rprintf.o
                                                  /opt/local/avr/avrlib/uart.o
                                                  /opt/local/avr/avrlib/buffer.o
__do_copy_data                                    /opt/local/lib/gcc/avr/3.4.4/avr5/libgcc.a(_copy_data.o)
                                                  /opt/local/lib/gcc/avr/3.4.4/../../../../avr/lib/avr5/libc.a(malloc.o)
                                                  /opt/local/lib/gcc/avr/3.4.4/../../../../avr/lib/avr5/libc.a(calloc.o)
                                                  /opt/local/lib/gcc/avr/3.4.4/../../../../avr/lib/avr5/libc.a(fputc.o)
                                                  /opt/local/lib/gcc/avr/3.4.4/../../../../avr/lib/avr5/libc.a(fdevopen.o)
                                                  /opt/local/lib/gcc/avr/3.4.4/../../../../avr/lib/avr5/libc.a(vfprintf_std.o)
                                                  /opt/local/lib/gcc/avr/3.4.4/../../../../avr/lib/avr5/libc.a(printf.o)
                                                  gpstest.o
                                                  /opt/local/avr/avrlib/lcd.o
                                                  /opt/local/avr/avrlib/timer.o
                                                  /opt/local/avr/avrlib/rprintf.o
                                                  /opt/local/avr/avrlib/uart.o
                                                  /opt/local/avr/avrlib/buffer.o
__epilogue_restores__                             /opt/local/lib/gcc/avr/3.4.4/avr5/libgcc.a(_epilogue.o)
                                                  /opt/local/lib/gcc/avr/3.4.4/../../../../avr/lib/avr5/libm.a(strtod.o)
__eqsf2                                           /opt/local/lib/gcc/avr/3.4.4/../../../../avr/lib/avr5/libm.a(fp_cmp.o)
                                                  /opt/local/avr/avrlib/rprintf.o
__fixsfsi                                         /opt/local/lib/gcc/avr/3.4.4/../../../../avr/lib/avr5/libm.a(fixsfsi.o)
                                                  /opt/local/lib/gcc/avr/3.4.4/../../../../avr/lib/avr5/libm.a(modf.o)
                                                  gpstest.o
__fixunssfsi                                      /opt/local/lib/gcc/avr/3.4.4/../../../../avr/lib/avr5/libm.a(fixsfsi.o)
                                                  /opt/local/avr/avrlib/rprintf.o
__floatsisf                                       /opt/local/lib/gcc/avr/3.4.4/../../../../avr/lib/avr5/libm.a(floatsisf.o)
                                                  /opt/local/lib/gcc/avr/3.4.4/../../../../avr/lib/avr5/libm.a(modf.o)
                                                  gpstest.o
                                                  /opt/local/avr/avrlib/rprintf.o
__floatunssisf                                    /opt/local/lib/gcc/avr/3.4.4/../../../../avr/lib/avr5/libm.a(floatsisf.o)
                                                  /opt/local/lib/gcc/avr/3.4.4/../../../../avr/lib/avr5/libm.a(strtod.o)
__flp                                             /opt/local/lib/gcc/avr/3.4.4/../../../../avr/lib/avr5/libc.a(malloc.o)
__fp_cosinus                                      /opt/local/lib/gcc/avr/3.4.4/../../../../avr/lib/avr5/libm.a(fp_cosinus.o)
                                                  /opt/local/lib/gcc/avr/3.4.4/../../../../avr/lib/avr5/libm.a(sin.o)
                                                  /opt/local/lib/gcc/avr/3.4.4/../../../../avr/lib/avr5/libm.a(cos.o)
__fp_flashconst                                   /opt/local/lib/gcc/avr/3.4.4/../../../../avr/lib/avr5/libm.a(fp_flashconst.o)
                                                  /opt/local/lib/gcc/avr/3.4.4/../../../../avr/lib/avr5/libm.a(strtod.o)
                                                  /opt/local/lib/gcc/avr/3.4.4/../../../../avr/lib/avr5/libm.a(fp_powerseries.o)
__fp_inverse                                      /opt/local/lib/gcc/avr/3.4.4/../../../../avr/lib/avr5/libm.a(divsf3.o)
                                                  /opt/local/lib/gcc/avr/3.4.4/../../../../avr/lib/avr5/libm.a(atan.o)
__fp_lneg                                         /opt/local/lib/gcc/avr/3.4.4/../../../../avr/lib/avr5/libm.a(fixsfsi.o)
                                                  /opt/local/lib/gcc/avr/3.4.4/../../../../avr/lib/avr5/libm.a(floatsisf.o)
__fp_merge                                        /opt/local/lib/gcc/avr/3.4.4/../../../../avr/lib/avr5/libm.a(fp_merge.o)
                                                  /opt/local/lib/gcc/avr/3.4.4/../../../../avr/lib/avr5/libm.a(sqrt.o)
                                                  /opt/local/lib/gcc/avr/3.4.4/../../../../avr/lib/avr5/libm.a(mulsf3.o)
                                                  /opt/local/lib/gcc/avr/3.4.4/../../../../avr/lib/avr5/libm.a(modf.o)
                                                  /opt/local/lib/gcc/avr/3.4.4/../../../../avr/lib/avr5/libm.a(fp_powerseries.o)
                                                  /opt/local/lib/gcc/avr/3.4.4/../../../../avr/lib/avr5/libm.a(floatsisf.o)
                                                  /opt/local/lib/gcc/avr/3.4.4/../../../../avr/lib/avr5/libm.a(divsf3.o)
                                                  /opt/local/lib/gcc/avr/3.4.4/../../../../avr/lib/avr5/libm.a(addsf3.o)
__fp_nan                                          /opt/local/lib/gcc/avr/3.4.4/../../../../avr/lib/avr5/libm.a(fp_nan.o)
                                                  /opt/local/lib/gcc/avr/3.4.4/../../../../avr/lib/avr5/libm.a(fp_split.o)
__fp_nanEDOM                                      /opt/local/lib/gcc/avr/3.4.4/../../../../avr/lib/avr5/libm.a(fp_nan.o)
                                                  /opt/local/lib/gcc/avr/3.4.4/../../../../avr/lib/avr5/libm.a(sqrt.o)
__fp_nanERANGE                                    /opt/local/lib/gcc/avr/3.4.4/../../../../avr/lib/avr5/libm.a(fp_nan.o)
                                                  /opt/local/lib/gcc/avr/3.4.4/../../../../avr/lib/avr5/libm.a(fmod.o)
                                                  /opt/local/lib/gcc/avr/3.4.4/../../../../avr/lib/avr5/libm.a(atan2.o)
__fp_nanx                                         /opt/local/lib/gcc/avr/3.4.4/../../../../avr/lib/avr5/libm.a(fp_nan.o)
                                                  /opt/local/lib/gcc/avr/3.4.4/../../../../avr/lib/avr5/libm.a(mulsf3x.o)
                                                  /opt/local/lib/gcc/avr/3.4.4/../../../../avr/lib/avr5/libm.a(divsf3x.o)
__fp_powerseries                                  /opt/local/lib/gcc/avr/3.4.4/../../../../avr/lib/avr5/libm.a(fp_powerseries.o)
                                                  /opt/local/lib/gcc/avr/3.4.4/../../../../avr/lib/avr5/libm.a(atan.o)
                                                  /opt/local/lib/gcc/avr/3.4.4/../../../../avr/lib/avr5/libm.a(fp_cosinus.o)
__fp_split1                                       /opt/local/lib/gcc/avr/3.4.4/../../../../avr/lib/avr5/libm.a(fp_split.o)
                                                  /opt/local/lib/gcc/avr/3.4.4/../../../../avr/lib/avr5/libm.a(sqrt.o)
                                                  /opt/local/lib/gcc/avr/3.4.4/../../../../avr/lib/avr5/libm.a(modf.o)
                                                  /opt/local/lib/gcc/avr/3.4.4/../../../../avr/lib/avr5/libm.a(fp_powerseries.o)
                                                  /opt/local/lib/gcc/avr/3.4.4/../../../../avr/lib/avr5/libm.a(fixsfsi.o)
__fp_split2                                       /opt/local/lib/gcc/avr/3.4.4/../../../../avr/lib/avr5/libm.a(fp_split.o)
                                                  /opt/local/lib/gcc/avr/3.4.4/../../../../avr/lib/avr5/libm.a(fp_cmp.o)
__fp_split3                                       /opt/local/lib/gcc/avr/3.4.4/../../../../avr/lib/avr5/libm.a(fp_split.o)
                                                  /opt/local/lib/gcc/avr/3.4.4/../../../../avr/lib/avr5/libm.a(mulsf3.o)
                                                  /opt/local/lib/gcc/avr/3.4.4/../../../../avr/lib/avr5/libm.a(divsf3.o)
                                                  /opt/local/lib/gcc/avr/3.4.4/../../../../avr/lib/avr5/libm.a(addsf3.o)
__fp_zero                                         /opt/local/lib/gcc/avr/3.4.4/../../../../avr/lib/avr5/libm.a(fp_zero.o)
                                                  /opt/local/lib/gcc/avr/3.4.4/../../../../avr/lib/avr5/libm.a(strtod.o)
                                                  /opt/local/lib/gcc/avr/3.4.4/../../../../avr/lib/avr5/libm.a(fp_merge.o)
                                                  /opt/local/lib/gcc/avr/3.4.4/../../../../avr/lib/avr5/libm.a(fixsfsi.o)
__fp_zerox                                        /opt/local/lib/gcc/avr/3.4.4/../../../../avr/lib/avr5/libm.a(fp_zero.o)
                                                  /opt/local/lib/gcc/avr/3.4.4/../../../../avr/lib/avr5/libm.a(mulsf3x.o)
                                                  /opt/local/lib/gcc/avr/3.4.4/../../../../avr/lib/avr5/libm.a(divsf3x.o)
                                                  /opt/local/lib/gcc/avr/3.4.4/../../../../avr/lib/avr5/libm.a(addsf3x.o)
__gesf2                                           /opt/local/lib/gcc/avr/3.4.4/../../../../avr/lib/avr5/libm.a(fp_cmp.o)
__gtsf2                                           /opt/local/lib/gcc/avr/3.4.4/../../../../avr/lib/avr5/libm.a(fp_cmp.o)
                                                  /opt/local/avr/avrlib/rprintf.o
__heap_end                                        /opt/local/lib/gcc/avr/3.4.4/../../../../avr/lib/avr5/crtm32.o
                                                  /opt/local/lib/gcc/avr/3.4.4/../../../../avr/lib/avr5/libc.a(malloc.o)
__heap_start                                      /opt/local/lib/gcc/avr/3.4.4/../../../../avr/lib/avr5/libc.a(malloc.o)
__init                                            /opt/local/lib/gcc/avr/3.4.4/../../../../avr/lib/avr5/crtm32.o
__iob                                             /opt/local/lib/gcc/avr/3.4.4/../../../../avr/lib/avr5/libc.a(fdevopen.o)
                                                  /opt/local/lib/gcc/avr/3.4.4/../../../../avr/lib/avr5/libc.a(printf.o)
__lesf2                                           /opt/local/lib/gcc/avr/3.4.4/../../../../avr/lib/avr5/libm.a(fp_cmp.o)
__ltsf2                                           /opt/local/lib/gcc/avr/3.4.4/../../../../avr/lib/avr5/libm.a(fp_cmp.o)
                                                  /opt/local/avr/avrlib/rprintf.o
__malloc_heap_end                                 /opt/local/lib/gcc/avr/3.4.4/../../../../avr/lib/avr5/libc.a(malloc.o)
__malloc_heap_start                               /opt/local/lib/gcc/avr/3.4.4/../../../../avr/lib/avr5/libc.a(malloc.o)
__malloc_margin                                   /opt/local/lib/gcc/avr/3.4.4/../../../../avr/lib/avr5/libc.a(malloc.o)
__mulhi_const_10                                  /opt/local/lib/gcc/avr/3.4.4/../../../../avr/lib/avr5/libc.a(mul10.o)
                                                  /opt/local/lib/gcc/avr/3.4.4/../../../../avr/lib/avr5/libc.a(atoi.o)
                                                  /opt/local/lib/gcc/avr/3.4.4/../../../../avr/lib/avr5/libm.a(strtod.o)
__mulsf3                                          /opt/local/lib/gcc/avr/3.4.4/../../../../avr/lib/avr5/libm.a(mulsf3.o)
                                                  /opt/local/lib/gcc/avr/3.4.4/../../../../avr/lib/avr5/libm.a(atan.o)
                                                  /opt/local/lib/gcc/avr/3.4.4/../../../../avr/lib/avr5/libm.a(strtod.o)
                                                  /opt/local/lib/gcc/avr/3.4.4/../../../../avr/lib/avr5/libm.a(fmod.o)
                                                  gpstest.o
                                                  /opt/local/avr/avrlib/rprintf.o
__mulsf3x                                         /opt/local/lib/gcc/avr/3.4.4/../../../../avr/lib/avr5/libm.a(mulsf3x.o)
                                                  /opt/local/lib/gcc/avr/3.4.4/../../../../avr/lib/avr5/libm.a(mulsf3.o)
                                                  /opt/local/lib/gcc/avr/3.4.4/../../../../avr/lib/avr5/libm.a(fp_powerseries.o)
__mulsi3                                          /opt/local/lib/gcc/avr/3.4.4/avr5/libgcc.a(_mulsi3.o)
                                                  /opt/local/lib/gcc/avr/3.4.4/../../../../avr/lib/avr5/libm.a(strtod.o)
                                                  /opt/local/avr/avrlib/timer.o
__nesf2                                           /opt/local/lib/gcc/avr/3.4.4/../../../../avr/lib/avr5/libm.a(fp_cmp.o)
__prologue_saves__                                /opt/local/lib/gcc/avr/3.4.4/avr5/libgcc.a(_prologue.o)
                                                  /opt/local/lib/gcc/avr/3.4.4/../../../../avr/lib/avr5/libm.a(strtod.o)
__stack                                           /opt/local/lib/gcc/avr/3.4.4/../../../../avr/lib/avr5/crtm32.o
                                                  gpstest.o
__subsf3                                          /opt/local/lib/gcc/avr/3.4.4/../../../../avr/lib/avr5/libm.a(addsf3.o)
                                                  gpstest.o
                                                  /opt/local/avr/avrlib/rprintf.o
__udivmodhi4                                      /opt/local/lib/gcc/avr/3.4.4/avr5/libgcc.a(_udivmodhi4.o)
                                                  /opt/local/avr/avrlib/lcd.o
                                                  /opt/local/avr/avrlib/timer.o
                                                  /opt/local/avr/avrlib/rprintf.o
                                                  /opt/local/avr/avrlib/buffer.o
__udivmodsi4                                      /opt/local/lib/gcc/avr/3.4.4/avr5/libgcc.a(_udivmodsi4.o)
                                                  /opt/local/lib/gcc/avr/3.4.4/../../../../avr/lib/avr5/libc.a(vfprintf_std.o)
                                                  /opt/local/lib/gcc/avr/3.4.4/avr5/libgcc.a(_divmodsi4.o)
                                                  /opt/local/avr/avrlib/lcd.o
                                                  /opt/local/avr/avrlib/timer.o
                                                  /opt/local/avr/avrlib/rprintf.o
                                                  /opt/local/avr/avrlib/uart.o
__vector_1                                        /opt/local/lib/gcc/avr/3.4.4/../../../../avr/lib/avr5/crtm32.o
__vector_10                                       /opt/local/avr/avrlib/timer.o
                                                  /opt/local/lib/gcc/avr/3.4.4/../../../../avr/lib/avr5/crtm32.o
__vector_11                                       /opt/local/avr/avrlib/timer.o
                                                  /opt/local/lib/gcc/avr/3.4.4/../../../../avr/lib/avr5/crtm32.o
__vector_12                                       /opt/local/lib/gcc/avr/3.4.4/../../../../avr/lib/avr5/crtm32.o
__vector_13                                       /opt/local/avr/avrlib/uart.o
                                                  /opt/local/lib/gcc/avr/3.4.4/../../../../avr/lib/avr5/crtm32.o
__vector_14                                       /opt/local/lib/gcc/avr/3.4.4/../../../../avr/lib/avr5/crtm32.o
__vector_15                                       /opt/local/avr/avrlib/uart.o
                                                  /opt/local/lib/gcc/avr/3.4.4/../../../../avr/lib/avr5/crtm32.o
__vector_16                                       /opt/local/lib/gcc/avr/3.4.4/../../../../avr/lib/avr5/crtm32.o
__vector_17                                       /opt/local/lib/gcc/avr/3.4.4/../../../../avr/lib/avr5/crtm32.o
__vector_18                                       /opt/local/lib/gcc/avr/3.4.4/../../../../avr/lib/avr5/crtm32.o
__vector_19                                       /opt/local/lib/gcc/avr/3.4.4/../../../../avr/lib/avr5/crtm32.o
__vector_2                                        /opt/local/lib/gcc/avr/3.4.4/../../../../avr/lib/avr5/crtm32.o
__vector_20                                       /opt/local/lib/gcc/avr/3.4.4/../../../../avr/lib/avr5/crtm32.o
__vector_3                                        /opt/local/lib/gcc/avr/3.4.4/../../../../avr/lib/avr5/crtm32.o
__vector_4                                        /opt/local/avr/avrlib/timer.o
                                                  /opt/local/lib/gcc/avr/3.4.4/../../../../avr/lib/avr5/crtm32.o
__vector_5                                        /opt/local/avr/avrlib/timer.o
                                                  /opt/local/lib/gcc/avr/3.4.4/../../../../avr/lib/avr5/crtm32.o
__vector_6                                        /opt/local/avr/avrlib/timer.o
                                                  /opt/local/lib/gcc/avr/3.4.4/../../../../avr/lib/avr5/crtm32.o
__vector_7                                        /opt/local/avr/avrlib/timer.o
                                                  /opt/local/lib/gcc/avr/3.4.4/../../../../avr/lib/avr5/crtm32.o
__vector_8                                        /opt/local/avr/avrlib/timer.o
                                                  /opt/local/lib/gcc/avr/3.4.4/../../../../avr/lib/avr5/crtm32.o
__vector_9                                        /opt/local/avr/avrlib/timer.o
                                                  /opt/local/lib/gcc/avr/3.4.4/../../../../avr/lib/avr5/crtm32.o
__vector_default                                  /opt/local/lib/gcc/avr/3.4.4/../../../../avr/lib/avr5/crtm32.o
__vectors                                         /opt/local/lib/gcc/avr/3.4.4/../../../../avr/lib/avr5/crtm32.o
addToBuffer                                       gpstest.o
atan                                              /opt/local/lib/gcc/avr/3.4.4/../../../../avr/lib/avr5/libm.a(atan.o)
                                                  /opt/local/lib/gcc/avr/3.4.4/../../../../avr/lib/avr5/libm.a(atan2.o)
atan2                                             /opt/local/lib/gcc/avr/3.4.4/../../../../avr/lib/avr5/libm.a(atan2.o)
                                                  gpstest.o
atof                                              /opt/local/lib/gcc/avr/3.4.4/../../../../avr/lib/avr5/libm.a(strtod.o)
                                                  gpstest.o
atoi                                              /opt/local/lib/gcc/avr/3.4.4/../../../../avr/lib/avr5/libc.a(atoi.o)
                                                  gpstest.o
bearing                                           gpstest.o
bufferAddToEnd                                    /opt/local/avr/avrlib/buffer.o
                                                  gpstest.o
                                                  /opt/local/avr/avrlib/uart.o
bufferDumpFromFront                               /opt/local/avr/avrlib/buffer.o
bufferFlush                                       /opt/local/avr/avrlib/buffer.o
bufferGetAtIndex                                  /opt/local/avr/avrlib/buffer.o
bufferGetFromFront                                /opt/local/avr/avrlib/buffer.o
                                                  gpstest.o
                                                  /opt/local/avr/avrlib/uart.o
bufferInit                                        /opt/local/avr/avrlib/buffer.o
                                                  gpstest.o
                                                  /opt/local/avr/avrlib/uart.o
bufferIsNotFull                                   /opt/local/avr/avrlib/buffer.o
calloc                                            /opt/local/lib/gcc/avr/3.4.4/../../../../avr/lib/avr5/libc.a(calloc.o)
                                                  /opt/local/lib/gcc/avr/3.4.4/../../../../avr/lib/avr5/libc.a(fdevopen.o)
cos                                               /opt/local/lib/gcc/avr/3.4.4/../../../../avr/lib/avr5/libm.a(cos.o)
                                                  gpstest.o
delay_us                                          /opt/local/avr/avrlib/timer.o
                                                  /opt/local/avr/avrlib/lcd.o
dist                                              gpstest.o
fdevopen                                          /opt/local/lib/gcc/avr/3.4.4/../../../../avr/lib/avr5/libc.a(fdevopen.o)
fmod                                              /opt/local/lib/gcc/avr/3.4.4/../../../../avr/lib/avr5/libm.a(fmod.o)
                                                  /opt/local/lib/gcc/avr/3.4.4/../../../../avr/lib/avr5/libm.a(sin.o)
                                                  /opt/local/lib/gcc/avr/3.4.4/../../../../avr/lib/avr5/libm.a(cos.o)
fputc                                             /opt/local/lib/gcc/avr/3.4.4/../../../../avr/lib/avr5/libc.a(fputc.o)
                                                  /opt/local/lib/gcc/avr/3.4.4/../../../../avr/lib/avr5/libc.a(vfprintf_std.o)
free                                              /opt/local/lib/gcc/avr/3.4.4/../../../../avr/lib/avr5/libc.a(malloc.o)
isalnum                                           /opt/local/lib/gcc/avr/3.4.4/../../../../avr/lib/avr5/libc.a(isalnum.o)
                                                  gpstest.o
isalpha                                           /opt/local/lib/gcc/avr/3.4.4/../../../../avr/lib/avr5/libc.a(isalpha.o)
                                                  /opt/local/lib/gcc/avr/3.4.4/../../../../avr/lib/avr5/libc.a(isalnum.o)
isdigit                                           /opt/local/lib/gcc/avr/3.4.4/../../../../avr/lib/avr5/libc.a(isdigit.o)
                                                  /opt/local/lib/gcc/avr/3.4.4/../../../../avr/lib/avr5/libc.a(isxdigit.o)
                                                  /opt/local/lib/gcc/avr/3.4.4/../../../../avr/lib/avr5/libc.a(isalnum.o)
islower                                           /opt/local/lib/gcc/avr/3.4.4/../../../../avr/lib/avr5/libc.a(isalpha.o)
isupper                                           /opt/local/lib/gcc/avr/3.4.4/../../../../avr/lib/avr5/libc.a(isalpha.o)
isxdigit                                          /opt/local/lib/gcc/avr/3.4.4/../../../../avr/lib/avr5/libc.a(isxdigit.o)
                                                  gpstest.o
lcdBusyWait                                       /opt/local/avr/avrlib/lcd.o
lcdClear                                          /opt/local/avr/avrlib/lcd.o
lcdControlRead                                    /opt/local/avr/avrlib/lcd.o
lcdControlWrite                                   /opt/local/avr/avrlib/lcd.o
lcdDataRead                                       /opt/local/avr/avrlib/lcd.o
lcdDataWrite                                      /opt/local/avr/avrlib/lcd.o
lcdGotoXY                                         /opt/local/avr/avrlib/lcd.o
lcdHome                                           /opt/local/avr/avrlib/lcd.o
lcdInit                                           /opt/local/avr/avrlib/lcd.o
lcdInitHW                                         /opt/local/avr/avrlib/lcd.o
lcdLoadCustomChar                                 /opt/local/avr/avrlib/lcd.o
lcdPrintData                                      /opt/local/avr/avrlib/lcd.o
lcdProgressBar                                    /opt/local/avr/avrlib/lcd.o
main                                              gpstest.o
                                                  /opt/local/lib/gcc/avr/3.4.4/../../../../avr/lib/avr5/crtm32.o
malloc                                            /opt/local/lib/gcc/avr/3.4.4/../../../../avr/lib/avr5/libc.a(malloc.o)
                                                  /opt/local/lib/gcc/avr/3.4.4/../../../../avr/lib/avr5/libc.a(calloc.o)
memset                                            /opt/local/lib/gcc/avr/3.4.4/../../../../avr/lib/avr5/libc.a(memset.o)
                                                  /opt/local/lib/gcc/avr/3.4.4/../../../../avr/lib/avr5/libc.a(calloc.o)
modf                                              /opt/local/lib/gcc/avr/3.4.4/../../../../avr/lib/avr5/libm.a(modf.o)
                                                  /opt/local/lib/gcc/avr/3.4.4/../../../../avr/lib/avr5/libm.a(fmod.o)
nmeap_addParser                                   gpstest.o
nmeap_altitude                                    gpstest.o
nmeap_gpgga                                       gpstest.o
nmeap_gprmc                                       gpstest.o
nmeap_init                                        gpstest.o
nmeap_latitude                                    gpstest.o
nmeap_longitude                                   gpstest.o
nmeap_parse                                       gpstest.o
nmeap_parseBuffer                                 gpstest.o
nmeap_process                                     gpstest.o
nmeap_tokenize                                    gpstest.o
printf                                            /opt/local/lib/gcc/avr/3.4.4/../../../../avr/lib/avr5/libc.a(printf.o)
                                                  gpstest.o
rprintf1RamRom                                    /opt/local/avr/avrlib/rprintf.o
                                                  gpstest.o
rprintfCRLF                                       /opt/local/avr/avrlib/rprintf.o
rprintfChar                                       /opt/local/avr/avrlib/rprintf.o
rprintfFloat                                      /opt/local/avr/avrlib/rprintf.o
                                                  gpstest.o
rprintfInit                                       /opt/local/avr/avrlib/rprintf.o
                                                  gpstest.o
rprintfNum                                        /opt/local/avr/avrlib/rprintf.o
rprintfProgStr                                    /opt/local/avr/avrlib/rprintf.o
rprintfStr                                        /opt/local/avr/avrlib/rprintf.o
rprintfStrLen                                     /opt/local/avr/avrlib/rprintf.o
rprintfu04                                        /opt/local/avr/avrlib/rprintf.o
rprintfu08                                        /opt/local/avr/avrlib/rprintf.o
rprintfu16                                        /opt/local/avr/avrlib/rprintf.o
rprintfu32                                        /opt/local/avr/avrlib/rprintf.o
sin                                               /opt/local/lib/gcc/avr/3.4.4/../../../../avr/lib/avr5/libm.a(sin.o)
                                                  gpstest.o
sqrt                                              /opt/local/lib/gcc/avr/3.4.4/../../../../avr/lib/avr5/libm.a(sqrt.o)
                                                  gpstest.o
square                                            /opt/local/lib/gcc/avr/3.4.4/../../../../avr/lib/avr5/libm.a(mulsf3.o)
                                                  /opt/local/lib/gcc/avr/3.4.4/../../../../avr/lib/avr5/libm.a(atan.o)
                                                  /opt/local/lib/gcc/avr/3.4.4/../../../../avr/lib/avr5/libm.a(fp_cosinus.o)
strlen_P                                          /opt/local/lib/gcc/avr/3.4.4/../../../../avr/lib/avr5/libc.a(strlen_P.o)
                                                  /opt/local/lib/gcc/avr/3.4.4/../../../../avr/lib/avr5/libc.a(vfprintf_std.o)
strncmp                                           /opt/local/lib/gcc/avr/3.4.4/../../../../avr/lib/avr5/libc.a(strncmp.o)
                                                  gpstest.o
strncpy                                           /opt/local/lib/gcc/avr/3.4.4/../../../../avr/lib/avr5/libc.a(strncpy.o)
                                                  gpstest.o
strnlen                                           /opt/local/lib/gcc/avr/3.4.4/../../../../avr/lib/avr5/libc.a(strnlen.o)
                                                  /opt/local/lib/gcc/avr/3.4.4/../../../../avr/lib/avr5/libc.a(vfprintf_std.o)
strnlen_P                                         /opt/local/lib/gcc/avr/3.4.4/../../../../avr/lib/avr5/libc.a(strnlen_P.o)
                                                  /opt/local/lib/gcc/avr/3.4.4/../../../../avr/lib/avr5/libc.a(vfprintf_std.o)
strtod                                            /opt/local/lib/gcc/avr/3.4.4/../../../../avr/lib/avr5/libm.a(strtod.o)
timer0ClearOverflowCount                          /opt/local/avr/avrlib/timer.o
timer0GetOverflowCount                            /opt/local/avr/avrlib/timer.o
timer0GetPrescaler                                /opt/local/avr/avrlib/timer.o
timer0Init                                        /opt/local/avr/avrlib/timer.o
timer0SetPrescaler                                /opt/local/avr/avrlib/timer.o
timer1GetPrescaler                                /opt/local/avr/avrlib/timer.o
timer1Init                                        /opt/local/avr/avrlib/timer.o
timer1PWMAOff                                     /opt/local/avr/avrlib/timer.o
timer1PWMAOn                                      /opt/local/avr/avrlib/timer.o
timer1PWMASet                                     /opt/local/avr/avrlib/timer.o
timer1PWMBOff                                     /opt/local/avr/avrlib/timer.o
timer1PWMBOn                                      /opt/local/avr/avrlib/timer.o
timer1PWMBSet                                     /opt/local/avr/avrlib/timer.o
timer1PWMInit                                     /opt/local/avr/avrlib/timer.o
timer1PWMInitICR                                  /opt/local/avr/avrlib/timer.o
timer1PWMOff                                      /opt/local/avr/avrlib/timer.o
timer1SetPrescaler                                /opt/local/avr/avrlib/timer.o
timer2ClearOverflowCount                          /opt/local/avr/avrlib/timer.o
timer2GetOverflowCount                            /opt/local/avr/avrlib/timer.o
timer2GetPrescaler                                /opt/local/avr/avrlib/timer.o
timer2Init                                        /opt/local/avr/avrlib/timer.o
timer2SetPrescaler                                /opt/local/avr/avrlib/timer.o
timerAttach                                       /opt/local/avr/avrlib/timer.o
timerDetach                                       /opt/local/avr/avrlib/timer.o
timerInit                                         /opt/local/avr/avrlib/timer.o
                                                  gpstest.o
timerPause                                        /opt/local/avr/avrlib/timer.o
uartAddToTxBuffer                                 /opt/local/avr/avrlib/uart.o
uartBufferedTx                                    /opt/local/avr/avrlib/uart.o
uartFlushReceiveBuffer                            /opt/local/avr/avrlib/uart.o
uartGetByte                                       /opt/local/avr/avrlib/uart.o
uartGetRxBuffer                                   /opt/local/avr/avrlib/uart.o
uartGetTxBuffer                                   /opt/local/avr/avrlib/uart.o
uartInit                                          /opt/local/avr/avrlib/uart.o
                                                  gpstest.o
uartInitBuffers                                   /opt/local/avr/avrlib/uart.o
uartReadyTx                                       /opt/local/avr/avrlib/uart.o
uartReceiveBufferIsEmpty                          /opt/local/avr/avrlib/uart.o
uartReceiveByte                                   /opt/local/avr/avrlib/uart.o
uartRxBuffer                                      /opt/local/avr/avrlib/uart.o
uartRxOverflow                                    /opt/local/avr/avrlib/uart.o
uartSendByte                                      /opt/local/avr/avrlib/uart.o
                                                  gpstest.o
uartSendTxBuffer                                  /opt/local/avr/avrlib/uart.o
uartSetBaudRate                                   /opt/local/avr/avrlib/uart.o
                                                  gpstest.o
uartSetRxHandler                                  /opt/local/avr/avrlib/uart.o
                                                  gpstest.o
uartTxBuffer                                      /opt/local/avr/avrlib/uart.o
vfprintf                                          /opt/local/lib/gcc/avr/3.4.4/../../../../avr/lib/avr5/libc.a(vfprintf_std.o)
                                                  /opt/local/lib/gcc/avr/3.4.4/../../../../avr/lib/avr5/libc.a(printf.o)
