Archive member included because of file (symbol)

/opt/local/lib/gcc/avr/4.0.2/avr5/libgcc.a(_mulsi3.o)
                              /opt/local/avr/sixcode//timer.o (__mulsi3)
/opt/local/lib/gcc/avr/4.0.2/avr5/libgcc.a(_udivmodhi4.o)
                              /opt/local/avr/sixcode//buffer.o (__udivmodhi4)
/opt/local/lib/gcc/avr/4.0.2/avr5/libgcc.a(_divmodhi4.o)
                              /opt/local/avr/sixcode//i2c.o (__divmodhi4)
/opt/local/lib/gcc/avr/4.0.2/avr5/libgcc.a(_udivmodsi4.o)
                              /opt/local/avr/sixcode//uart.o (__udivmodsi4)
/opt/local/lib/gcc/avr/4.0.2/avr5/libgcc.a(_divmodsi4.o)
                              /opt/local/avr/sixcode//timer.o (__divmodsi4)
/opt/local/lib/gcc/avr/4.0.2/avr5/libgcc.a(_exit.o)
                              cmdlinetest.o (exit)
/opt/local/lib/gcc/avr/4.0.2/avr5/libgcc.a(_copy_data.o)
                              /opt/local/avr/sixcode//buffer.o (__do_copy_data)
/opt/local/lib/gcc/avr/4.0.2/avr5/libgcc.a(_clear_bss.o)
                              /opt/local/avr/sixcode//buffer.o (__do_clear_bss)
/opt/local/lib/gcc/avr/4.0.2/../../../../avr/lib/avr5/libc.a(strtol.o)
                              /opt/local/avr/sixcode//cmdline.o (strtol)
/opt/local/lib/gcc/avr/4.0.2/../../../../avr/lib/avr5/libc.a(isspace.o)
                              /opt/local/lib/gcc/avr/4.0.2/../../../../avr/lib/avr5/libc.a(strtol.o) (isspace)
/opt/local/lib/gcc/avr/4.0.2/../../../../avr/lib/avr5/libc.a(strcpy.o)
                              /opt/local/avr/sixcode//cmdline.o (strcpy)
/opt/local/lib/gcc/avr/4.0.2/../../../../avr/lib/avr5/libc.a(strncmp.o)
                              /opt/local/avr/sixcode//cmdline.o (strncmp)
/opt/local/lib/gcc/avr/4.0.2/../../../../avr/lib/avr5/libc.a(errno.o)
                              /opt/local/lib/gcc/avr/4.0.2/../../../../avr/lib/avr5/libc.a(strtol.o) (errno)
/opt/local/lib/gcc/avr/4.0.2/../../../../avr/lib/avr5/libc.a(cty_isfalse.o)
                              /opt/local/lib/gcc/avr/4.0.2/../../../../avr/lib/avr5/libc.a(isspace.o) (__ctype_isfalse)

Allocating common symbols
Common symbol       size              file

uartReadyTx         0x1               /opt/local/avr/sixcode//uart.o
ServoChannel        0x1               /opt/local/avr/sixcode//servo.o
ServoChannels       0x14              /opt/local/avr/sixcode//servo.o
camPanServoPos      0x1               cmdlinetest.o
Run                 0x1               cmdlinetest.o
CmdlineBufferLength
                    0x1               /opt/local/avr/sixcode//cmdline.o
errno               0x2               /opt/local/lib/gcc/avr/4.0.2/../../../../avr/lib/avr5/libc.a(errno.o)
camTiltServoPos     0x1               cmdlinetest.o
rightServoPos       0x1               cmdlinetest.o
CmdlineExecFunction
                    0x2               /opt/local/avr/sixcode//cmdline.o
ServoPosTics        0x2               /opt/local/avr/sixcode//servo.o
Timer0Reg0          0x4               /opt/local/avr/sixcode//timer.o
uartRxBuffer        0x8               /opt/local/avr/sixcode//uart.o
TimerPauseReg       0x4               /opt/local/avr/sixcode//timer.o
CmdlineNumCommands  0x1               /opt/local/avr/sixcode//cmdline.o
Timer2Reg0          0x4               /opt/local/avr/sixcode//timer.o
ServoPeriodTics     0x2               /opt/local/avr/sixcode//servo.o
CmdlineInputVT100State
                    0x1               /opt/local/avr/sixcode//cmdline.o
throttleServoPos    0x1               cmdlinetest.o
CmdlineBufferEditPos
                    0x1               /opt/local/avr/sixcode//cmdline.o
uartBufferedTx      0x1               /opt/local/avr/sixcode//uart.o
a2dCompleteFlag     0x1               /opt/local/avr/sixcode//a2d.o
CmdlineBuffer       0x50              /opt/local/avr/sixcode//cmdline.o
CmdlineHistory      0x50              /opt/local/avr/sixcode//cmdline.o
uartTxBuffer        0x8               /opt/local/avr/sixcode//uart.o
uartRxOverflow      0x2               /opt/local/avr/sixcode//uart.o

Memory Configuration

Name             Origin             Length             Attributes
text             0x00000000         0x00020000         xr
data             0x00800060         0x0000ffa0         rw !x
eeprom           0x00810000         0x00010000         rw !x
*default*        0x00000000         0xffffffff

Linker script and memory map

LOAD /opt/local/lib/gcc/avr/4.0.2/../../../../avr/lib/avr5/crtm32.o
LOAD /opt/local/avr/sixcode//buffer.o
LOAD /opt/local/avr/sixcode//uart.o
LOAD /opt/local/avr/sixcode//rprintf.o
LOAD /opt/local/avr/sixcode//timer.o
LOAD /opt/local/avr/sixcode//a2d.o
LOAD /opt/local/avr/sixcode//vt100.o
LOAD /opt/local/avr/sixcode//servo.o
LOAD /opt/local/avr/sixcode//i2c.o
LOAD /opt/local/avr/sixcode//cmdline.o
LOAD cmdlinetest.o
LOAD /opt/local/lib/gcc/avr/4.0.2/avr5/libgcc.a
LOAD /opt/local/lib/gcc/avr/4.0.2/../../../../avr/lib/avr5/libc.a
LOAD /opt/local/lib/gcc/avr/4.0.2/avr5/libgcc.a

.hash
 *(.hash)

.dynsym
 *(.dynsym)

.dynstr
 *(.dynstr)

.gnu.version
 *(.gnu.version)

.gnu.version_d
 *(.gnu.version_d)

.gnu.version_r
 *(.gnu.version_r)

.rel.init
 *(.rel.init)

.rela.init
 *(.rela.init)

.rel.text
 *(.rel.text)
 *(.rel.text.*)
 *(.rel.gnu.linkonce.t*)

.rela.text
 *(.rela.text)
 *(.rela.text.*)
 *(.rela.gnu.linkonce.t*)

.rel.fini
 *(.rel.fini)

.rela.fini
 *(.rela.fini)

.rel.rodata
 *(.rel.rodata)
 *(.rel.rodata.*)
 *(.rel.gnu.linkonce.r*)

.rela.rodata
 *(.rela.rodata)
 *(.rela.rodata.*)
 *(.rela.gnu.linkonce.r*)

.rel.data
 *(.rel.data)
 *(.rel.data.*)
 *(.rel.gnu.linkonce.d*)

.rela.data
 *(.rela.data)
 *(.rela.data.*)
 *(.rela.gnu.linkonce.d*)

.rel.ctors
 *(.rel.ctors)

.rela.ctors
 *(.rela.ctors)

.rel.dtors
 *(.rel.dtors)

.rela.dtors
 *(.rela.dtors)

.rel.got
 *(.rel.got)

.rela.got
 *(.rela.got)

.rel.bss
 *(.rel.bss)

.rela.bss
 *(.rela.bss)

.rel.plt
 *(.rel.plt)

.rela.plt
 *(.rela.plt)

.text           0x00000000     0x29d8
 *(.vectors)
 .vectors       0x00000000       0x54 /opt/local/lib/gcc/avr/4.0.2/../../../../avr/lib/avr5/crtm32.o
                0x00000000                __vectors
                0x00000000                __vector_default
                0x00000054                __ctors_start = .
 *(.ctors)
                0x00000054                __ctors_end = .
                0x00000054                __dtors_start = .
 *(.dtors)
                0x00000054                __dtors_end = .
 *(.progmem.gcc*)
 *(.progmem*)
 .progmem.data  0x00000054       0x11 /opt/local/avr/sixcode//rprintf.o
 .progmem.data  0x00000065       0x1c /opt/local/avr/sixcode//timer.o
                0x00000065                TimerRTCPrescaleFactor
                0x00000075                TimerPrescaleFactor
 .progmem.data  0x00000081       0x25 /opt/local/avr/sixcode//vt100.o
 .progmem.data  0x000000a6        0x8 /opt/local/avr/sixcode//cmdline.o
                0x000000a6                CmdlineCmdNotFound
                0x000000ac                CmdlineNotice
                0x000000ad                CmdlinePrompt
 .progmem.data  0x000000ae      0x241 cmdlinetest.o
                0x000002f0                . = ALIGN (0x2)
 *fill*         0x000002ef        0x1 00
 *(.init0)
 *(.init1)
 *(.init2)
 .init2         0x000002f0        0xc /opt/local/lib/gcc/avr/4.0.2/../../../../avr/lib/avr5/crtm32.o
 *(.init3)
 *(.init4)
 .init4         0x000002fc       0x16 /opt/local/lib/gcc/avr/4.0.2/avr5/libgcc.a(_copy_data.o)
                0x000002fc                __do_copy_data
 .init4         0x00000312       0x10 /opt/local/lib/gcc/avr/4.0.2/avr5/libgcc.a(_clear_bss.o)
                0x00000312                __do_clear_bss
 *(.init5)
 *(.init6)
 *(.init7)
 *(.init8)
 *(.init9)
 .init9         0x00000322        0x4 /opt/local/lib/gcc/avr/4.0.2/../../../../avr/lib/avr5/crtm32.o
 *(.text)
 .text          0x00000326        0x4 /opt/local/lib/gcc/avr/4.0.2/../../../../avr/lib/avr5/crtm32.o
                0x00000326                __vector_1
                0x00000326                __vector_12
                0x00000326                __bad_interrupt
                0x00000326                __vector_3
                0x00000326                __vector_17
                0x00000326                __vector_2
                0x00000326                __vector_14
                0x00000326                __vector_18
                0x00000326                __vector_20
 .text          0x0000032a      0x15a /opt/local/avr/sixcode//buffer.o
                0x00000460                bufferIsNotFull
                0x00000344                bufferGetFromFront
                0x000003e4                bufferGetAtIndex
                0x000003a0                bufferDumpFromFront
                0x0000032a                bufferInit
                0x0000040e                bufferAddToEnd
                0x00000476                bufferFlush
 .text          0x00000484      0x260 /opt/local/avr/sixcode//uart.o
                0x000006c4                uartSendTxBuffer
                0x00000522                uartSendByte
                0x000004b8                uartInitBuffers
                0x00000534                uartReceiveByte
                0x000005ca                uartAddToTxBuffer
                0x0000050c                uartSetRxHandler
                0x00000646                __vector_13
                0x000005a8                uartFlushReceiveBuffer
                0x000004da                uartInit
                0x000005b2                uartReceiveBufferIsEmpty
                0x00000484                uartSetBaudRate
                0x0000051c                uartGetTxBuffer
                0x0000056c                uartGetByte
                0x00000516                uartGetRxBuffer
                0x000005d8                __vector_15
 .text          0x000006e4      0x3e8 /opt/local/avr/sixcode//rprintf.o
                0x00000990                rprintf1RamRom
                0x000007c4                rprintfu08
                0x000007f4                rprintfu32
                0x00000712                rprintfStr
                0x00000730                rprintfStrLen
                0x00000786                rprintfProgStr
                0x000007da                rprintfu16
                0x000006e4                rprintfInit
                0x000006ee                rprintfChar
                0x000007a6                rprintfCRLF
                0x000007ae                rprintfu04
                0x0000081a                rprintfNum
 .text          0x00000acc      0x67c /opt/local/avr/sixcode//timer.o
                0x00000cb6                timer2GetOverflowCount
                0x00000afa                timerDetach
                0x00000b2c                timer1SetPrescaler
                0x00000d2c                timer1PWMBOff
                0x00000b7e                timer2GetPrescaler
                0x00000ff0                __vector_6
                0x000010a4                timer0Init
                0x00000d1e                timer1PWMAOff
                0x00000d5c                timer1PWMBSet
                0x00000d62                __vector_11
                0x00000cf8                timer1PWMInitICR
                0x00000b52                timer0GetPrescaler
                0x00000f3c                __vector_7
                0x00000ca4                timer0GetOverflowCount
                0x00000e62                __vector_5
                0x000010fc                timerInit
                0x00000b36                timer2SetPrescaler
                0x00000d3a                timer1PWMAOn
                0x00000b10                timer0SetPrescaler
                0x00000acc                delay_us
                0x0000104a                __vector_4
                0x00000b1a                timer0ClearOverflowCount
                0x00000e08                __vector_9
                0x000010c6                timer1Init
                0x00000cc8                timer1PWMInit
                0x00000d48                timer1PWMBOn
                0x000010da                timer2Init
                0x00000f96                __vector_8
                0x00000d56                timer1PWMASet
                0x00000b94                timerAttach
                0x00001122                timer1PWMOff
                0x00000ee2                __vector_10
                0x00000b68                timer1GetPrescaler
                0x00000b40                timer2ClearOverflowCount
                0x00000baa                timerPause
 .text          0x00001148       0xb2 /opt/local/avr/sixcode//a2d.o
                0x0000117c                a2dIsComplete
                0x000011ae                a2dConvert8bit
                0x00001164                a2dOff
                0x00001148                a2dSetPrescaler
                0x00001186                a2dConvert10bit
                0x000011dc                a2dInit
                0x00001152                a2dSetReference
                0x000011be                __vector_16
                0x0000116a                a2dSetChannel
                0x00001176                a2dStartConvert
 .text          0x000011fa       0x86 /opt/local/avr/sixcode//vt100.o
                0x000011fa                vt100Init
                0x0000120e                vt100SetAttr
                0x00001230                vt100SetCursorMode
                0x00001252                vt100SetCursorPos
                0x00001204                vt100ClearScreen
 .text          0x00001280      0x238 /opt/local/avr/sixcode//servo.o
                0x00001280                servoInit
                0x00001300                servoOff
                0x00001362                servoSetPosition
                0x00001380                servoGetPositionRaw
                0x0000130e                servoSetChannelIO
                0x00001396                servoService
                0x0000147c                servoGetPosition
                0x00001334                servoSetPositionRaw
 .text          0x000014b8      0x4c2 /opt/local/avr/sixcode//i2c.o
                0x000014e6                i2cInit
                0x00001546                i2cSendStart
                0x0000155a                i2cWaitForComplete
                0x00001584                i2cGetReceivedByte
                0x0000159a                i2cMasterSend
                0x000015e8                i2cMasterReceive
                0x00001642                i2cMasterSendNI
                0x000016b0                __vector_19
                0x00001532                i2cSetSlaveReceiveHandler
                0x00001590                i2cGetState
                0x0000158a                i2cGetStatus
                0x00001562                i2cSendByte
                0x0000153c                i2cSetSlaveTransmitHandler
                0x00001524                i2cSetLocalDeviceAddr
                0x000018fc                i2cMasterReceiveNI
                0x0000156e                i2cReceiveByte
                0x000014b8                i2cSetBitrate
                0x00001550                i2cSendStop
 .text          0x0000197a      0x53a /opt/local/avr/sixcode//cmdline.o
                0x00001994                cmdlineAddCommand
                0x0000197a                cmdlineInit
                0x00001bbc                cmdlineInputFunc
                0x00001e7c                cmdlineGetArgHex
                0x00001a4a                cmdlineDoHistory
                0x00001dd2                cmdlineMainLoop
                0x00001b32                cmdlineProcessInputString
                0x000019d2                cmdlineSetOutputFunc
                0x000019dc                cmdlinePrintPrompt
                0x00001dee                cmdlineGetArgStr
                0x00001a06                cmdlineRepaint
                0x00001aa0                cmdlinePrintError
                0x00001e44                cmdlineGetArgInt
 .text          0x00001eb4      0x778 cmdlinetest.o
                0x0000208e                dumpArgsStr
                0x00002466                i2cMaster_Receive
                0x00002338                i2cSlaveReceiveService
                0x00002532                setThrottleServo
                0x00002028                helpFunction
                0x000023e2                i2cMaster_Send
                0x00002520                setRightServo
                0x000025b8                getA2D
                0x00002388                i2cMasterSendDiag
                0x000024d4                i2cMaster_Auto_Receive
                0x0000258a                setCamTiltServo
                0x0000250e                setLeftServo
                0x00002544                setFeedbackInterval
                0x00002294                main
                0x000021be                dumpArgsHex
                0x0000242e                i2cMaster_Auto_Send
                0x0000255c                setCamPanServo
                0x00001eb4                goCmdline
                0x0000235c                i2cSlaveTransmitService
                0x00002106                dumpArgsInt
                0x00002276                i2cSetup
                0x00002022                exitFunction
 .text          0x0000262c      0x256 /opt/local/lib/gcc/avr/4.0.2/../../../../avr/lib/avr5/libc.a(strtol.o)
                0x0000262c                strtol
 .text          0x00002882        0xe /opt/local/lib/gcc/avr/4.0.2/../../../../avr/lib/avr5/libc.a(strcpy.o)
                0x00002882                strcpy
 .text          0x00002890       0x1c /opt/local/lib/gcc/avr/4.0.2/../../../../avr/lib/avr5/libc.a(strncmp.o)
                0x00002890                strncmp
                0x000028ac                . = ALIGN (0x2)
 *(.text.*)
 .text.libgcc   0x000028ac       0x3e /opt/local/lib/gcc/avr/4.0.2/avr5/libgcc.a(_mulsi3.o)
                0x000028ac                __mulsi3
 .text.libgcc   0x000028ea       0x28 /opt/local/lib/gcc/avr/4.0.2/avr5/libgcc.a(_udivmodhi4.o)
                0x000028ea                __udivmodhi4
 .text.libgcc   0x00002912       0x26 /opt/local/lib/gcc/avr/4.0.2/avr5/libgcc.a(_divmodhi4.o)
                0x00002912                __divmodhi4
                0x00002912                _div
 .text.libgcc   0x00002938       0x44 /opt/local/lib/gcc/avr/4.0.2/avr5/libgcc.a(_udivmodsi4.o)
                0x00002938                __udivmodsi4
 .text.libgcc   0x0000297c       0x36 /opt/local/lib/gcc/avr/4.0.2/avr5/libgcc.a(_divmodsi4.o)
                0x0000297c                __divmodsi4
 .text.ctype    0x000029b2       0x1e /opt/local/lib/gcc/avr/4.0.2/../../../../avr/lib/avr5/libc.a(isspace.o)
                0x000029b2                isspace
 .text.ctype    0x000029d0        0x6 /opt/local/lib/gcc/avr/4.0.2/../../../../avr/lib/avr5/libc.a(cty_isfalse.o)
                0x000029d4                __ctype_istrue
                0x000029d0                __ctype_isfalse
                0x000029d6                . = ALIGN (0x2)
 *(.fini9)
 *(.fini8)
 *(.fini7)
 *(.fini6)
 *(.fini5)
 *(.fini4)
 *(.fini3)
 *(.fini2)
 *(.fini1)
 *(.fini0)
 .fini0         0x000029d6        0x2 /opt/local/lib/gcc/avr/4.0.2/avr5/libgcc.a(_exit.o)
                0x000029d8                _etext = .

.data           0x00800060       0x52 load address 0x000029d8
                0x00800060                PROVIDE (__data_start, .)
 *(.data)
 .data          0x00800060       0x51 cmdlinetest.o
                0x00800060                multiplier
                0x00800064                masterBuffer
                0x00800082                slaveBuffer
                0x00800063                masterBufferLength
                0x00800081                slaveBufferLength
                0x00800062                leftServoPos
 *(.gnu.linkonce.d*)
                0x008000b2                . = ALIGN (0x2)
 *fill*         0x008000b1        0x1 00
                0x008000b2                _edata = .
                0x008000b2                PROVIDE (__data_end, .)

.bss            0x008000b2      0x298
                0x008000b2                PROVIDE (__bss_start, .)
 *(.bss)
 .bss           0x008000b2       0x82 /opt/local/avr/sixcode//uart.o
 .bss           0x00800134        0x2 /opt/local/avr/sixcode//rprintf.o
 .bss           0x00800136       0x10 /opt/local/avr/sixcode//timer.o
 .bss           0x00800146       0x4b /opt/local/avr/sixcode//i2c.o
 .bss           0x00800191       0xce /opt/local/avr/sixcode//cmdline.o
 .bss           0x0080025f        0x4 cmdlinetest.o
                0x0080025f                numTimesThrough
 *(COMMON)
 COMMON         0x00800263       0x14 /opt/local/avr/sixcode//uart.o
                0x00800263                uartReadyTx
                0x00800264                uartRxBuffer
                0x0080026c                uartBufferedTx
                0x0080026d                uartTxBuffer
                0x00800275                uartRxOverflow
 COMMON         0x00800277        0xc /opt/local/avr/sixcode//timer.o
                0x00800277                Timer0Reg0
                0x0080027b                TimerPauseReg
                0x0080027f                Timer2Reg0
 COMMON         0x00800283        0x1 /opt/local/avr/sixcode//a2d.o
                0x00800283                a2dCompleteFlag
 COMMON         0x00800284       0x19 /opt/local/avr/sixcode//servo.o
                0x00800284                ServoChannel
                0x00800285                ServoChannels
                0x00800299                ServoPosTics
                0x0080029b                ServoPeriodTics
 COMMON         0x0080029d       0xa6 /opt/local/avr/sixcode//cmdline.o
                0x0080029d                CmdlineBufferLength
                0x0080029e                CmdlineExecFunction
                0x008002a0                CmdlineNumCommands
                0x008002a1                CmdlineInputVT100State
                0x008002a2                CmdlineBufferEditPos
                0x008002a3                CmdlineBuffer
                0x008002f3                CmdlineHistory
 COMMON         0x00800343        0x5 cmdlinetest.o
                0x00800343                camPanServoPos
                0x00800344                Run
                0x00800345                camTiltServoPos
                0x00800346                rightServoPos
                0x00800347                throttleServoPos
 COMMON         0x00800348        0x2 /opt/local/lib/gcc/avr/4.0.2/../../../../avr/lib/avr5/libc.a(errno.o)
                0x00800348                errno
                0x0080034a                PROVIDE (__bss_end, .)
                0x000029d8                __data_load_start = LOADADDR (.data)
                0x00002a2a                __data_load_end = (__data_load_start + SIZEOF (.data))

.noinit         0x0080034a        0x0
                0x0080034a                PROVIDE (__noinit_start, .)
 *(.noinit*)
                0x0080034a                PROVIDE (__noinit_end, .)
                0x0080034a                _end = .
                0x0080034a                PROVIDE (__heap_start, .)

.eeprom         0x00810000        0x0
 *(.eeprom*)
                0x00810000                __eeprom_end = .

.stab           0x00000000     0x6f84
 *(.stab)
 .stab          0x00000000      0x36c /opt/local/lib/gcc/avr/4.0.2/../../../../avr/lib/avr5/crtm32.o
 .stab          0x0000036c      0x918 /opt/local/avr/sixcode//buffer.o
                                0x924 (size before relaxing)
 .stab          0x00000c84      0x840 /opt/local/avr/sixcode//uart.o
                                0xb04 (size before relaxing)
 .stab          0x000014c4      0xa68 /opt/local/avr/sixcode//rprintf.o
                                0xcf0 (size before relaxing)
 .stab          0x00001f2c      0xff0 /opt/local/avr/sixcode//timer.o
                               0x1338 (size before relaxing)
 .stab          0x00002f1c      0x510 /opt/local/avr/sixcode//a2d.o
                                0x7b0 (size before relaxing)
 .stab          0x0000342c      0x2f4 /opt/local/avr/sixcode//vt100.o
                                0x63c (size before relaxing)
 .stab          0x00003720      0x630 /opt/local/avr/sixcode//servo.o
                                0x8d0 (size before relaxing)
 .stab          0x00003d50      0xdd4 /opt/local/avr/sixcode//i2c.o
                               0x1140 (size before relaxing)
 .stab          0x00004b24      0xd20 /opt/local/avr/sixcode//cmdline.o
                               0x1068 (size before relaxing)
 .stab          0x00005844      0xfcc cmdlinetest.o
                               0x1308 (size before relaxing)
 .stab          0x00006810      0x414 /opt/local/lib/gcc/avr/4.0.2/../../../../avr/lib/avr5/libc.a(strtol.o)
                                0x420 (size before relaxing)
 .stab          0x00006c24       0xf0 /opt/local/lib/gcc/avr/4.0.2/../../../../avr/lib/avr5/libc.a(isspace.o)
                                 0xfc (size before relaxing)
 .stab          0x00006d14       0x6c /opt/local/lib/gcc/avr/4.0.2/../../../../avr/lib/avr5/libc.a(strcpy.o)
                                 0x78 (size before relaxing)
 .stab          0x00006d80       0xc0 /opt/local/lib/gcc/avr/4.0.2/../../../../avr/lib/avr5/libc.a(strncmp.o)
                                 0xcc (size before relaxing)
 .stab          0x00006e40       0xe4 /opt/local/lib/gcc/avr/4.0.2/../../../../avr/lib/avr5/libc.a(errno.o)
                                 0xf0 (size before relaxing)
 .stab          0x00006f24       0x60 /opt/local/lib/gcc/avr/4.0.2/../../../../avr/lib/avr5/libc.a(cty_isfalse.o)
                                 0x6c (size before relaxing)

.stabstr        0x00000000     0x3114
 *(.stabstr)
 .stabstr       0x00000000     0x3114 /opt/local/lib/gcc/avr/4.0.2/../../../../avr/lib/avr5/crtm32.o

.stab.excl
 *(.stab.excl)

.stab.exclstr
 *(.stab.exclstr)

.stab.index
 *(.stab.index)

.stab.indexstr
 *(.stab.indexstr)

.comment
 *(.comment)

.debug
 *(.debug)

.line
 *(.line)

.debug_srcinfo
 *(.debug_srcinfo)

.debug_sfnames
 *(.debug_sfnames)

.debug_aranges
 *(.debug_aranges)

.debug_pubnames
 *(.debug_pubnames)

.debug_info
 *(.debug_info)
 *(.gnu.linkonce.wi.*)

.debug_abbrev
 *(.debug_abbrev)

.debug_line
 *(.debug_line)

.debug_frame
 *(.debug_frame)

.debug_str
 *(.debug_str)

.debug_loc
 *(.debug_loc)

.debug_macinfo
 *(.debug_macinfo)
OUTPUT(cmdlinetest.elf elf32-avr)

Cross Reference Table

Symbol                                            File
CmdlineBuffer                                     /opt/local/avr/sixcode//cmdline.o
CmdlineBufferEditPos                              /opt/local/avr/sixcode//cmdline.o
CmdlineBufferLength                               /opt/local/avr/sixcode//cmdline.o
CmdlineCmdNotFound                                /opt/local/avr/sixcode//cmdline.o
CmdlineExecFunction                               /opt/local/avr/sixcode//cmdline.o
CmdlineHistory                                    /opt/local/avr/sixcode//cmdline.o
CmdlineInputVT100State                            /opt/local/avr/sixcode//cmdline.o
CmdlineNotice                                     /opt/local/avr/sixcode//cmdline.o
CmdlineNumCommands                                /opt/local/avr/sixcode//cmdline.o
CmdlinePrompt                                     /opt/local/avr/sixcode//cmdline.o
Run                                               cmdlinetest.o
ServoChannel                                      /opt/local/avr/sixcode//servo.o
ServoChannels                                     /opt/local/avr/sixcode//servo.o
ServoPeriodTics                                   /opt/local/avr/sixcode//servo.o
ServoPosTics                                      /opt/local/avr/sixcode//servo.o
Timer0Reg0                                        /opt/local/avr/sixcode//timer.o
Timer2Reg0                                        /opt/local/avr/sixcode//timer.o
TimerPauseReg                                     /opt/local/avr/sixcode//timer.o
TimerPrescaleFactor                               /opt/local/avr/sixcode//timer.o
TimerRTCPrescaleFactor                            /opt/local/avr/sixcode//timer.o
__bad_interrupt                                   /opt/local/lib/gcc/avr/4.0.2/../../../../avr/lib/avr5/crtm32.o
__bss_end                                         /opt/local/lib/gcc/avr/4.0.2/avr5/libgcc.a(_clear_bss.o)
__bss_start                                       /opt/local/lib/gcc/avr/4.0.2/avr5/libgcc.a(_clear_bss.o)
__ctype_isfalse                                   /opt/local/lib/gcc/avr/4.0.2/../../../../avr/lib/avr5/libc.a(cty_isfalse.o)
                                                  /opt/local/lib/gcc/avr/4.0.2/../../../../avr/lib/avr5/libc.a(isspace.o)
__ctype_istrue                                    /opt/local/lib/gcc/avr/4.0.2/../../../../avr/lib/avr5/libc.a(cty_isfalse.o)
__data_end                                        /opt/local/lib/gcc/avr/4.0.2/avr5/libgcc.a(_copy_data.o)
__data_load_start                                 /opt/local/lib/gcc/avr/4.0.2/avr5/libgcc.a(_copy_data.o)
__data_start                                      /opt/local/lib/gcc/avr/4.0.2/avr5/libgcc.a(_copy_data.o)
__divmodhi4                                       /opt/local/lib/gcc/avr/4.0.2/avr5/libgcc.a(_divmodhi4.o)
                                                  /opt/local/avr/sixcode//i2c.o
__divmodsi4                                       /opt/local/lib/gcc/avr/4.0.2/avr5/libgcc.a(_divmodsi4.o)
                                                  /opt/local/avr/sixcode//i2c.o
                                                  /opt/local/avr/sixcode//timer.o
__do_clear_bss                                    /opt/local/lib/gcc/avr/4.0.2/avr5/libgcc.a(_clear_bss.o)
                                                  /opt/local/lib/gcc/avr/4.0.2/../../../../avr/lib/avr5/libc.a(errno.o)
                                                  /opt/local/lib/gcc/avr/4.0.2/../../../../avr/lib/avr5/libc.a(strtol.o)
                                                  cmdlinetest.o
                                                  /opt/local/avr/sixcode//cmdline.o
                                                  /opt/local/avr/sixcode//i2c.o
                                                  /opt/local/avr/sixcode//servo.o
                                                  /opt/local/avr/sixcode//vt100.o
                                                  /opt/local/avr/sixcode//a2d.o
                                                  /opt/local/avr/sixcode//timer.o
                                                  /opt/local/avr/sixcode//rprintf.o
                                                  /opt/local/avr/sixcode//uart.o
                                                  /opt/local/avr/sixcode//buffer.o
__do_copy_data                                    /opt/local/lib/gcc/avr/4.0.2/avr5/libgcc.a(_copy_data.o)
                                                  /opt/local/lib/gcc/avr/4.0.2/../../../../avr/lib/avr5/libc.a(errno.o)
                                                  /opt/local/lib/gcc/avr/4.0.2/../../../../avr/lib/avr5/libc.a(strtol.o)
                                                  cmdlinetest.o
                                                  /opt/local/avr/sixcode//cmdline.o
                                                  /opt/local/avr/sixcode//i2c.o
                                                  /opt/local/avr/sixcode//servo.o
                                                  /opt/local/avr/sixcode//vt100.o
                                                  /opt/local/avr/sixcode//a2d.o
                                                  /opt/local/avr/sixcode//timer.o
                                                  /opt/local/avr/sixcode//rprintf.o
                                                  /opt/local/avr/sixcode//uart.o
                                                  /opt/local/avr/sixcode//buffer.o
__heap_end                                        /opt/local/lib/gcc/avr/4.0.2/../../../../avr/lib/avr5/crtm32.o
__init                                            /opt/local/lib/gcc/avr/4.0.2/../../../../avr/lib/avr5/crtm32.o
__mulsi3                                          /opt/local/lib/gcc/avr/4.0.2/avr5/libgcc.a(_mulsi3.o)
                                                  /opt/local/lib/gcc/avr/4.0.2/../../../../avr/lib/avr5/libc.a(strtol.o)
                                                  /opt/local/avr/sixcode//timer.o
__stack                                           /opt/local/lib/gcc/avr/4.0.2/../../../../avr/lib/avr5/crtm32.o
                                                  cmdlinetest.o
__udivmodhi4                                      /opt/local/lib/gcc/avr/4.0.2/avr5/libgcc.a(_udivmodhi4.o)
                                                  /opt/local/lib/gcc/avr/4.0.2/avr5/libgcc.a(_divmodhi4.o)
                                                  /opt/local/avr/sixcode//servo.o
                                                  /opt/local/avr/sixcode//timer.o
                                                  /opt/local/avr/sixcode//rprintf.o
                                                  /opt/local/avr/sixcode//buffer.o
__udivmodsi4                                      /opt/local/lib/gcc/avr/4.0.2/avr5/libgcc.a(_udivmodsi4.o)
                                                  /opt/local/lib/gcc/avr/4.0.2/../../../../avr/lib/avr5/libc.a(strtol.o)
                                                  /opt/local/lib/gcc/avr/4.0.2/avr5/libgcc.a(_divmodsi4.o)
                                                  /opt/local/avr/sixcode//timer.o
                                                  /opt/local/avr/sixcode//rprintf.o
                                                  /opt/local/avr/sixcode//uart.o
__vector_1                                        /opt/local/lib/gcc/avr/4.0.2/../../../../avr/lib/avr5/crtm32.o
__vector_10                                       /opt/local/avr/sixcode//timer.o
                                                  /opt/local/lib/gcc/avr/4.0.2/../../../../avr/lib/avr5/crtm32.o
__vector_11                                       /opt/local/avr/sixcode//timer.o
                                                  /opt/local/lib/gcc/avr/4.0.2/../../../../avr/lib/avr5/crtm32.o
__vector_12                                       /opt/local/lib/gcc/avr/4.0.2/../../../../avr/lib/avr5/crtm32.o
__vector_13                                       /opt/local/avr/sixcode//uart.o
                                                  /opt/local/lib/gcc/avr/4.0.2/../../../../avr/lib/avr5/crtm32.o
__vector_14                                       /opt/local/lib/gcc/avr/4.0.2/../../../../avr/lib/avr5/crtm32.o
__vector_15                                       /opt/local/avr/sixcode//uart.o
                                                  /opt/local/lib/gcc/avr/4.0.2/../../../../avr/lib/avr5/crtm32.o
__vector_16                                       /opt/local/avr/sixcode//a2d.o
                                                  /opt/local/lib/gcc/avr/4.0.2/../../../../avr/lib/avr5/crtm32.o
__vector_17                                       /opt/local/lib/gcc/avr/4.0.2/../../../../avr/lib/avr5/crtm32.o
__vector_18                                       /opt/local/lib/gcc/avr/4.0.2/../../../../avr/lib/avr5/crtm32.o
__vector_19                                       /opt/local/avr/sixcode//i2c.o
                                                  /opt/local/lib/gcc/avr/4.0.2/../../../../avr/lib/avr5/crtm32.o
__vector_2                                        /opt/local/lib/gcc/avr/4.0.2/../../../../avr/lib/avr5/crtm32.o
__vector_20                                       /opt/local/lib/gcc/avr/4.0.2/../../../../avr/lib/avr5/crtm32.o
__vector_3                                        /opt/local/lib/gcc/avr/4.0.2/../../../../avr/lib/avr5/crtm32.o
__vector_4                                        /opt/local/avr/sixcode//timer.o
                                                  /opt/local/lib/gcc/avr/4.0.2/../../../../avr/lib/avr5/crtm32.o
__vector_5                                        /opt/local/avr/sixcode//timer.o
                                                  /opt/local/lib/gcc/avr/4.0.2/../../../../avr/lib/avr5/crtm32.o
__vector_6                                        /opt/local/avr/sixcode//timer.o
                                                  /opt/local/lib/gcc/avr/4.0.2/../../../../avr/lib/avr5/crtm32.o
__vector_7                                        /opt/local/avr/sixcode//timer.o
                                                  /opt/local/lib/gcc/avr/4.0.2/../../../../avr/lib/avr5/crtm32.o
__vector_8                                        /opt/local/avr/sixcode//timer.o
                                                  /opt/local/lib/gcc/avr/4.0.2/../../../../avr/lib/avr5/crtm32.o
__vector_9                                        /opt/local/avr/sixcode//timer.o
                                                  /opt/local/lib/gcc/avr/4.0.2/../../../../avr/lib/avr5/crtm32.o
__vector_default                                  /opt/local/lib/gcc/avr/4.0.2/../../../../avr/lib/avr5/crtm32.o
__vectors                                         /opt/local/lib/gcc/avr/4.0.2/../../../../avr/lib/avr5/crtm32.o
_div                                              /opt/local/lib/gcc/avr/4.0.2/avr5/libgcc.a(_divmodhi4.o)
_exit                                             /opt/local/lib/gcc/avr/4.0.2/avr5/libgcc.a(_exit.o)
a2dCompleteFlag                                   /opt/local/avr/sixcode//a2d.o
a2dConvert10bit                                   /opt/local/avr/sixcode//a2d.o
a2dConvert8bit                                    /opt/local/avr/sixcode//a2d.o
                                                  cmdlinetest.o
a2dInit                                           /opt/local/avr/sixcode//a2d.o
                                                  cmdlinetest.o
a2dIsComplete                                     /opt/local/avr/sixcode//a2d.o
a2dOff                                            /opt/local/avr/sixcode//a2d.o
a2dSetChannel                                     /opt/local/avr/sixcode//a2d.o
a2dSetPrescaler                                   /opt/local/avr/sixcode//a2d.o
                                                  cmdlinetest.o
a2dSetReference                                   /opt/local/avr/sixcode//a2d.o
                                                  cmdlinetest.o
a2dStartConvert                                   /opt/local/avr/sixcode//a2d.o
bufferAddToEnd                                    /opt/local/avr/sixcode//buffer.o
                                                  /opt/local/avr/sixcode//uart.o
bufferDumpFromFront                               /opt/local/avr/sixcode//buffer.o
bufferFlush                                       /opt/local/avr/sixcode//buffer.o
bufferGetAtIndex                                  /opt/local/avr/sixcode//buffer.o
bufferGetFromFront                                /opt/local/avr/sixcode//buffer.o
                                                  /opt/local/avr/sixcode//uart.o
bufferInit                                        /opt/local/avr/sixcode//buffer.o
                                                  /opt/local/avr/sixcode//uart.o
bufferIsNotFull                                   /opt/local/avr/sixcode//buffer.o
camPanServoPos                                    cmdlinetest.o
camTiltServoPos                                   cmdlinetest.o
cmdlineAddCommand                                 /opt/local/avr/sixcode//cmdline.o
                                                  cmdlinetest.o
cmdlineDoHistory                                  /opt/local/avr/sixcode//cmdline.o
cmdlineGetArgHex                                  /opt/local/avr/sixcode//cmdline.o
                                                  cmdlinetest.o
cmdlineGetArgInt                                  /opt/local/avr/sixcode//cmdline.o
                                                  cmdlinetest.o
cmdlineGetArgStr                                  /opt/local/avr/sixcode//cmdline.o
                                                  cmdlinetest.o
cmdlineInit                                       /opt/local/avr/sixcode//cmdline.o
                                                  cmdlinetest.o
cmdlineInputFunc                                  /opt/local/avr/sixcode//cmdline.o
                                                  cmdlinetest.o
cmdlineMainLoop                                   /opt/local/avr/sixcode//cmdline.o
                                                  cmdlinetest.o
cmdlinePrintError                                 /opt/local/avr/sixcode//cmdline.o
cmdlinePrintPrompt                                /opt/local/avr/sixcode//cmdline.o
cmdlineProcessInputString                         /opt/local/avr/sixcode//cmdline.o
cmdlineRepaint                                    /opt/local/avr/sixcode//cmdline.o
cmdlineSetOutputFunc                              /opt/local/avr/sixcode//cmdline.o
                                                  cmdlinetest.o
delay_us                                          /opt/local/avr/sixcode//timer.o
dumpArgsHex                                       cmdlinetest.o
dumpArgsInt                                       cmdlinetest.o
dumpArgsStr                                       cmdlinetest.o
errno                                             /opt/local/lib/gcc/avr/4.0.2/../../../../avr/lib/avr5/libc.a(errno.o)
                                                  /opt/local/lib/gcc/avr/4.0.2/../../../../avr/lib/avr5/libc.a(strtol.o)
exit                                              /opt/local/lib/gcc/avr/4.0.2/avr5/libgcc.a(_exit.o)
                                                  cmdlinetest.o
exitFunction                                      cmdlinetest.o
getA2D                                            cmdlinetest.o
goCmdline                                         cmdlinetest.o
helpFunction                                      cmdlinetest.o
i2cGetReceivedByte                                /opt/local/avr/sixcode//i2c.o
i2cGetState                                       /opt/local/avr/sixcode//i2c.o
i2cGetStatus                                      /opt/local/avr/sixcode//i2c.o
i2cInit                                           /opt/local/avr/sixcode//i2c.o
                                                  cmdlinetest.o
i2cMasterReceive                                  /opt/local/avr/sixcode//i2c.o
                                                  cmdlinetest.o
i2cMasterReceiveNI                                /opt/local/avr/sixcode//i2c.o
i2cMasterSend                                     /opt/local/avr/sixcode//i2c.o
                                                  cmdlinetest.o
i2cMasterSendDiag                                 cmdlinetest.o
i2cMasterSendNI                                   /opt/local/avr/sixcode//i2c.o
i2cMaster_Auto_Receive                            cmdlinetest.o
i2cMaster_Auto_Send                               cmdlinetest.o
i2cMaster_Receive                                 cmdlinetest.o
i2cMaster_Send                                    cmdlinetest.o
i2cReceiveByte                                    /opt/local/avr/sixcode//i2c.o
i2cSendByte                                       /opt/local/avr/sixcode//i2c.o
                                                  cmdlinetest.o
i2cSendStart                                      /opt/local/avr/sixcode//i2c.o
                                                  cmdlinetest.o
i2cSendStop                                       /opt/local/avr/sixcode//i2c.o
                                                  cmdlinetest.o
i2cSetBitrate                                     /opt/local/avr/sixcode//i2c.o
i2cSetLocalDeviceAddr                             /opt/local/avr/sixcode//i2c.o
                                                  cmdlinetest.o
i2cSetSlaveReceiveHandler                         /opt/local/avr/sixcode//i2c.o
                                                  cmdlinetest.o
i2cSetSlaveTransmitHandler                        /opt/local/avr/sixcode//i2c.o
                                                  cmdlinetest.o
i2cSetup                                          cmdlinetest.o
i2cSlaveReceiveService                            cmdlinetest.o
i2cSlaveTransmitService                           cmdlinetest.o
i2cWaitForComplete                                /opt/local/avr/sixcode//i2c.o
                                                  cmdlinetest.o
isspace                                           /opt/local/lib/gcc/avr/4.0.2/../../../../avr/lib/avr5/libc.a(isspace.o)
                                                  /opt/local/lib/gcc/avr/4.0.2/../../../../avr/lib/avr5/libc.a(strtol.o)
leftServoPos                                      cmdlinetest.o
main                                              cmdlinetest.o
                                                  /opt/local/lib/gcc/avr/4.0.2/../../../../avr/lib/avr5/crtm32.o
masterBuffer                                      cmdlinetest.o
masterBufferLength                                cmdlinetest.o
multiplier                                        cmdlinetest.o
numTimesThrough                                   cmdlinetest.o
rightServoPos                                     cmdlinetest.o
rprintf1RamRom                                    /opt/local/avr/sixcode//rprintf.o
                                                  cmdlinetest.o
                                                  /opt/local/avr/sixcode//vt100.o
rprintfCRLF                                       /opt/local/avr/sixcode//rprintf.o
                                                  cmdlinetest.o
rprintfChar                                       /opt/local/avr/sixcode//rprintf.o
rprintfInit                                       /opt/local/avr/sixcode//rprintf.o
                                                  cmdlinetest.o
rprintfNum                                        /opt/local/avr/sixcode//rprintf.o
                                                  cmdlinetest.o
rprintfProgStr                                    /opt/local/avr/sixcode//rprintf.o
                                                  cmdlinetest.o
                                                  /opt/local/avr/sixcode//vt100.o
rprintfStr                                        /opt/local/avr/sixcode//rprintf.o
                                                  cmdlinetest.o
rprintfStrLen                                     /opt/local/avr/sixcode//rprintf.o
rprintfu04                                        /opt/local/avr/sixcode//rprintf.o
rprintfu08                                        /opt/local/avr/sixcode//rprintf.o
rprintfu16                                        /opt/local/avr/sixcode//rprintf.o
rprintfu32                                        /opt/local/avr/sixcode//rprintf.o
servoGetPosition                                  /opt/local/avr/sixcode//servo.o
servoGetPositionRaw                               /opt/local/avr/sixcode//servo.o
servoInit                                         /opt/local/avr/sixcode//servo.o
                                                  cmdlinetest.o
servoOff                                          /opt/local/avr/sixcode//servo.o
servoService                                      /opt/local/avr/sixcode//servo.o
servoSetChannelIO                                 /opt/local/avr/sixcode//servo.o
                                                  cmdlinetest.o
servoSetPosition                                  /opt/local/avr/sixcode//servo.o
                                                  cmdlinetest.o
servoSetPositionRaw                               /opt/local/avr/sixcode//servo.o
setCamPanServo                                    cmdlinetest.o
setCamTiltServo                                   cmdlinetest.o
setFeedbackInterval                               cmdlinetest.o
setLeftServo                                      cmdlinetest.o
setRightServo                                     cmdlinetest.o
setThrottleServo                                  cmdlinetest.o
slaveBuffer                                       cmdlinetest.o
slaveBufferLength                                 cmdlinetest.o
strcpy                                            /opt/local/lib/gcc/avr/4.0.2/../../../../avr/lib/avr5/libc.a(strcpy.o)
                                                  cmdlinetest.o
                                                  /opt/local/avr/sixcode//cmdline.o
strncmp                                           /opt/local/lib/gcc/avr/4.0.2/../../../../avr/lib/avr5/libc.a(strncmp.o)
                                                  /opt/local/avr/sixcode//cmdline.o
strtol                                            /opt/local/lib/gcc/avr/4.0.2/../../../../avr/lib/avr5/libc.a(strtol.o)
                                                  /opt/local/avr/sixcode//cmdline.o
throttleServoPos                                  cmdlinetest.o
timer0ClearOverflowCount                          /opt/local/avr/sixcode//timer.o
timer0GetOverflowCount                            /opt/local/avr/sixcode//timer.o
timer0GetPrescaler                                /opt/local/avr/sixcode//timer.o
timer0Init                                        /opt/local/avr/sixcode//timer.o
timer0SetPrescaler                                /opt/local/avr/sixcode//timer.o
timer1GetPrescaler                                /opt/local/avr/sixcode//timer.o
timer1Init                                        /opt/local/avr/sixcode//timer.o
timer1PWMAOff                                     /opt/local/avr/sixcode//timer.o
timer1PWMAOn                                      /opt/local/avr/sixcode//timer.o
timer1PWMASet                                     /opt/local/avr/sixcode//timer.o
timer1PWMBOff                                     /opt/local/avr/sixcode//timer.o
timer1PWMBOn                                      /opt/local/avr/sixcode//timer.o
timer1PWMBSet                                     /opt/local/avr/sixcode//timer.o
timer1PWMInit                                     /opt/local/avr/sixcode//timer.o
timer1PWMInitICR                                  /opt/local/avr/sixcode//timer.o
timer1PWMOff                                      /opt/local/avr/sixcode//timer.o
timer1SetPrescaler                                /opt/local/avr/sixcode//timer.o
                                                  /opt/local/avr/sixcode//servo.o
timer2ClearOverflowCount                          /opt/local/avr/sixcode//timer.o
timer2GetOverflowCount                            /opt/local/avr/sixcode//timer.o
timer2GetPrescaler                                /opt/local/avr/sixcode//timer.o
timer2Init                                        /opt/local/avr/sixcode//timer.o
timer2SetPrescaler                                /opt/local/avr/sixcode//timer.o
timerAttach                                       /opt/local/avr/sixcode//timer.o
                                                  /opt/local/avr/sixcode//servo.o
timerDetach                                       /opt/local/avr/sixcode//timer.o
                                                  /opt/local/avr/sixcode//servo.o
timerInit                                         /opt/local/avr/sixcode//timer.o
                                                  cmdlinetest.o
timerPause                                        /opt/local/avr/sixcode//timer.o
                                                  cmdlinetest.o
uartAddToTxBuffer                                 /opt/local/avr/sixcode//uart.o
uartBufferedTx                                    /opt/local/avr/sixcode//uart.o
uartFlushReceiveBuffer                            /opt/local/avr/sixcode//uart.o
uartGetByte                                       /opt/local/avr/sixcode//uart.o
uartGetRxBuffer                                   /opt/local/avr/sixcode//uart.o
uartGetTxBuffer                                   /opt/local/avr/sixcode//uart.o
uartInit                                          /opt/local/avr/sixcode//uart.o
                                                  cmdlinetest.o
uartInitBuffers                                   /opt/local/avr/sixcode//uart.o
uartReadyTx                                       /opt/local/avr/sixcode//uart.o
uartReceiveBufferIsEmpty                          /opt/local/avr/sixcode//uart.o
uartReceiveByte                                   /opt/local/avr/sixcode//uart.o
                                                  cmdlinetest.o
uartRxBuffer                                      /opt/local/avr/sixcode//uart.o
uartRxOverflow                                    /opt/local/avr/sixcode//uart.o
uartSendByte                                      /opt/local/avr/sixcode//uart.o
                                                  cmdlinetest.o
uartSendTxBuffer                                  /opt/local/avr/sixcode//uart.o
uartSetBaudRate                                   /opt/local/avr/sixcode//uart.o
                                                  cmdlinetest.o
uartSetRxHandler                                  /opt/local/avr/sixcode//uart.o
uartTxBuffer                                      /opt/local/avr/sixcode//uart.o
vt100ClearScreen                                  /opt/local/avr/sixcode//vt100.o
                                                  cmdlinetest.o
vt100Init                                         /opt/local/avr/sixcode//vt100.o
                                                  cmdlinetest.o
vt100SetAttr                                      /opt/local/avr/sixcode//vt100.o
vt100SetCursorMode                                /opt/local/avr/sixcode//vt100.o
vt100SetCursorPos                                 /opt/local/avr/sixcode//vt100.o
                                                  cmdlinetest.o
