Archive member included because of file (symbol)

../avrx/avrx.a(AvrXFifo.o)    AvrXBufferedSerial.o (AvrXPutFifo)
../avrx/avrx.a(avrx_tasking.o)
                              SerialExample.o (IntProlog)
../avrx/avrx.a(avrx_semaphores.o)
                              ../avrx/avrx.a(AvrXFifo.o) (AvrXWaitSemaphore)
../avrx/avrx.a(avrx_resetsemaphore.o)
                              ../avrx/avrx.a(AvrXFifo.o) (AvrXResetSemaphore)
../avrx/avrx.a(avrx_timequeue.o)
                              SerialExample.o (AvrXDelay)
../avrx/avrx.a(avrx_message.o)
                              ../avrx/avrx.a(avrx_timequeue.o) (AvrXIntSendMessage)
/opt/local/lib/gcc/avr/3.4.4/avr5/libgcc.a(_copy_data.o)
                              SerialExample.o (__do_copy_data)
/opt/local/lib/gcc/avr/3.4.4/avr5/libgcc.a(_clear_bss.o)
                              SerialExample.o (__do_clear_bss)
/opt/local/lib/gcc/avr/3.4.4/../../../../avr/lib/avr5/libc.a(fdevopen.o)
                              SerialExample.o (fdevopen)
/opt/local/lib/gcc/avr/3.4.4/../../../../avr/lib/avr5/libc.a(fgetc.o)
                              SerialExample.o (fgetc)
/opt/local/lib/gcc/avr/3.4.4/../../../../avr/lib/avr5/libc.a(fputc.o)
                              SerialExample.o (fputc)
/opt/local/lib/gcc/avr/3.4.4/../../../../avr/lib/avr5/libc.a(printf_p.o)
                              SerialExample.o (printf_P)
/opt/local/lib/gcc/avr/3.4.4/../../../../avr/lib/avr5/libc.a(vfprintf_std.o)
                              /opt/local/lib/gcc/avr/3.4.4/../../../../avr/lib/avr5/libc.a(printf_p.o) (vfprintf)
/opt/local/lib/gcc/avr/3.4.4/../../../../avr/lib/avr5/libc.a(calloc.o)
                              /opt/local/lib/gcc/avr/3.4.4/../../../../avr/lib/avr5/libc.a(fdevopen.o) (calloc)
/opt/local/lib/gcc/avr/3.4.4/../../../../avr/lib/avr5/libc.a(malloc.o)
                              /opt/local/lib/gcc/avr/3.4.4/../../../../avr/lib/avr5/libc.a(calloc.o) (malloc)
/opt/local/lib/gcc/avr/3.4.4/../../../../avr/lib/avr5/libc.a(memset.o)
                              /opt/local/lib/gcc/avr/3.4.4/../../../../avr/lib/avr5/libc.a(calloc.o) (memset)
/opt/local/lib/gcc/avr/3.4.4/../../../../avr/lib/avr5/libc.a(strlen_P.o)
                              /opt/local/lib/gcc/avr/3.4.4/../../../../avr/lib/avr5/libc.a(vfprintf_std.o) (strlen_P)
/opt/local/lib/gcc/avr/3.4.4/../../../../avr/lib/avr5/libc.a(strnlen.o)
                              /opt/local/lib/gcc/avr/3.4.4/../../../../avr/lib/avr5/libc.a(vfprintf_std.o) (strnlen)
/opt/local/lib/gcc/avr/3.4.4/../../../../avr/lib/avr5/libc.a(strnlen_P.o)
                              /opt/local/lib/gcc/avr/3.4.4/../../../../avr/lib/avr5/libc.a(vfprintf_std.o) (strnlen_P)
/opt/local/lib/gcc/avr/3.4.4/avr5/libgcc.a(_udivmodsi4.o)
                              /opt/local/lib/gcc/avr/3.4.4/../../../../avr/lib/avr5/libc.a(vfprintf_std.o) (__udivmodsi4)

Allocating common symbols
Common symbol       size              file

_TimerQueue         0x2               ../avrx/avrx.a(avrx_timequeue.o)
_TimQLevel          0x1               ../avrx/avrx.a(avrx_timequeue.o)
AvrXKernelData      0x7               ../avrx/avrx.a(avrx_tasking.o)
Tx0BufFifo          0x27              AvrXBufferedSerial.o
__brkval            0x2               /opt/local/lib/gcc/avr/3.4.4/../../../../avr/lib/avr5/libc.a(malloc.o)
task0Pid            0x6               SerialExample.o
Rx0BufFifo          0x27              AvrXBufferedSerial.o
__flp               0x2               /opt/local/lib/gcc/avr/3.4.4/../../../../avr/lib/avr5/libc.a(malloc.o)
task0Stk            0x6f              SerialExample.o
__iob               0x6               /opt/local/lib/gcc/avr/3.4.4/../../../../avr/lib/avr5/libc.a(fdevopen.o)

Memory Configuration

Name             Origin             Length             Attributes
text             0x00000000         0x00020000         xr
data             0x00800060         0x0000ffa0         rw !x
eeprom           0x00810000         0x00010000         rw !x
*default*        0x00000000         0xffffffff

Linker script and memory map

LOAD /opt/local/lib/gcc/avr/3.4.4/../../../../avr/lib/avr5/crtm32.o
LOAD SerialExample.o
LOAD AvrXBufferedSerial.o
LOAD ../avrx/avrx.a
LOAD /opt/local/lib/gcc/avr/3.4.4/../../../../avr/lib/avr5/libm.a
LOAD /opt/local/lib/gcc/avr/3.4.4/avr5/libgcc.a
LOAD /opt/local/lib/gcc/avr/3.4.4/../../../../avr/lib/avr5/libc.a
LOAD /opt/local/lib/gcc/avr/3.4.4/avr5/libgcc.a

.hash
 *(.hash)

.dynsym
 *(.dynsym)

.dynstr
 *(.dynstr)

.gnu.version
 *(.gnu.version)

.gnu.version_d
 *(.gnu.version_d)

.gnu.version_r
 *(.gnu.version_r)

.rel.init
 *(.rel.init)

.rela.init
 *(.rela.init)

.rel.text
 *(.rel.text)
 *(.rel.text.*)
 *(.rel.gnu.linkonce.t*)

.rela.text
 *(.rela.text)
 *(.rela.text.*)
 *(.rela.gnu.linkonce.t*)

.rel.fini
 *(.rel.fini)

.rela.fini
 *(.rela.fini)

.rel.rodata
 *(.rel.rodata)
 *(.rel.rodata.*)
 *(.rel.gnu.linkonce.r*)

.rela.rodata
 *(.rela.rodata)
 *(.rela.rodata.*)
 *(.rela.gnu.linkonce.r*)

.rel.data
 *(.rel.data)
 *(.rel.data.*)
 *(.rel.gnu.linkonce.d*)

.rela.data
 *(.rela.data)
 *(.rela.data.*)
 *(.rela.gnu.linkonce.d*)

.rel.ctors
 *(.rel.ctors)

.rela.ctors
 *(.rela.ctors)

.rel.dtors
 *(.rel.dtors)

.rela.dtors
 *(.rela.dtors)

.rel.got
 *(.rel.got)

.rela.got
 *(.rela.got)

.rel.bss
 *(.rel.bss)

.rela.bss
 *(.rela.bss)

.rel.plt
 *(.rel.plt)

.rela.plt
 *(.rela.plt)

.text           0x00000000     0x1262
 *(.vectors)
 .vectors       0x00000000       0x54 /opt/local/lib/gcc/avr/3.4.4/../../../../avr/lib/avr5/crtm32.o
                0x00000000                __vectors
                0x00000000                __vector_default
                0x00000054                __ctors_start = .
 *(.ctors)
                0x00000054                __ctors_end = .
                0x00000054                __dtors_start = .
 *(.dtors)
                0x00000054                __dtors_end = .
 *(.progmem.gcc*)
 *(.progmem*)
 .progmem.data  0x00000054       0x45 SerialExample.o
                0x00000054                task0Tcb
                0x0000009a                . = ALIGN (0x2)
 *fill*         0x00000099        0x1 00
 *(.init0)
 *(.init1)
 *(.init2)
 .init2         0x0000009a        0xc /opt/local/lib/gcc/avr/3.4.4/../../../../avr/lib/avr5/crtm32.o
 *(.init3)
 *(.init4)
 .init4         0x000000a6       0x16 /opt/local/lib/gcc/avr/3.4.4/avr5/libgcc.a(_copy_data.o)
                0x000000a6                __do_copy_data
 .init4         0x000000bc       0x10 /opt/local/lib/gcc/avr/3.4.4/avr5/libgcc.a(_clear_bss.o)
                0x000000bc                __do_clear_bss
 *(.init5)
 *(.init6)
 *(.init7)
 *(.init8)
 *(.init9)
 .init9         0x000000cc        0x4 /opt/local/lib/gcc/avr/3.4.4/../../../../avr/lib/avr5/crtm32.o
 *(.text)
 .text          0x000000d0        0x4 /opt/local/lib/gcc/avr/3.4.4/../../../../avr/lib/avr5/crtm32.o
                0x000000d0                __vector_1
                0x000000d0                __vector_12
                0x000000d0                __bad_interrupt
                0x000000d0                __vector_6
                0x000000d0                __vector_3
                0x000000d0                __vector_17
                0x000000d0                __vector_19
                0x000000d0                __vector_7
                0x000000d0                __vector_5
                0x000000d0                __vector_4
                0x000000d0                __vector_9
                0x000000d0                __vector_2
                0x000000d0                __vector_15
                0x000000d0                __vector_8
                0x000000d0                __vector_10
                0x000000d0                __vector_16
                0x000000d0                __vector_18
                0x000000d0                __vector_20
 .text          0x000000d4      0x1c8 SerialExample.o
                0x0000013e                task0
                0x0000010e                myputs_P
                0x000000e6                myputs
                0x000000d4                __vector_11
                0x0000026e                main
 .text          0x0000029c       0x9c AvrXBufferedSerial.o
                0x000002f0                get_c0
                0x000002d0                put_c0
                0x000002fa                get_char0
                0x0000029c                InitSerial0
                0x00000304                __vector_13
                0x000002de                put_char0
                0x0000031c                __vector_14
 .text          0x00000338      0x120 ../avrx/avrx.a(AvrXFifo.o)
                0x000003fe                AvrXFlushFifo
                0x00000338                AvrXPutFifo
                0x000003b2                AvrXWaitPutFifo
                0x00000370                AvrXPullFifo
                0x0000041c                AvrXPeekFifo
                0x000003dc                AvrXWaitPullFifo
                0x00000436                AvrXStatFifo
 .text          0x00000458       0x92 /opt/local/lib/gcc/avr/3.4.4/../../../../avr/lib/avr5/libc.a(fdevopen.o)
                0x00000458                fdevopen
 .text          0x000004ea       0x7a /opt/local/lib/gcc/avr/3.4.4/../../../../avr/lib/avr5/libc.a(fgetc.o)
                0x000004ea                fgetc
 .text          0x00000564       0x66 /opt/local/lib/gcc/avr/3.4.4/../../../../avr/lib/avr5/libc.a(fputc.o)
                0x00000564                fputc
 .text          0x000005ca       0x4a /opt/local/lib/gcc/avr/3.4.4/../../../../avr/lib/avr5/libc.a(printf_p.o)
                0x000005ca                printf_P
 .text          0x00000614      0x57a /opt/local/lib/gcc/avr/3.4.4/../../../../avr/lib/avr5/libc.a(vfprintf_std.o)
                0x00000614                vfprintf
 .text          0x00000b8e       0x38 /opt/local/lib/gcc/avr/3.4.4/../../../../avr/lib/avr5/libc.a(calloc.o)
                0x00000b8e                calloc
 .text          0x00000bc6      0x222 /opt/local/lib/gcc/avr/3.4.4/../../../../avr/lib/avr5/libc.a(malloc.o)
                0x00000bc6                malloc
                0x00000d24                free
 .text          0x00000de8        0xe /opt/local/lib/gcc/avr/3.4.4/../../../../avr/lib/avr5/libc.a(memset.o)
                0x00000de8                memset
 .text          0x00000df6       0x12 /opt/local/lib/gcc/avr/3.4.4/../../../../avr/lib/avr5/libc.a(strlen_P.o)
                0x00000df6                strlen_P
 .text          0x00000e08       0x16 /opt/local/lib/gcc/avr/3.4.4/../../../../avr/lib/avr5/libc.a(strnlen.o)
                0x00000e08                strnlen
 .text          0x00000e1e       0x16 /opt/local/lib/gcc/avr/3.4.4/../../../../avr/lib/avr5/libc.a(strnlen_P.o)
                0x00000e1e                strnlen_P
                0x00000e34                . = ALIGN (0x2)
 *(.text.*)
 .text.avrx.avrx_tasking
                0x00000e34      0x1d4 ../avrx/avrx.a(avrx_tasking.o)
                0x00000f56                AvrXRunTask
                0x00000fa0                AvrXResume
                0x00000ed0                _Epilog
                0x00000f5a                AvrXInitTask
                0x00000e34                IntProlog
                0x00000f3e                AvrXSetKernelStack
                0x00000fbc                _QueuePid
                0x00000ecc                Epilog
 .text.avrx.avrx_semaphores
                0x00001008       0xe2 ../avrx/avrx.a(avrx_semaphores.o)
                0x00001008                AvrXWaitTimer
                0x00001036                AvrXSetObjectSemaphore
                0x00001036                AvrXAckMessage
                0x00001008                AvrXWaitObjectSemaphore
                0x0000100c                AvrXWaitSemaphore
                0x00001054                AvrXIntSetSemaphore
                0x000010c4                _RemoveObjectAt
                0x00001008                AvrXWaitMessageAck
                0x00001050                AvrXIntSetObjectSemaphore
                0x000010b8                _RemoveFirstObject
                0x00001008                AvrXWaitTask
                0x0000108a                _AppendObject
                0x000010a6                _RemoveObject
                0x0000103a                AvrXSetSemaphore
 .text.avrx.avrx_resetsemaphore
                0x000010ea       0x22 ../avrx/avrx.a(avrx_resetsemaphore.o)
                0x000010ea                AvrXResetObjectSemaphore
                0x000010f2                AvrXIntResetSemaphore
                0x000010f2                AvrXResetSemaphore
                0x000010ea                AvrXIntResetObjectSemaphore
 .text.avrx.avrx_timequeue
                0x0000110c       0xe4 ../avrx/avrx.a(avrx_timequeue.o)
                0x0000110c                AvrXDelay
                0x00001110                AvrXStartTimer
                0x00001118                CountNotZero
                0x00001168                AvrXTimerHandler
 .text.avrx.avrx_message
                0x000011f0       0x2e ../avrx/avrx.a(avrx_message.o)
                0x000011fa                AvrXIntSendMessage
                0x00001202                AvrXWaitMessage
                0x000011f0                AvrXSendMessage
 .text.libgcc   0x0000121e       0x44 /opt/local/lib/gcc/avr/3.4.4/avr5/libgcc.a(_udivmodsi4.o)
                0x0000121e                __udivmodsi4
                0x00001262                . = ALIGN (0x2)
 *(.fini9)
 *(.fini8)
 *(.fini7)
 *(.fini6)
 *(.fini5)
 *(.fini4)
 *(.fini3)
 *(.fini2)
 *(.fini1)
 *(.fini0)
                0x00001262                _etext = .

.data           0x00800060        0xa load address 0x00001262
                0x00800060                PROVIDE (__data_start, .)
 *(.data)
 .data          0x00800060        0x4 AvrXBufferedSerial.o
                0x00800060                Tx0Buf
                0x00800062                Rx0Buf
 .data          0x00800064        0x6 /opt/local/lib/gcc/avr/3.4.4/../../../../avr/lib/avr5/libc.a(malloc.o)
                0x00800066                __malloc_heap_start
                0x00800064                __malloc_heap_end
                0x00800068                __malloc_margin
 *(.gnu.linkonce.d*)
                0x0080006a                . = ALIGN (0x2)
                0x0080006a                _edata = .
                0x0080006a                PROVIDE (__data_end, .)

.bss            0x0080006a       0xdb
                0x0080006a                PROVIDE (__bss_start, .)
 *(.bss)
 *(COMMON)
 COMMON         0x0080006a       0x75 SerialExample.o
                                  0x0 (size before relaxing)
                0x0080006a                task0Pid
                0x00800070                task0Stk
 COMMON         0x008000df       0x4e AvrXBufferedSerial.o
                                  0x0 (size before relaxing)
                0x008000df                Tx0BufFifo
                0x00800106                Rx0BufFifo
 *fill*         0x0080012d        0x3 00
 COMMON         0x00800130        0x7 ../avrx/avrx.a(avrx_tasking.o)
                                  0x0 (size before relaxing)
                0x00800130                AvrXKernelData
 *fill*         0x00800137        0x1 00
 COMMON         0x00800138        0x3 ../avrx/avrx.a(avrx_timequeue.o)
                                  0x0 (size before relaxing)
                0x00800138                _TimerQueue
                0x0080013a                _TimQLevel
 COMMON         0x0080013b        0x6 /opt/local/lib/gcc/avr/3.4.4/../../../../avr/lib/avr5/libc.a(fdevopen.o)
                                  0x0 (size before relaxing)
                0x0080013b                __iob
 COMMON         0x00800141        0x4 /opt/local/lib/gcc/avr/3.4.4/../../../../avr/lib/avr5/libc.a(malloc.o)
                                  0x0 (size before relaxing)
                0x00800141                __brkval
                0x00800143                __flp
                0x00800145                PROVIDE (__bss_end, .)
                0x00001262                __data_load_start = LOADADDR (.data)
                0x0000126c                __data_load_end = (__data_load_start + SIZEOF (.data))

.noinit         0x00800145        0x0
                0x00800145                PROVIDE (__noinit_start, .)
 *(.noinit*)
                0x00800145                PROVIDE (__noinit_end, .)
                0x00800145                _end = .
                0x00800145                PROVIDE (__heap_start, .)

.eeprom         0x00810000        0x0 load address 0x0000126c
 *(.eeprom*)
                0x00810000                __eeprom_end = .

.stab           0x00000000     0x4b48
 *(.stab)
 .stab          0x00000000      0x2a0 /opt/local/lib/gcc/avr/3.4.4/../../../../avr/lib/avr5/crtm32.o
 .stab          0x000002a0      0x7c8 SerialExample.o
                                0x7d4 (size before relaxing)
 .stab          0x00000a68      0x444 AvrXBufferedSerial.o
                                0x63c (size before relaxing)
 .stab          0x00000eac      0x690 ../avrx/avrx.a(AvrXFifo.o)
                                0x744 (size before relaxing)
 .stab          0x0000153c      0xbc4 ../avrx/avrx.a(avrx_tasking.o)
                                0xbd0 (size before relaxing)
 .stab          0x00002100      0x654 ../avrx/avrx.a(avrx_semaphores.o)
                                0x660 (size before relaxing)
 .stab          0x00002754      0x120 ../avrx/avrx.a(avrx_resetsemaphore.o)
                                0x12c (size before relaxing)
 .stab          0x00002874      0x534 ../avrx/avrx.a(avrx_timequeue.o)
                                0x540 (size before relaxing)
 .stab          0x00002da8      0x168 ../avrx/avrx.a(avrx_message.o)
                                0x174 (size before relaxing)
 .stab          0x00002f10      0x3c0 /opt/local/lib/gcc/avr/3.4.4/../../../../avr/lib/avr5/libc.a(fdevopen.o)
                                0x408 (size before relaxing)
 .stab          0x000032d0      0x288 /opt/local/lib/gcc/avr/3.4.4/../../../../avr/lib/avr5/libc.a(fgetc.o)
                                0x384 (size before relaxing)
 .stab          0x00003558      0x21c /opt/local/lib/gcc/avr/3.4.4/../../../../avr/lib/avr5/libc.a(fputc.o)
                                0x318 (size before relaxing)
 .stab          0x00003774      0x1d4 /opt/local/lib/gcc/avr/3.4.4/../../../../avr/lib/avr5/libc.a(printf_p.o)
                                0x2d0 (size before relaxing)
 .stab          0x00003948      0x84c /opt/local/lib/gcc/avr/3.4.4/../../../../avr/lib/avr5/libc.a(vfprintf_std.o)
                                0x984 (size before relaxing)
 .stab          0x00004194      0x1ec /opt/local/lib/gcc/avr/3.4.4/../../../../avr/lib/avr5/libc.a(calloc.o)
                                0x228 (size before relaxing)
 .stab          0x00004380      0x5a0 /opt/local/lib/gcc/avr/3.4.4/../../../../avr/lib/avr5/libc.a(malloc.o)
                                0x690 (size before relaxing)
 .stab          0x00004920       0x6c /opt/local/lib/gcc/avr/3.4.4/../../../../avr/lib/avr5/libc.a(memset.o)
                                 0x78 (size before relaxing)
 .stab          0x0000498c       0x84 /opt/local/lib/gcc/avr/3.4.4/../../../../avr/lib/avr5/libc.a(strlen_P.o)
                                 0x90 (size before relaxing)
 .stab          0x00004a10       0x9c /opt/local/lib/gcc/avr/3.4.4/../../../../avr/lib/avr5/libc.a(strnlen.o)
                                 0xa8 (size before relaxing)
 .stab          0x00004aac       0x9c /opt/local/lib/gcc/avr/3.4.4/../../../../avr/lib/avr5/libc.a(strnlen_P.o)
                                 0xa8 (size before relaxing)

.stabstr        0x00000000     0x2594
 *(.stabstr)
 .stabstr       0x00000000     0x2594 /opt/local/lib/gcc/avr/3.4.4/../../../../avr/lib/avr5/crtm32.o
                                  0x0 (size before relaxing)

.stab.excl
 *(.stab.excl)

.stab.exclstr
 *(.stab.exclstr)

.stab.index
 *(.stab.index)

.stab.indexstr
 *(.stab.indexstr)

.comment
 *(.comment)

.debug
 *(.debug)

.line
 *(.line)

.debug_srcinfo
 *(.debug_srcinfo)

.debug_sfnames
 *(.debug_sfnames)

.debug_aranges
 *(.debug_aranges)

.debug_pubnames
 *(.debug_pubnames)

.debug_info
 *(.debug_info)
 *(.gnu.linkonce.wi.*)

.debug_abbrev
 *(.debug_abbrev)

.debug_line
 *(.debug_line)

.debug_frame
 *(.debug_frame)

.debug_str
 *(.debug_str)

.debug_loc
 *(.debug_loc)

.debug_macinfo
 *(.debug_macinfo)
OUTPUT(AvrXBufferedSerial.elf elf32-avr)

Cross Reference Table

Symbol                                            File
AvrXAckMessage                                    ../avrx/avrx.a(avrx_semaphores.o)
AvrXDelay                                         ../avrx/avrx.a(avrx_timequeue.o)
                                                  SerialExample.o
AvrXFlushFifo                                     ../avrx/avrx.a(AvrXFifo.o)
                                                  AvrXBufferedSerial.o
AvrXInitTask                                      ../avrx/avrx.a(avrx_tasking.o)
AvrXIntResetObjectSemaphore                       ../avrx/avrx.a(avrx_resetsemaphore.o)
                                                  ../avrx/avrx.a(avrx_timequeue.o)
AvrXIntResetSemaphore                             ../avrx/avrx.a(avrx_resetsemaphore.o)
AvrXIntSendMessage                                ../avrx/avrx.a(avrx_message.o)
                                                  ../avrx/avrx.a(avrx_timequeue.o)
AvrXIntSetObjectSemaphore                         ../avrx/avrx.a(avrx_semaphores.o)
                                                  ../avrx/avrx.a(avrx_message.o)
                                                  ../avrx/avrx.a(avrx_timequeue.o)
AvrXIntSetSemaphore                               ../avrx/avrx.a(avrx_semaphores.o)
AvrXKernelData                                    ../avrx/avrx.a(avrx_semaphores.o)
                                                  ../avrx/avrx.a(avrx_tasking.o)
AvrXPeekFifo                                      ../avrx/avrx.a(AvrXFifo.o)
AvrXPullFifo                                      ../avrx/avrx.a(AvrXFifo.o)
                                                  AvrXBufferedSerial.o
AvrXPutFifo                                       ../avrx/avrx.a(AvrXFifo.o)
                                                  AvrXBufferedSerial.o
AvrXResetObjectSemaphore                          ../avrx/avrx.a(avrx_resetsemaphore.o)
                                                  ../avrx/avrx.a(avrx_message.o)
AvrXResetSemaphore                                ../avrx/avrx.a(avrx_resetsemaphore.o)
                                                  ../avrx/avrx.a(AvrXFifo.o)
AvrXResume                                        ../avrx/avrx.a(avrx_tasking.o)
AvrXRunTask                                       ../avrx/avrx.a(avrx_tasking.o)
                                                  SerialExample.o
AvrXSendMessage                                   ../avrx/avrx.a(avrx_message.o)
AvrXSetKernelStack                                ../avrx/avrx.a(avrx_tasking.o)
                                                  SerialExample.o
AvrXSetObjectSemaphore                            ../avrx/avrx.a(avrx_semaphores.o)
                                                  ../avrx/avrx.a(avrx_timequeue.o)
AvrXSetSemaphore                                  ../avrx/avrx.a(avrx_semaphores.o)
                                                  ../avrx/avrx.a(AvrXFifo.o)
AvrXStartTimer                                    ../avrx/avrx.a(avrx_timequeue.o)
AvrXStatFifo                                      ../avrx/avrx.a(AvrXFifo.o)
AvrXTimerHandler                                  ../avrx/avrx.a(avrx_timequeue.o)
                                                  SerialExample.o
AvrXWaitMessage                                   ../avrx/avrx.a(avrx_message.o)
AvrXWaitMessageAck                                ../avrx/avrx.a(avrx_semaphores.o)
AvrXWaitObjectSemaphore                           ../avrx/avrx.a(avrx_semaphores.o)
                                                  ../avrx/avrx.a(avrx_message.o)
AvrXWaitPullFifo                                  ../avrx/avrx.a(AvrXFifo.o)
                                                  AvrXBufferedSerial.o
AvrXWaitPutFifo                                   ../avrx/avrx.a(AvrXFifo.o)
                                                  AvrXBufferedSerial.o
AvrXWaitSemaphore                                 ../avrx/avrx.a(avrx_semaphores.o)
                                                  ../avrx/avrx.a(AvrXFifo.o)
AvrXWaitTask                                      ../avrx/avrx.a(avrx_semaphores.o)
AvrXWaitTimer                                     ../avrx/avrx.a(avrx_semaphores.o)
                                                  ../avrx/avrx.a(avrx_timequeue.o)
CountNotZero                                      ../avrx/avrx.a(avrx_timequeue.o)
Epilog                                            ../avrx/avrx.a(avrx_tasking.o)
                                                  AvrXBufferedSerial.o
                                                  SerialExample.o
InitSerial0                                       AvrXBufferedSerial.o
                                                  SerialExample.o
IntProlog                                         ../avrx/avrx.a(avrx_tasking.o)
                                                  ../avrx/avrx.a(avrx_message.o)
                                                  ../avrx/avrx.a(avrx_timequeue.o)
                                                  ../avrx/avrx.a(avrx_semaphores.o)
                                                  AvrXBufferedSerial.o
                                                  SerialExample.o
Rx0Buf                                            AvrXBufferedSerial.o
Rx0BufFifo                                        AvrXBufferedSerial.o
Tx0Buf                                            AvrXBufferedSerial.o
Tx0BufFifo                                        AvrXBufferedSerial.o
_AppendObject                                     ../avrx/avrx.a(avrx_semaphores.o)
                                                  ../avrx/avrx.a(avrx_message.o)
_Epilog                                           ../avrx/avrx.a(avrx_tasking.o)
                                                  ../avrx/avrx.a(avrx_message.o)
                                                  ../avrx/avrx.a(avrx_timequeue.o)
                                                  ../avrx/avrx.a(avrx_semaphores.o)
_QueuePid                                         ../avrx/avrx.a(avrx_tasking.o)
                                                  ../avrx/avrx.a(avrx_semaphores.o)
_RemoveFirstObject                                ../avrx/avrx.a(avrx_semaphores.o)
                                                  ../avrx/avrx.a(avrx_message.o)
_RemoveObject                                     ../avrx/avrx.a(avrx_semaphores.o)
_RemoveObjectAt                                   ../avrx/avrx.a(avrx_semaphores.o)
_TimQLevel                                        ../avrx/avrx.a(avrx_timequeue.o)
_TimerQueue                                       ../avrx/avrx.a(avrx_timequeue.o)
__bad_interrupt                                   /opt/local/lib/gcc/avr/3.4.4/../../../../avr/lib/avr5/crtm32.o
__brkval                                          /opt/local/lib/gcc/avr/3.4.4/../../../../avr/lib/avr5/libc.a(malloc.o)
__bss_end                                         /opt/local/lib/gcc/avr/3.4.4/avr5/libgcc.a(_clear_bss.o)
__bss_start                                       /opt/local/lib/gcc/avr/3.4.4/avr5/libgcc.a(_clear_bss.o)
__data_end                                        /opt/local/lib/gcc/avr/3.4.4/avr5/libgcc.a(_copy_data.o)
__data_load_start                                 /opt/local/lib/gcc/avr/3.4.4/avr5/libgcc.a(_copy_data.o)
__data_start                                      /opt/local/lib/gcc/avr/3.4.4/avr5/libgcc.a(_copy_data.o)
__do_clear_bss                                    /opt/local/lib/gcc/avr/3.4.4/avr5/libgcc.a(_clear_bss.o)
                                                  /opt/local/lib/gcc/avr/3.4.4/../../../../avr/lib/avr5/libc.a(malloc.o)
                                                  /opt/local/lib/gcc/avr/3.4.4/../../../../avr/lib/avr5/libc.a(calloc.o)
                                                  /opt/local/lib/gcc/avr/3.4.4/../../../../avr/lib/avr5/libc.a(vfprintf_std.o)
                                                  /opt/local/lib/gcc/avr/3.4.4/../../../../avr/lib/avr5/libc.a(printf_p.o)
                                                  /opt/local/lib/gcc/avr/3.4.4/../../../../avr/lib/avr5/libc.a(fputc.o)
                                                  /opt/local/lib/gcc/avr/3.4.4/../../../../avr/lib/avr5/libc.a(fgetc.o)
                                                  /opt/local/lib/gcc/avr/3.4.4/../../../../avr/lib/avr5/libc.a(fdevopen.o)
                                                  ../avrx/avrx.a(AvrXFifo.o)
                                                  AvrXBufferedSerial.o
                                                  SerialExample.o
__do_copy_data                                    /opt/local/lib/gcc/avr/3.4.4/avr5/libgcc.a(_copy_data.o)
                                                  /opt/local/lib/gcc/avr/3.4.4/../../../../avr/lib/avr5/libc.a(malloc.o)
                                                  /opt/local/lib/gcc/avr/3.4.4/../../../../avr/lib/avr5/libc.a(calloc.o)
                                                  /opt/local/lib/gcc/avr/3.4.4/../../../../avr/lib/avr5/libc.a(vfprintf_std.o)
                                                  /opt/local/lib/gcc/avr/3.4.4/../../../../avr/lib/avr5/libc.a(printf_p.o)
                                                  /opt/local/lib/gcc/avr/3.4.4/../../../../avr/lib/avr5/libc.a(fputc.o)
                                                  /opt/local/lib/gcc/avr/3.4.4/../../../../avr/lib/avr5/libc.a(fgetc.o)
                                                  /opt/local/lib/gcc/avr/3.4.4/../../../../avr/lib/avr5/libc.a(fdevopen.o)
                                                  ../avrx/avrx.a(AvrXFifo.o)
                                                  AvrXBufferedSerial.o
                                                  SerialExample.o
__flp                                             /opt/local/lib/gcc/avr/3.4.4/../../../../avr/lib/avr5/libc.a(malloc.o)
__heap_end                                        /opt/local/lib/gcc/avr/3.4.4/../../../../avr/lib/avr5/crtm32.o
                                                  /opt/local/lib/gcc/avr/3.4.4/../../../../avr/lib/avr5/libc.a(malloc.o)
__heap_start                                      /opt/local/lib/gcc/avr/3.4.4/../../../../avr/lib/avr5/libc.a(malloc.o)
__init                                            /opt/local/lib/gcc/avr/3.4.4/../../../../avr/lib/avr5/crtm32.o
__iob                                             /opt/local/lib/gcc/avr/3.4.4/../../../../avr/lib/avr5/libc.a(printf_p.o)
                                                  /opt/local/lib/gcc/avr/3.4.4/../../../../avr/lib/avr5/libc.a(fdevopen.o)
                                                  SerialExample.o
__malloc_heap_end                                 /opt/local/lib/gcc/avr/3.4.4/../../../../avr/lib/avr5/libc.a(malloc.o)
__malloc_heap_start                               /opt/local/lib/gcc/avr/3.4.4/../../../../avr/lib/avr5/libc.a(malloc.o)
__malloc_margin                                   /opt/local/lib/gcc/avr/3.4.4/../../../../avr/lib/avr5/libc.a(malloc.o)
__stack                                           /opt/local/lib/gcc/avr/3.4.4/../../../../avr/lib/avr5/crtm32.o
                                                  SerialExample.o
__udivmodsi4                                      /opt/local/lib/gcc/avr/3.4.4/avr5/libgcc.a(_udivmodsi4.o)
                                                  /opt/local/lib/gcc/avr/3.4.4/../../../../avr/lib/avr5/libc.a(vfprintf_std.o)
__vector_1                                        /opt/local/lib/gcc/avr/3.4.4/../../../../avr/lib/avr5/crtm32.o
__vector_10                                       /opt/local/lib/gcc/avr/3.4.4/../../../../avr/lib/avr5/crtm32.o
__vector_11                                       SerialExample.o
                                                  /opt/local/lib/gcc/avr/3.4.4/../../../../avr/lib/avr5/crtm32.o
__vector_12                                       /opt/local/lib/gcc/avr/3.4.4/../../../../avr/lib/avr5/crtm32.o
__vector_13                                       AvrXBufferedSerial.o
                                                  /opt/local/lib/gcc/avr/3.4.4/../../../../avr/lib/avr5/crtm32.o
__vector_14                                       AvrXBufferedSerial.o
                                                  /opt/local/lib/gcc/avr/3.4.4/../../../../avr/lib/avr5/crtm32.o
__vector_15                                       /opt/local/lib/gcc/avr/3.4.4/../../../../avr/lib/avr5/crtm32.o
__vector_16                                       /opt/local/lib/gcc/avr/3.4.4/../../../../avr/lib/avr5/crtm32.o
__vector_17                                       /opt/local/lib/gcc/avr/3.4.4/../../../../avr/lib/avr5/crtm32.o
__vector_18                                       /opt/local/lib/gcc/avr/3.4.4/../../../../avr/lib/avr5/crtm32.o
__vector_19                                       /opt/local/lib/gcc/avr/3.4.4/../../../../avr/lib/avr5/crtm32.o
__vector_2                                        /opt/local/lib/gcc/avr/3.4.4/../../../../avr/lib/avr5/crtm32.o
__vector_20                                       /opt/local/lib/gcc/avr/3.4.4/../../../../avr/lib/avr5/crtm32.o
__vector_3                                        /opt/local/lib/gcc/avr/3.4.4/../../../../avr/lib/avr5/crtm32.o
__vector_4                                        /opt/local/lib/gcc/avr/3.4.4/../../../../avr/lib/avr5/crtm32.o
__vector_5                                        /opt/local/lib/gcc/avr/3.4.4/../../../../avr/lib/avr5/crtm32.o
__vector_6                                        /opt/local/lib/gcc/avr/3.4.4/../../../../avr/lib/avr5/crtm32.o
__vector_7                                        /opt/local/lib/gcc/avr/3.4.4/../../../../avr/lib/avr5/crtm32.o
__vector_8                                        /opt/local/lib/gcc/avr/3.4.4/../../../../avr/lib/avr5/crtm32.o
__vector_9                                        /opt/local/lib/gcc/avr/3.4.4/../../../../avr/lib/avr5/crtm32.o
__vector_default                                  /opt/local/lib/gcc/avr/3.4.4/../../../../avr/lib/avr5/crtm32.o
__vectors                                         /opt/local/lib/gcc/avr/3.4.4/../../../../avr/lib/avr5/crtm32.o
calloc                                            /opt/local/lib/gcc/avr/3.4.4/../../../../avr/lib/avr5/libc.a(calloc.o)
                                                  /opt/local/lib/gcc/avr/3.4.4/../../../../avr/lib/avr5/libc.a(fdevopen.o)
fdevopen                                          /opt/local/lib/gcc/avr/3.4.4/../../../../avr/lib/avr5/libc.a(fdevopen.o)
                                                  SerialExample.o
fgetc                                             /opt/local/lib/gcc/avr/3.4.4/../../../../avr/lib/avr5/libc.a(fgetc.o)
                                                  SerialExample.o
fputc                                             /opt/local/lib/gcc/avr/3.4.4/../../../../avr/lib/avr5/libc.a(fputc.o)
                                                  /opt/local/lib/gcc/avr/3.4.4/../../../../avr/lib/avr5/libc.a(vfprintf_std.o)
                                                  SerialExample.o
free                                              /opt/local/lib/gcc/avr/3.4.4/../../../../avr/lib/avr5/libc.a(malloc.o)
get_c0                                            AvrXBufferedSerial.o
                                                  SerialExample.o
get_char0                                         AvrXBufferedSerial.o
main                                              SerialExample.o
                                                  /opt/local/lib/gcc/avr/3.4.4/../../../../avr/lib/avr5/crtm32.o
malloc                                            /opt/local/lib/gcc/avr/3.4.4/../../../../avr/lib/avr5/libc.a(malloc.o)
                                                  /opt/local/lib/gcc/avr/3.4.4/../../../../avr/lib/avr5/libc.a(calloc.o)
memset                                            /opt/local/lib/gcc/avr/3.4.4/../../../../avr/lib/avr5/libc.a(memset.o)
                                                  /opt/local/lib/gcc/avr/3.4.4/../../../../avr/lib/avr5/libc.a(calloc.o)
myputs                                            SerialExample.o
myputs_P                                          SerialExample.o
printf_P                                          /opt/local/lib/gcc/avr/3.4.4/../../../../avr/lib/avr5/libc.a(printf_p.o)
                                                  SerialExample.o
put_c0                                            AvrXBufferedSerial.o
put_char0                                         AvrXBufferedSerial.o
                                                  SerialExample.o
strlen_P                                          /opt/local/lib/gcc/avr/3.4.4/../../../../avr/lib/avr5/libc.a(strlen_P.o)
                                                  /opt/local/lib/gcc/avr/3.4.4/../../../../avr/lib/avr5/libc.a(vfprintf_std.o)
strnlen                                           /opt/local/lib/gcc/avr/3.4.4/../../../../avr/lib/avr5/libc.a(strnlen.o)
                                                  /opt/local/lib/gcc/avr/3.4.4/../../../../avr/lib/avr5/libc.a(vfprintf_std.o)
strnlen_P                                         /opt/local/lib/gcc/avr/3.4.4/../../../../avr/lib/avr5/libc.a(strnlen_P.o)
                                                  /opt/local/lib/gcc/avr/3.4.4/../../../../avr/lib/avr5/libc.a(vfprintf_std.o)
task0                                             SerialExample.o
task0Pid                                          SerialExample.o
task0Stk                                          SerialExample.o
task0Tcb                                          SerialExample.o
vfprintf                                          /opt/local/lib/gcc/avr/3.4.4/../../../../avr/lib/avr5/libc.a(vfprintf_std.o)
                                                  /opt/local/lib/gcc/avr/3.4.4/../../../../avr/lib/avr5/libc.a(printf_p.o)
