   1               		.file	"MessagesAndData.c"
   2               		.arch atmega32
   3               	__SREG__ = 0x3f
   4               	__SP_H__ = 0x3e
   5               	__SP_L__ = 0x3d
   6               	__tmp_reg__ = 0
   7               	__zero_reg__ = 1
   8               		.global __do_copy_data
   9               		.global __do_clear_bss
  10               	.global	task2Tcb
  11               		.section	.progmem.data,"a",@progbits
  14               	task2Tcb:
  15 0000 0000      		.word	task2Stk+44
  16 0002 0000      		.word	pm(task2)
  17 0004 0000      		.word	task2Pid
  18 0006 03        		.byte	3
  19               	.global	task1Tcb
  22               	task1Tcb:
  23 0007 0000      		.word	task1Stk+44
  24 0009 0000      		.word	pm(task1)
  25 000b 0000      		.word	task1Pid
  26 000d 03        		.byte	3
  27               	.global	MonitorTcb
  30               	MonitorTcb:
  31 000e 0000      		.word	MonitorStk+54
  32 0010 0000      		.word	pm(Monitor)
  33 0012 0000      		.word	MonitorPid
  34 0014 00        		.byte	0
  35               		.text
  36               	.global	__vector_11
  38               	__vector_11:
  39               	/* prologue: frame size=0 */
  40               	/* prologue: naked */
  41               	/* prologue end (size=0) */
  42 0000 0E94 0000 		call IntProlog
  43 0004 80EE      		ldi r24,lo8(-32)
  44 0006 82BF      		out 82-0x20,r24
  45 0008 0E94 0000 		call AvrXTimerHandler
  46 000c 0E94 0000 		call Epilog
  47               	/* epilogue: frame size=0 */
  48               	/* epilogue: naked */
  49               	/* epilogue end (size=0) */
  50               	/* function __vector_11 size 8 (8) */
  52               	.global	task1
  54               	task1:
  55               	/* prologue: frame size=0 */
  56               	/* prologue end (size=0) */
  57               	.L3:
  58 0010 80E0      		ldi r24,lo8(MyQueue)
  59 0012 90E0      		ldi r25,hi8(MyQueue)
  60 0014 0E94 0000 		call AvrXWaitMessage
  61 0018 FC01      		movw r30,r24
  62 001a 8481      		ldd r24,Z+4
  63 001c 88BB      		out 56-0x20,r24
  64 001e CF01      		movw r24,r30
  65 0020 0E94 0000 		call AvrXAckMessage
  66 0024 F5CF      		rjmp .L3
  67               	/* epilogue: frame size=0 */
  68               	/* epilogue: noreturn */
  69               	/* epilogue end (size=0) */
  70               	/* function task1 size 11 (11) */
  72               		.lcomm SwitchMessage.0,5
  73               	.global	task2
  75               	task2:
  76               	/* prologue: frame size=0 */
  77               	/* prologue end (size=0) */
  78 0026 8FEF      		ldi r24,lo8(-1)
  79 0028 8BBB      		out 59-0x20,r24
  80               	.L12:
  81 002a 6AE0      		ldi r22,lo8(10)
  82 002c 70E0      		ldi r23,hi8(10)
  83 002e 80E0      		ldi r24,lo8(MyTimer)
  84 0030 90E0      		ldi r25,hi8(MyTimer)
  85 0032 0E94 0000 		call AvrXDelay
  86 0036 99B3      		in r25,57-0x20
  87 0038 8091 0000 		lds r24,SwitchMessage.0+4
  88 003c 8917      		cp r24,r25
  89 003e A9F3      		breq .L12
  90               	.L14:
  91 0040 9093 0000 		sts SwitchMessage.0+4,r25
  92 0044 60E0      		ldi r22,lo8(SwitchMessage.0)
  93 0046 70E0      		ldi r23,hi8(SwitchMessage.0)
  94 0048 80E0      		ldi r24,lo8(MyQueue)
  95 004a 90E0      		ldi r25,hi8(MyQueue)
  96 004c 0E94 0000 		call AvrXSendMessage
  97 0050 80E0      		ldi r24,lo8(SwitchMessage.0)
  98 0052 90E0      		ldi r25,hi8(SwitchMessage.0)
  99 0054 0E94 0000 		call AvrXWaitMessageAck
 100 0058 6AE0      		ldi r22,lo8(10)
 101 005a 70E0      		ldi r23,hi8(10)
 102 005c 80E0      		ldi r24,lo8(MyTimer)
 103 005e 90E0      		ldi r25,hi8(MyTimer)
 104 0060 0E94 0000 		call AvrXDelay
 105 0064 99B3      		in r25,57-0x20
 106 0066 8091 0000 		lds r24,SwitchMessage.0+4
 107 006a 8917      		cp r24,r25
 108 006c 49F7      		brne .L14
 109 006e DDCF      		rjmp .L12
 110               	/* epilogue: frame size=0 */
 111               	/* epilogue: noreturn */
 112               	/* epilogue end (size=0) */
 113               	/* function task2 size 37 (37) */
 115               	.global	main
 117               	main:
 118               	/* prologue: frame size=0 */
 119 0070 C0E0      		ldi r28,lo8(__stack - 0)
 120 0072 D0E0      		ldi r29,hi8(__stack - 0)
 121 0074 DEBF      		out __SP_H__,r29
 122 0076 CDBF      		out __SP_L__,r28
 123               	/* prologue end (size=4) */
 124 0078 80E0      		ldi r24,lo8(0)
 125 007a 90E0      		ldi r25,hi8(0)
 126 007c 0E94 0000 		call AvrXSetKernelStack
 127 0080 80E8      		ldi r24,lo8(-128)
 128 0082 85BF      		out 85-0x20,r24
 129 0084 80EE      		ldi r24,lo8(-32)
 130 0086 82BF      		out 82-0x20,r24
 131 0088 84E0      		ldi r24,lo8(4)
 132 008a 83BF      		out 83-0x20,r24
 133 008c 81E0      		ldi r24,lo8(1)
 134 008e 89BF      		out 89-0x20,r24
 135 0090 8FEF      		ldi r24,lo8(-1)
 136 0092 87BB      		out 55-0x20,r24
 137 0094 88BB      		out 56-0x20,r24
 138 0096 80E0      		ldi r24,lo8(task1Tcb)
 139 0098 90E0      		ldi r25,hi8(task1Tcb)
 140 009a 0E94 0000 		call AvrXRunTask
 141 009e 80E0      		ldi r24,lo8(task2Tcb)
 142 00a0 90E0      		ldi r25,hi8(task2Tcb)
 143 00a2 0E94 0000 		call AvrXRunTask
 144 00a6 80E0      		ldi r24,lo8(MonitorTcb)
 145 00a8 90E0      		ldi r25,hi8(MonitorTcb)
 146 00aa 0E94 0000 		call AvrXRunTask
 147 00ae 89E1      		ldi r24,lo8(25)
 148 00b0 90E0      		ldi r25,hi8(25)
 149 00b2 0E94 0000 		call InitSerialIO
 150 00b6 80E0      		ldi r24,lo8(EEPromMutex)
 151 00b8 90E0      		ldi r25,hi8(EEPromMutex)
 152 00ba 0E94 0000 		call AvrXSetSemaphore
 153 00be 0E94 0000 		call Epilog
 154               	.L16:
 155 00c2 FFCF      		rjmp .L16
 156               	/* epilogue: frame size=0 */
 157               	/* epilogue: noreturn */
 158               	/* epilogue end (size=0) */
 159               	/* function main size 42 (38) */
 161               		.comm MonitorStk,55,1
 162               		.comm MonitorPid,6,1
 163               		.comm MyTimer,6,1
 164               		.comm MyQueue,4,1
 165               		.comm task1Stk,45,1
 166               		.comm task1Pid,6,1
 167               		.comm task2Stk,45,1
 168               		.comm task2Pid,6,1
 169               	/* File "MessagesAndData.c": code   98 = 0x0062 (  94), prologues   4, epilogues   0 */
DEFINED SYMBOLS
                            *ABS*:00000000 MessagesAndData.c
                            *ABS*:0000003f __SREG__
                            *ABS*:0000003e __SP_H__
                            *ABS*:0000003d __SP_L__
                            *ABS*:00000000 __tmp_reg__
                            *ABS*:00000001 __zero_reg__
/var/tmp//ccsLKhNA.s:14     .progmem.data:00000000 task2Tcb
                            *COM*:0000002d task2Stk
/var/tmp//ccsLKhNA.s:75     .text:00000026 task2
                            *COM*:00000006 task2Pid
/var/tmp//ccsLKhNA.s:22     .progmem.data:00000007 task1Tcb
                            *COM*:0000002d task1Stk
/var/tmp//ccsLKhNA.s:54     .text:00000010 task1
                            *COM*:00000006 task1Pid
/var/tmp//ccsLKhNA.s:30     .progmem.data:0000000e MonitorTcb
                            *COM*:00000037 MonitorStk
                            *COM*:00000006 MonitorPid
/var/tmp//ccsLKhNA.s:38     .text:00000000 __vector_11
                            *COM*:00000004 MyQueue
                             .bss:00000000 SwitchMessage.0
                            *COM*:00000006 MyTimer
/var/tmp//ccsLKhNA.s:117    .text:00000070 main

UNDEFINED SYMBOLS
__do_copy_data
__do_clear_bss
Monitor
IntProlog
AvrXTimerHandler
Epilog
AvrXWaitMessage
AvrXAckMessage
AvrXDelay
AvrXSendMessage
AvrXWaitMessageAck
__stack
AvrXSetKernelStack
AvrXRunTask
InitSerialIO
EEPromMutex
AvrXSetSemaphore
