Archive member included because of file (symbol)

../avrx/avrx.a(monitor.o)     Timers.o (Monitor)
../avrx/avrx.a(avrx_tasking.o)
                              Timers.o (IntProlog)
../avrx/avrx.a(avrx_semaphores.o)
                              Timers.o (AvrXWaitTimer)
../avrx/avrx.a(avrx_singlestep.o)
                              ../avrx/avrx.a(monitor.o) (AvrXStepNext)
../avrx/avrx.a(avrx_terminate.o)
                              ../avrx/avrx.a(monitor.o) (AvrXTerminate)
../avrx/avrx.a(avrx_suspend.o)
                              ../avrx/avrx.a(monitor.o) (AvrXSuspend)
../avrx/avrx.a(avrx_timequeue.o)
                              Timers.o (AvrXDelay)
../avrx/avrx.a(avrx_canceltimer.o)
                              ../avrx/avrx.a(monitor.o) (AvrXCancelTimer)
../avrx/avrx.a(avrx_eeprom.o)
                              ../avrx/avrx.a(monitor.o) (EEPromMutex)
../avrx/avrx.a(avrx_resetsemaphore.o)
                              ../avrx/avrx.a(avrx_timequeue.o) (AvrXIntResetObjectSemaphore)
../avrx/avrx.a(avrx_message.o)
                              ../avrx/avrx.a(avrx_timequeue.o) (AvrXIntSendMessage)
/opt/local/lib/gcc/avr/3.4.4/avr5/libgcc.a(_copy_data.o)
                              Timers.o (__do_copy_data)
/opt/local/lib/gcc/avr/3.4.4/avr5/libgcc.a(_clear_bss.o)
                              Timers.o (__do_clear_bss)

Allocating common symbols
Common symbol       size              file

_TimerQueue         0x2               ../avrx/avrx.a(avrx_timequeue.o)
TxIntFlag           0x2               ../avrx/serialio.o
_TimQLevel          0x1               ../avrx/avrx.a(avrx_timequeue.o)
timer2              0x6               Timers.o
MonitorStk          0x37              Timers.o
task2Pid            0x6               Timers.o
AvrXKernelData      0x7               ../avrx/avrx.a(avrx_tasking.o)
SioFlags            0x1               ../avrx/serialio.o
MonitorPid          0x6               Timers.o
task2Stk            0x2b              Timers.o
EEPromMutex         0x2               ../avrx/avrx.a(avrx_eeprom.o)
timer1              0x6               Timers.o
RxC_Flag            0x2               ../avrx/serialio.o
_RxByte             0x1               ../avrx/serialio.o
task1Pid            0x6               Timers.o
task1Stk            0x2b              Timers.o

Memory Configuration

Name             Origin             Length             Attributes
text             0x00000000         0x00020000         xr
data             0x00800060         0x0000ffa0         rw !x
eeprom           0x00810000         0x00010000         rw !x
*default*        0x00000000         0xffffffff

Linker script and memory map

LOAD /opt/local/lib/gcc/avr/3.4.4/../../../../avr/lib/avr5/crtm32.o
LOAD Timers.o
LOAD ../avrx/serialio.o
LOAD ../avrx/avrx.a
LOAD /opt/local/lib/gcc/avr/3.4.4/../../../../avr/lib/avr5/libm.a
LOAD /opt/local/lib/gcc/avr/3.4.4/avr5/libgcc.a
LOAD /opt/local/lib/gcc/avr/3.4.4/../../../../avr/lib/avr5/libc.a
LOAD /opt/local/lib/gcc/avr/3.4.4/avr5/libgcc.a

.hash
 *(.hash)

.dynsym
 *(.dynsym)

.dynstr
 *(.dynstr)

.gnu.version
 *(.gnu.version)

.gnu.version_d
 *(.gnu.version_d)

.gnu.version_r
 *(.gnu.version_r)

.rel.init
 *(.rel.init)

.rela.init
 *(.rela.init)

.rel.text
 *(.rel.text)
 *(.rel.text.*)
 *(.rel.gnu.linkonce.t*)

.rela.text
 *(.rela.text)
 *(.rela.text.*)
 *(.rela.gnu.linkonce.t*)

.rel.fini
 *(.rel.fini)

.rela.fini
 *(.rela.fini)

.rel.rodata
 *(.rel.rodata)
 *(.rel.rodata.*)
 *(.rel.gnu.linkonce.r*)

.rela.rodata
 *(.rela.rodata)
 *(.rela.rodata.*)
 *(.rela.gnu.linkonce.r*)

.rel.data
 *(.rel.data)
 *(.rel.data.*)
 *(.rel.gnu.linkonce.d*)

.rela.data
 *(.rela.data)
 *(.rela.data.*)
 *(.rela.gnu.linkonce.d*)

.rel.ctors
 *(.rel.ctors)

.rela.ctors
 *(.rela.ctors)

.rel.dtors
 *(.rel.dtors)

.rela.dtors
 *(.rela.dtors)

.rel.got
 *(.rel.got)

.rela.got
 *(.rela.got)

.rel.bss
 *(.rel.bss)

.rela.bss
 *(.rela.bss)

.rel.plt
 *(.rel.plt)

.rela.plt
 *(.rela.plt)

.text           0x00000000      0xbe4
 *(.vectors)
 .vectors       0x00000000       0x54 /opt/local/lib/gcc/avr/3.4.4/../../../../avr/lib/avr5/crtm32.o
                0x00000000                __vectors
                0x00000000                __vector_default
                0x00000054                __ctors_start = .
 *(.ctors)
                0x00000054                __ctors_end = .
                0x00000054                __dtors_start = .
 *(.dtors)
                0x00000054                __dtors_end = .
 *(.progmem.gcc*)
 *(.progmem*)
 .progmem.data  0x00000054       0x15 Timers.o
                0x0000005b                task1Tcb
                0x00000054                task2Tcb
                0x00000062                MonitorTcb
                0x0000006a                . = ALIGN (0x2)
 *fill*         0x00000069        0x1 00
 *(.init0)
 *(.init1)
 *(.init2)
 .init2         0x0000006a        0xc /opt/local/lib/gcc/avr/3.4.4/../../../../avr/lib/avr5/crtm32.o
 *(.init3)
 *(.init4)
 .init4         0x00000076       0x16 /opt/local/lib/gcc/avr/3.4.4/avr5/libgcc.a(_copy_data.o)
                0x00000076                __do_copy_data
 .init4         0x0000008c       0x10 /opt/local/lib/gcc/avr/3.4.4/avr5/libgcc.a(_clear_bss.o)
                0x0000008c                __do_clear_bss
 *(.init5)
 *(.init6)
 *(.init7)
 *(.init8)
 *(.init9)
 .init9         0x0000009c        0x4 /opt/local/lib/gcc/avr/3.4.4/../../../../avr/lib/avr5/crtm32.o
 *(.text)
 .text          0x000000a0        0x4 /opt/local/lib/gcc/avr/3.4.4/../../../../avr/lib/avr5/crtm32.o
                0x000000a0                __vector_1
                0x000000a0                __vector_12
                0x000000a0                __bad_interrupt
                0x000000a0                __vector_6
                0x000000a0                __vector_3
                0x000000a0                __vector_17
                0x000000a0                __vector_19
                0x000000a0                __vector_7
                0x000000a0                __vector_5
                0x000000a0                __vector_4
                0x000000a0                __vector_9
                0x000000a0                __vector_2
                0x000000a0                __vector_15
                0x000000a0                __vector_8
                0x000000a0                __vector_10
                0x000000a0                __vector_16
                0x000000a0                __vector_18
                0x000000a0                __vector_20
 .text          0x000000a4       0xaa Timers.o
                0x000000a4                __vector_11
                0x000000b4                task1
                0x000000ec                task2
                0x00000102                main
                0x0000014e                . = ALIGN (0x2)
 *(.text.*)
 .text.avrx.serialio
                0x0000014e      0x168 ../avrx/serialio.o
                0x0000015e                GetChar
                0x00000180                PutCR
                0x00000188                _PrintString
                0x00000278                _PutHex
                0x00000266                IsWhite
                0x000001ea                _GetHex
                0x0000023c                GetHexChar
                0x000001a8                InitSerialIO
                0x000001c2                __vector_13
                0x00000184                PutSpace
                0x0000017c                _GetChar
                0x00000240                IsHex
                0x0000014e                PushChar
                0x00000234                GetHexWord
                0x000002b2                PutHexByte
                0x000001d6                PutChar
                0x000002ae                PutHexWord
                0x00000238                GetHexByte
                0x000001b6                __vector_14
 .text.avrx.monitor
                0x000002b6      0x3e8 ../avrx/avrx.a(monitor.o)
                0x000003dc                DebugMonitor
                0x0000051a                _DumpMemory
                0x000004ae                GetDumpLength
                0x0000064c                GetByteWord
                0x0000066e                PutByteWord
                0x000003ae                Monitor
                0x00000498                GetObjectID
                0x0000055a                _ModifyMemory
                0x000004c0                GetFlagsAndAddress
                0x000005d6                _PrintContext
 .text.avrx.avrx_tasking
                0x0000069e      0x1d4 ../avrx/avrx.a(avrx_tasking.o)
                0x000007c0                AvrXRunTask
                0x0000080a                AvrXResume
                0x0000073a                _Epilog
                0x000007c4                AvrXInitTask
                0x0000069e                IntProlog
                0x000007a8                AvrXSetKernelStack
                0x00000826                _QueuePid
                0x00000736                Epilog
 .text.avrx.avrx_semaphores
                0x00000872       0xe2 ../avrx/avrx.a(avrx_semaphores.o)
                0x00000872                AvrXWaitTimer
                0x000008a0                AvrXSetObjectSemaphore
                0x000008a0                AvrXAckMessage
                0x00000872                AvrXWaitObjectSemaphore
                0x00000876                AvrXWaitSemaphore
                0x000008be                AvrXIntSetSemaphore
                0x0000092e                _RemoveObjectAt
                0x00000872                AvrXWaitMessageAck
                0x000008ba                AvrXIntSetObjectSemaphore
                0x00000922                _RemoveFirstObject
                0x00000872                AvrXWaitTask
                0x000008f4                _AppendObject
                0x00000910                _RemoveObject
                0x000008a4                AvrXSetSemaphore
 .text.avrx.avrx_singlestep
                0x00000954       0x50 ../avrx/avrx.a(avrx_singlestep.o)
                0x00000954                AvrXSingleStepNext
                0x0000097e                AvrXStepNext
 .text.avrx.avrx_terminate
                0x000009a4       0x2c ../avrx/avrx.a(avrx_terminate.o)
                0x000009a4                AvrXTaskExit
                0x000009b4                AvrXTerminate
 .text.avrx.avrx_suspend
                0x000009d0       0x42 ../avrx/avrx.a(avrx_suspend.o)
                0x000009e6                AvrXSuspend
                0x000009d0                AvrXBreakpoint
 .text.avrx.avrx_timequeue
                0x00000a12       0xe4 ../avrx/avrx.a(avrx_timequeue.o)
                0x00000a12                AvrXDelay
                0x00000a16                AvrXStartTimer
                0x00000a1e                CountNotZero
                0x00000a6e                AvrXTimerHandler
 .text.avrx.avrx_canceltimer
                0x00000af6       0x36 ../avrx/avrx.a(avrx_canceltimer.o)
                0x00000af6                AvrXCancelTimer
 .text.avrx.avrx_eeprom
                0x00000b2c       0x68 ../avrx/avrx.a(avrx_eeprom.o)
                0x00000b2c                AvrXReadEEProm
                0x00000b78                AvrXWriteEEProm
                0x00000b4a                AvrXReadEEPromWord
 .text.avrx.avrx_resetsemaphore
                0x00000b94       0x22 ../avrx/avrx.a(avrx_resetsemaphore.o)
                0x00000b94                AvrXResetObjectSemaphore
                0x00000b9c                AvrXIntResetSemaphore
                0x00000b9c                AvrXResetSemaphore
                0x00000b94                AvrXIntResetObjectSemaphore
 .text.avrx.avrx_message
                0x00000bb6       0x2e ../avrx/avrx.a(avrx_message.o)
                0x00000bc0                AvrXIntSendMessage
                0x00000bc8                AvrXWaitMessage
                0x00000bb6                AvrXSendMessage
                0x00000be4                . = ALIGN (0x2)
 *(.fini9)
 *(.fini8)
 *(.fini7)
 *(.fini6)
 *(.fini5)
 *(.fini4)
 *(.fini3)
 *(.fini2)
 *(.fini1)
 *(.fini0)
                0x00000be4                _etext = .

.data           0x00800060        0x0 load address 0x00000be4
                0x00800060                PROVIDE (__data_start, .)
 *(.data)
 *(.gnu.linkonce.d*)
                0x00800060                . = ALIGN (0x2)
                0x00800060                _edata = .
                0x00800060                PROVIDE (__data_end, .)

.bss            0x00800060       0xc2
                0x00800060                PROVIDE (__bss_start, .)
 *(.bss)
 *(COMMON)
 COMMON         0x00800060       0xab Timers.o
                                  0x0 (size before relaxing)
                0x00800060                timer2
                0x00800066                MonitorStk
                0x0080009d                task2Pid
                0x008000a3                MonitorPid
                0x008000a9                task2Stk
                0x008000d4                timer1
                0x008000da                task1Pid
                0x008000e0                task1Stk
 *fill*         0x0080010b        0x1 00
 COMMON         0x0080010c        0x7 ../avrx/serialio.o
                                  0x0 (size before relaxing)
                0x0080010c                TxIntFlag
                0x0080010e                SioFlags
                0x00800110                RxC_Flag
                0x00800112                _RxByte
 *fill*         0x00800113        0x1 00
 COMMON         0x00800114        0x7 ../avrx/avrx.a(avrx_tasking.o)
                                  0x0 (size before relaxing)
                0x00800114                AvrXKernelData
 *fill*         0x0080011b        0x1 00
 COMMON         0x0080011c        0x3 ../avrx/avrx.a(avrx_timequeue.o)
                                  0x0 (size before relaxing)
                0x0080011c                _TimerQueue
                0x0080011e                _TimQLevel
 *fill*         0x0080011f        0x1 00
 COMMON         0x00800120        0x2 ../avrx/avrx.a(avrx_eeprom.o)
                                  0x0 (size before relaxing)
                0x00800120                EEPromMutex
                0x00800122                PROVIDE (__bss_end, .)
                0x00000be4                __data_load_start = LOADADDR (.data)
                0x00000be4                __data_load_end = (__data_load_start + SIZEOF (.data))

.noinit         0x00800122        0x0
                0x00800122                PROVIDE (__noinit_start, .)
 *(.noinit*)
                0x00800122                PROVIDE (__noinit_end, .)
                0x00800122                _end = .
                0x00800122                PROVIDE (__heap_start, .)

.eeprom         0x00810000        0x0 load address 0x00000be4
 *(.eeprom*)
                0x00810000                __eeprom_end = .

.stab           0x00000000     0x4068
 *(.stab)
 .stab          0x00000000      0x2a0 /opt/local/lib/gcc/avr/3.4.4/../../../../avr/lib/avr5/crtm32.o
 .stab          0x000002a0      0x9f0 ../avrx/serialio.o
                                0x9fc (size before relaxing)
 .stab          0x00000c90     0x1110 ../avrx/avrx.a(monitor.o)
                               0x111c (size before relaxing)
 .stab          0x00001da0      0xbc4 ../avrx/avrx.a(avrx_tasking.o)
                                0xbd0 (size before relaxing)
 .stab          0x00002964      0x654 ../avrx/avrx.a(avrx_semaphores.o)
                                0x660 (size before relaxing)
 .stab          0x00002fb8      0x204 ../avrx/avrx.a(avrx_singlestep.o)
                                0x210 (size before relaxing)
 .stab          0x000031bc      0x114 ../avrx/avrx.a(avrx_terminate.o)
                                0x120 (size before relaxing)
 .stab          0x000032d0      0x198 ../avrx/avrx.a(avrx_suspend.o)
                                0x1a4 (size before relaxing)
 .stab          0x00003468      0x534 ../avrx/avrx.a(avrx_timequeue.o)
                                0x540 (size before relaxing)
 .stab          0x0000399c      0x168 ../avrx/avrx.a(avrx_canceltimer.o)
                                0x174 (size before relaxing)
 .stab          0x00003b04      0x2dc ../avrx/avrx.a(avrx_eeprom.o)
                                0x2e8 (size before relaxing)
 .stab          0x00003de0      0x120 ../avrx/avrx.a(avrx_resetsemaphore.o)
                                0x12c (size before relaxing)
 .stab          0x00003f00      0x168 ../avrx/avrx.a(avrx_message.o)
                                0x174 (size before relaxing)

.stabstr        0x00000000      0x650
 *(.stabstr)
 .stabstr       0x00000000      0x650 /opt/local/lib/gcc/avr/3.4.4/../../../../avr/lib/avr5/crtm32.o
                                  0x0 (size before relaxing)

.stab.excl
 *(.stab.excl)

.stab.exclstr
 *(.stab.exclstr)

.stab.index
 *(.stab.index)

.stab.indexstr
 *(.stab.indexstr)

.comment
 *(.comment)

.debug
 *(.debug)

.line
 *(.line)

.debug_srcinfo
 *(.debug_srcinfo)

.debug_sfnames
 *(.debug_sfnames)

.debug_aranges
 *(.debug_aranges)

.debug_pubnames
 *(.debug_pubnames)

.debug_info
 *(.debug_info)
 *(.gnu.linkonce.wi.*)

.debug_abbrev
 *(.debug_abbrev)

.debug_line
 *(.debug_line)

.debug_frame
 *(.debug_frame)

.debug_str
 *(.debug_str)

.debug_loc
 *(.debug_loc)

.debug_macinfo
 *(.debug_macinfo)
OUTPUT(Timers.elf elf32-avr)

Cross Reference Table

Symbol                                            File
AvrXAckMessage                                    ../avrx/avrx.a(avrx_semaphores.o)
AvrXBreakpoint                                    ../avrx/avrx.a(avrx_suspend.o)
AvrXCancelTimer                                   ../avrx/avrx.a(avrx_canceltimer.o)
                                                  ../avrx/avrx.a(monitor.o)
AvrXDelay                                         ../avrx/avrx.a(avrx_timequeue.o)
                                                  Timers.o
AvrXInitTask                                      ../avrx/avrx.a(avrx_tasking.o)
                                                  ../avrx/avrx.a(monitor.o)
AvrXIntResetObjectSemaphore                       ../avrx/avrx.a(avrx_resetsemaphore.o)
                                                  ../avrx/avrx.a(avrx_timequeue.o)
AvrXIntResetSemaphore                             ../avrx/avrx.a(avrx_resetsemaphore.o)
AvrXIntSendMessage                                ../avrx/avrx.a(avrx_message.o)
                                                  ../avrx/avrx.a(avrx_timequeue.o)
AvrXIntSetObjectSemaphore                         ../avrx/avrx.a(avrx_semaphores.o)
                                                  ../avrx/avrx.a(avrx_message.o)
                                                  ../avrx/avrx.a(avrx_canceltimer.o)
                                                  ../avrx/avrx.a(avrx_timequeue.o)
AvrXIntSetSemaphore                               ../avrx/avrx.a(avrx_semaphores.o)
                                                  ../avrx/serialio.o
AvrXKernelData                                    ../avrx/avrx.a(avrx_suspend.o)
                                                  ../avrx/avrx.a(avrx_terminate.o)
                                                  ../avrx/avrx.a(avrx_singlestep.o)
                                                  ../avrx/avrx.a(avrx_semaphores.o)
                                                  ../avrx/avrx.a(avrx_tasking.o)
AvrXReadEEProm                                    ../avrx/avrx.a(avrx_eeprom.o)
                                                  ../avrx/avrx.a(monitor.o)
AvrXReadEEPromWord                                ../avrx/avrx.a(avrx_eeprom.o)
                                                  ../avrx/avrx.a(monitor.o)
AvrXResetObjectSemaphore                          ../avrx/avrx.a(avrx_resetsemaphore.o)
                                                  ../avrx/avrx.a(avrx_message.o)
AvrXResetSemaphore                                ../avrx/avrx.a(avrx_resetsemaphore.o)
AvrXResume                                        ../avrx/avrx.a(avrx_tasking.o)
                                                  ../avrx/avrx.a(monitor.o)
AvrXRunTask                                       ../avrx/avrx.a(avrx_tasking.o)
                                                  Timers.o
AvrXSendMessage                                   ../avrx/avrx.a(avrx_message.o)
AvrXSetKernelStack                                ../avrx/avrx.a(avrx_tasking.o)
                                                  Timers.o
AvrXSetObjectSemaphore                            ../avrx/avrx.a(avrx_semaphores.o)
                                                  ../avrx/avrx.a(avrx_timequeue.o)
AvrXSetSemaphore                                  ../avrx/avrx.a(avrx_semaphores.o)
                                                  ../avrx/avrx.a(avrx_eeprom.o)
                                                  ../avrx/avrx.a(monitor.o)
AvrXSingleStepNext                                ../avrx/avrx.a(avrx_singlestep.o)
AvrXStartTimer                                    ../avrx/avrx.a(avrx_timequeue.o)
                                                  Timers.o
AvrXStepNext                                      ../avrx/avrx.a(avrx_singlestep.o)
                                                  ../avrx/avrx.a(monitor.o)
AvrXSuspend                                       ../avrx/avrx.a(avrx_suspend.o)
                                                  ../avrx/avrx.a(monitor.o)
AvrXTaskExit                                      ../avrx/avrx.a(avrx_terminate.o)
AvrXTerminate                                     ../avrx/avrx.a(avrx_terminate.o)
                                                  ../avrx/avrx.a(monitor.o)
AvrXTimerHandler                                  ../avrx/avrx.a(avrx_timequeue.o)
                                                  Timers.o
AvrXWaitMessage                                   ../avrx/avrx.a(avrx_message.o)
AvrXWaitMessageAck                                ../avrx/avrx.a(avrx_semaphores.o)
AvrXWaitObjectSemaphore                           ../avrx/avrx.a(avrx_semaphores.o)
                                                  ../avrx/avrx.a(avrx_message.o)
AvrXWaitSemaphore                                 ../avrx/avrx.a(avrx_semaphores.o)
                                                  ../avrx/avrx.a(avrx_eeprom.o)
                                                  ../avrx/serialio.o
AvrXWaitTask                                      ../avrx/avrx.a(avrx_semaphores.o)
AvrXWaitTimer                                     ../avrx/avrx.a(avrx_semaphores.o)
                                                  ../avrx/avrx.a(avrx_timequeue.o)
                                                  Timers.o
AvrXWriteEEProm                                   ../avrx/avrx.a(avrx_eeprom.o)
                                                  ../avrx/avrx.a(monitor.o)
CountNotZero                                      ../avrx/avrx.a(avrx_timequeue.o)
DebugMonitor                                      ../avrx/avrx.a(monitor.o)
EEPromMutex                                       ../avrx/avrx.a(avrx_eeprom.o)
                                                  ../avrx/avrx.a(monitor.o)
Epilog                                            ../avrx/avrx.a(avrx_tasking.o)
                                                  Timers.o
GetByteWord                                       ../avrx/avrx.a(monitor.o)
GetChar                                           ../avrx/serialio.o
GetDumpLength                                     ../avrx/avrx.a(monitor.o)
GetFlagsAndAddress                                ../avrx/avrx.a(monitor.o)
GetHexByte                                        ../avrx/serialio.o
                                                  ../avrx/avrx.a(monitor.o)
GetHexChar                                        ../avrx/serialio.o
GetHexWord                                        ../avrx/serialio.o
                                                  ../avrx/avrx.a(monitor.o)
GetObjectID                                       ../avrx/avrx.a(monitor.o)
InitSerialIO                                      ../avrx/serialio.o
                                                  Timers.o
IntProlog                                         ../avrx/avrx.a(avrx_tasking.o)
                                                  ../avrx/avrx.a(avrx_message.o)
                                                  ../avrx/avrx.a(avrx_canceltimer.o)
                                                  ../avrx/avrx.a(avrx_timequeue.o)
                                                  ../avrx/avrx.a(avrx_suspend.o)
                                                  ../avrx/avrx.a(avrx_terminate.o)
                                                  ../avrx/avrx.a(avrx_singlestep.o)
                                                  ../avrx/avrx.a(avrx_semaphores.o)
                                                  ../avrx/serialio.o
                                                  Timers.o
IsHex                                             ../avrx/serialio.o
IsWhite                                           ../avrx/serialio.o
                                                  ../avrx/avrx.a(monitor.o)
Monitor                                           ../avrx/avrx.a(monitor.o)
                                                  Timers.o
MonitorPid                                        Timers.o
MonitorStk                                        Timers.o
MonitorTcb                                        Timers.o
PushChar                                          ../avrx/serialio.o
PutByteWord                                       ../avrx/avrx.a(monitor.o)
PutCR                                             ../avrx/serialio.o
                                                  ../avrx/avrx.a(monitor.o)
PutChar                                           ../avrx/serialio.o
                                                  ../avrx/avrx.a(monitor.o)
PutHexByte                                        ../avrx/serialio.o
                                                  ../avrx/avrx.a(monitor.o)
PutHexWord                                        ../avrx/serialio.o
                                                  ../avrx/avrx.a(monitor.o)
PutSpace                                          ../avrx/serialio.o
                                                  ../avrx/avrx.a(monitor.o)
RxC_Flag                                          ../avrx/serialio.o
SioFlags                                          ../avrx/serialio.o
TxIntFlag                                         ../avrx/serialio.o
_AppendObject                                     ../avrx/avrx.a(avrx_semaphores.o)
                                                  ../avrx/avrx.a(avrx_message.o)
_DumpMemory                                       ../avrx/avrx.a(monitor.o)
_Epilog                                           ../avrx/avrx.a(avrx_tasking.o)
                                                  ../avrx/avrx.a(avrx_message.o)
                                                  ../avrx/avrx.a(avrx_canceltimer.o)
                                                  ../avrx/avrx.a(avrx_timequeue.o)
                                                  ../avrx/avrx.a(avrx_suspend.o)
                                                  ../avrx/avrx.a(avrx_terminate.o)
                                                  ../avrx/avrx.a(avrx_singlestep.o)
                                                  ../avrx/avrx.a(avrx_semaphores.o)
                                                  ../avrx/serialio.o
_GetChar                                          ../avrx/serialio.o
                                                  ../avrx/avrx.a(monitor.o)
_GetHex                                           ../avrx/serialio.o
_ModifyMemory                                     ../avrx/avrx.a(monitor.o)
_PrintContext                                     ../avrx/avrx.a(monitor.o)
_PrintString                                      ../avrx/serialio.o
                                                  ../avrx/avrx.a(monitor.o)
_PutHex                                           ../avrx/serialio.o
_QueuePid                                         ../avrx/avrx.a(avrx_tasking.o)
                                                  ../avrx/avrx.a(avrx_singlestep.o)
                                                  ../avrx/avrx.a(avrx_semaphores.o)
_RemoveFirstObject                                ../avrx/avrx.a(avrx_semaphores.o)
                                                  ../avrx/avrx.a(avrx_message.o)
_RemoveObject                                     ../avrx/avrx.a(avrx_semaphores.o)
                                                  ../avrx/avrx.a(avrx_canceltimer.o)
                                                  ../avrx/avrx.a(avrx_suspend.o)
                                                  ../avrx/avrx.a(avrx_terminate.o)
_RemoveObjectAt                                   ../avrx/avrx.a(avrx_semaphores.o)
_RxByte                                           ../avrx/avrx.a(monitor.o)
                                                  ../avrx/serialio.o
_TimQLevel                                        ../avrx/avrx.a(avrx_timequeue.o)
_TimerQueue                                       ../avrx/avrx.a(avrx_canceltimer.o)
                                                  ../avrx/avrx.a(avrx_timequeue.o)
__bad_interrupt                                   /opt/local/lib/gcc/avr/3.4.4/../../../../avr/lib/avr5/crtm32.o
__bss_end                                         /opt/local/lib/gcc/avr/3.4.4/avr5/libgcc.a(_clear_bss.o)
__bss_start                                       /opt/local/lib/gcc/avr/3.4.4/avr5/libgcc.a(_clear_bss.o)
__data_end                                        /opt/local/lib/gcc/avr/3.4.4/avr5/libgcc.a(_copy_data.o)
__data_load_start                                 /opt/local/lib/gcc/avr/3.4.4/avr5/libgcc.a(_copy_data.o)
__data_start                                      /opt/local/lib/gcc/avr/3.4.4/avr5/libgcc.a(_copy_data.o)
__do_clear_bss                                    /opt/local/lib/gcc/avr/3.4.4/avr5/libgcc.a(_clear_bss.o)
                                                  Timers.o
__do_copy_data                                    /opt/local/lib/gcc/avr/3.4.4/avr5/libgcc.a(_copy_data.o)
                                                  Timers.o
__heap_end                                        /opt/local/lib/gcc/avr/3.4.4/../../../../avr/lib/avr5/crtm32.o
__init                                            /opt/local/lib/gcc/avr/3.4.4/../../../../avr/lib/avr5/crtm32.o
__stack                                           /opt/local/lib/gcc/avr/3.4.4/../../../../avr/lib/avr5/crtm32.o
                                                  Timers.o
__vector_1                                        /opt/local/lib/gcc/avr/3.4.4/../../../../avr/lib/avr5/crtm32.o
__vector_10                                       /opt/local/lib/gcc/avr/3.4.4/../../../../avr/lib/avr5/crtm32.o
__vector_11                                       Timers.o
                                                  /opt/local/lib/gcc/avr/3.4.4/../../../../avr/lib/avr5/crtm32.o
__vector_12                                       /opt/local/lib/gcc/avr/3.4.4/../../../../avr/lib/avr5/crtm32.o
__vector_13                                       ../avrx/serialio.o
                                                  /opt/local/lib/gcc/avr/3.4.4/../../../../avr/lib/avr5/crtm32.o
__vector_14                                       ../avrx/serialio.o
                                                  /opt/local/lib/gcc/avr/3.4.4/../../../../avr/lib/avr5/crtm32.o
__vector_15                                       /opt/local/lib/gcc/avr/3.4.4/../../../../avr/lib/avr5/crtm32.o
__vector_16                                       /opt/local/lib/gcc/avr/3.4.4/../../../../avr/lib/avr5/crtm32.o
__vector_17                                       /opt/local/lib/gcc/avr/3.4.4/../../../../avr/lib/avr5/crtm32.o
__vector_18                                       /opt/local/lib/gcc/avr/3.4.4/../../../../avr/lib/avr5/crtm32.o
__vector_19                                       /opt/local/lib/gcc/avr/3.4.4/../../../../avr/lib/avr5/crtm32.o
__vector_2                                        /opt/local/lib/gcc/avr/3.4.4/../../../../avr/lib/avr5/crtm32.o
__vector_20                                       /opt/local/lib/gcc/avr/3.4.4/../../../../avr/lib/avr5/crtm32.o
__vector_3                                        /opt/local/lib/gcc/avr/3.4.4/../../../../avr/lib/avr5/crtm32.o
__vector_4                                        /opt/local/lib/gcc/avr/3.4.4/../../../../avr/lib/avr5/crtm32.o
__vector_5                                        /opt/local/lib/gcc/avr/3.4.4/../../../../avr/lib/avr5/crtm32.o
__vector_6                                        /opt/local/lib/gcc/avr/3.4.4/../../../../avr/lib/avr5/crtm32.o
__vector_7                                        /opt/local/lib/gcc/avr/3.4.4/../../../../avr/lib/avr5/crtm32.o
__vector_8                                        /opt/local/lib/gcc/avr/3.4.4/../../../../avr/lib/avr5/crtm32.o
__vector_9                                        /opt/local/lib/gcc/avr/3.4.4/../../../../avr/lib/avr5/crtm32.o
__vector_default                                  /opt/local/lib/gcc/avr/3.4.4/../../../../avr/lib/avr5/crtm32.o
__vectors                                         /opt/local/lib/gcc/avr/3.4.4/../../../../avr/lib/avr5/crtm32.o
main                                              Timers.o
                                                  /opt/local/lib/gcc/avr/3.4.4/../../../../avr/lib/avr5/crtm32.o
task1                                             Timers.o
task1Pid                                          Timers.o
task1Stk                                          Timers.o
task1Tcb                                          Timers.o
task2                                             Timers.o
task2Pid                                          Timers.o
task2Stk                                          Timers.o
task2Tcb                                          Timers.o
timer1                                            Timers.o
timer2                                            Timers.o
