Archive member included because of file (symbol)

/opt/local/lib/gcc/avr/4.0.2/../../../../avr/lib/avr5/libm.a(addsf3.o)
                              /opt/local/avr/sixcode//rprintf.o (__subsf3)
/opt/local/lib/gcc/avr/4.0.2/../../../../avr/lib/avr5/libm.a(addsf3x.o)
                              /opt/local/lib/gcc/avr/4.0.2/../../../../avr/lib/avr5/libm.a(addsf3.o) (__addsf3x)
/opt/local/lib/gcc/avr/4.0.2/../../../../avr/lib/avr5/libm.a(atan2.o)
                              gpstest.o (atan2)
/opt/local/lib/gcc/avr/4.0.2/../../../../avr/lib/avr5/libm.a(cos.o)
                              gpstest.o (cos)
/opt/local/lib/gcc/avr/4.0.2/../../../../avr/lib/avr5/libm.a(divsf3.o)
                              /opt/local/avr/sixcode//rprintf.o (__divsf3)
/opt/local/lib/gcc/avr/4.0.2/../../../../avr/lib/avr5/libm.a(divsf3x.o)
                              /opt/local/lib/gcc/avr/4.0.2/../../../../avr/lib/avr5/libm.a(divsf3.o) (__divsf3x)
/opt/local/lib/gcc/avr/4.0.2/../../../../avr/lib/avr5/libm.a(fixsfsi.o)
                              nmeap01.o (__fixsfsi)
/opt/local/lib/gcc/avr/4.0.2/../../../../avr/lib/avr5/libm.a(floatsisf.o)
                              /opt/local/avr/sixcode//rprintf.o (__floatsisf)
/opt/local/lib/gcc/avr/4.0.2/../../../../avr/lib/avr5/libm.a(fmod.o)
                              /opt/local/lib/gcc/avr/4.0.2/../../../../avr/lib/avr5/libm.a(cos.o) (fmod)
/opt/local/lib/gcc/avr/4.0.2/../../../../avr/lib/avr5/libm.a(fp_cmp.o)
                              /opt/local/avr/sixcode//rprintf.o (__eqsf2)
/opt/local/lib/gcc/avr/4.0.2/../../../../avr/lib/avr5/libm.a(fp_cosinus.o)
                              /opt/local/lib/gcc/avr/4.0.2/../../../../avr/lib/avr5/libm.a(cos.o) (__fp_cosinus)
/opt/local/lib/gcc/avr/4.0.2/../../../../avr/lib/avr5/libm.a(fp_merge.o)
                              /opt/local/lib/gcc/avr/4.0.2/../../../../avr/lib/avr5/libm.a(addsf3.o) (__fp_merge)
/opt/local/lib/gcc/avr/4.0.2/../../../../avr/lib/avr5/libm.a(fp_nan.o)
                              /opt/local/lib/gcc/avr/4.0.2/../../../../avr/lib/avr5/libm.a(atan2.o) (__fp_nanERANGE)
/opt/local/lib/gcc/avr/4.0.2/../../../../avr/lib/avr5/libm.a(fp_powerseries.o)
                              /opt/local/lib/gcc/avr/4.0.2/../../../../avr/lib/avr5/libm.a(fp_cosinus.o) (__fp_powerseries)
/opt/local/lib/gcc/avr/4.0.2/../../../../avr/lib/avr5/libm.a(fp_split.o)
                              /opt/local/lib/gcc/avr/4.0.2/../../../../avr/lib/avr5/libm.a(addsf3.o) (__fp_split3)
/opt/local/lib/gcc/avr/4.0.2/../../../../avr/lib/avr5/libm.a(fp_zero.o)
                              /opt/local/lib/gcc/avr/4.0.2/../../../../avr/lib/avr5/libm.a(fixsfsi.o) (__fp_zero)
/opt/local/lib/gcc/avr/4.0.2/../../../../avr/lib/avr5/libm.a(modf.o)
                              /opt/local/lib/gcc/avr/4.0.2/../../../../avr/lib/avr5/libm.a(fmod.o) (modf)
/opt/local/lib/gcc/avr/4.0.2/../../../../avr/lib/avr5/libm.a(mulsf3.o)
                              /opt/local/avr/sixcode//rprintf.o (__mulsf3)
/opt/local/lib/gcc/avr/4.0.2/../../../../avr/lib/avr5/libm.a(mulsf3x.o)
                              /opt/local/lib/gcc/avr/4.0.2/../../../../avr/lib/avr5/libm.a(mulsf3.o) (__mulsf3x)
/opt/local/lib/gcc/avr/4.0.2/../../../../avr/lib/avr5/libm.a(sin.o)
                              gpstest.o (sin)
/opt/local/lib/gcc/avr/4.0.2/../../../../avr/lib/avr5/libm.a(sqrt.o)
                              gpstest.o (sqrt)
/opt/local/lib/gcc/avr/4.0.2/../../../../avr/lib/avr5/libm.a(square.o)
                              /opt/local/lib/gcc/avr/4.0.2/../../../../avr/lib/avr5/libm.a(fp_cosinus.o) (square)
/opt/local/lib/gcc/avr/4.0.2/../../../../avr/lib/avr5/libm.a(strtod.o)
                              nmeap01.o (atof)
/opt/local/lib/gcc/avr/4.0.2/../../../../avr/lib/avr5/libm.a(atan.o)
                              /opt/local/lib/gcc/avr/4.0.2/../../../../avr/lib/avr5/libm.a(atan2.o) (atan)
/opt/local/lib/gcc/avr/4.0.2/../../../../avr/lib/avr5/libm.a(fp_flashconst.o)
                              /opt/local/lib/gcc/avr/4.0.2/../../../../avr/lib/avr5/libm.a(fp_powerseries.o) (__fp_flashconst)
/opt/local/lib/gcc/avr/4.0.2/../../../../avr/lib/avr5/libm.a(fp_inverse.o)
                              /opt/local/lib/gcc/avr/4.0.2/../../../../avr/lib/avr5/libm.a(atan.o) (__fp_inverse)
/opt/local/lib/gcc/avr/4.0.2/../../../../avr/lib/avr5/libm.a(ldexp.o)
                              /opt/local/lib/gcc/avr/4.0.2/../../../../avr/lib/avr5/libm.a(sqrt.o) (ldexp)
/opt/local/lib/gcc/avr/4.0.2/../../../../avr/lib/avr5/libm.a(fp_m_inf.o)
                              /opt/local/lib/gcc/avr/4.0.2/../../../../avr/lib/avr5/libm.a(ldexp.o) (__fp_m_inf)
/opt/local/lib/gcc/avr/4.0.2/../../../../avr/lib/avr5/libm.a(fp_p_inf.o)
                              /opt/local/lib/gcc/avr/4.0.2/../../../../avr/lib/avr5/libm.a(ldexp.o) (__fp_p_inf)
/opt/local/lib/gcc/avr/4.0.2/avr5/libgcc.a(_mulsi3.o)
                              /opt/local/avr/sixcode//timer.o (__mulsi3)
/opt/local/lib/gcc/avr/4.0.2/avr5/libgcc.a(_udivmodhi4.o)
                              /opt/local/avr/sixcode//buffer.o (__udivmodhi4)
/opt/local/lib/gcc/avr/4.0.2/avr5/libgcc.a(_divmodhi4.o)
                              /opt/local/avr/sixcode//i2c.o (__divmodhi4)
/opt/local/lib/gcc/avr/4.0.2/avr5/libgcc.a(_udivmodsi4.o)
                              /opt/local/avr/sixcode//uart.o (__udivmodsi4)
/opt/local/lib/gcc/avr/4.0.2/avr5/libgcc.a(_divmodsi4.o)
                              /opt/local/avr/sixcode//timer.o (__divmodsi4)
/opt/local/lib/gcc/avr/4.0.2/avr5/libgcc.a(_prologue.o)
                              /opt/local/lib/gcc/avr/4.0.2/../../../../avr/lib/avr5/libm.a(strtod.o) (__prologue_saves__)
/opt/local/lib/gcc/avr/4.0.2/avr5/libgcc.a(_epilogue.o)
                              /opt/local/lib/gcc/avr/4.0.2/../../../../avr/lib/avr5/libm.a(strtod.o) (__epilogue_restores__)
/opt/local/lib/gcc/avr/4.0.2/avr5/libgcc.a(_copy_data.o)
                              /opt/local/avr/sixcode//buffer.o (__do_copy_data)
/opt/local/lib/gcc/avr/4.0.2/avr5/libgcc.a(_clear_bss.o)
                              /opt/local/avr/sixcode//buffer.o (__do_clear_bss)
/opt/local/lib/gcc/avr/4.0.2/../../../../avr/lib/avr5/libc.a(strtol.o)
                              nmeap01.o (strtol)
/opt/local/lib/gcc/avr/4.0.2/../../../../avr/lib/avr5/libc.a(atoi.o)
                              nmeap01.o (atoi)
/opt/local/lib/gcc/avr/4.0.2/../../../../avr/lib/avr5/libc.a(isalnum.o)
                              nmeap01.o (isalnum)
/opt/local/lib/gcc/avr/4.0.2/../../../../avr/lib/avr5/libc.a(cty_isfalse.o)
                              /opt/local/lib/gcc/avr/4.0.2/../../../../avr/lib/avr5/libc.a(isalnum.o) (__ctype_isfalse)
/opt/local/lib/gcc/avr/4.0.2/../../../../avr/lib/avr5/libc.a(isalpha.o)
                              /opt/local/lib/gcc/avr/4.0.2/../../../../avr/lib/avr5/libc.a(isalnum.o) (isalpha)
/opt/local/lib/gcc/avr/4.0.2/../../../../avr/lib/avr5/libc.a(isdigit.o)
                              /opt/local/lib/gcc/avr/4.0.2/../../../../avr/lib/avr5/libc.a(isalnum.o) (isdigit)
/opt/local/lib/gcc/avr/4.0.2/../../../../avr/lib/avr5/libc.a(isxdigit.o)
                              nmeap01.o (isxdigit)
/opt/local/lib/gcc/avr/4.0.2/../../../../avr/lib/avr5/libc.a(isspace.o)
                              /opt/local/lib/gcc/avr/4.0.2/../../../../avr/lib/avr5/libc.a(strtol.o) (isspace)
/opt/local/lib/gcc/avr/4.0.2/../../../../avr/lib/avr5/libc.a(strcpy.o)
                              nmeap01.o (strcpy)
/opt/local/lib/gcc/avr/4.0.2/../../../../avr/lib/avr5/libc.a(strncmp.o)
                              nmeap01.o (strncmp)
/opt/local/lib/gcc/avr/4.0.2/../../../../avr/lib/avr5/libc.a(strncpy.o)
                              nmeap01.o (strncpy)
/opt/local/lib/gcc/avr/4.0.2/../../../../avr/lib/avr5/libc.a(mul10.o)
                              /opt/local/lib/gcc/avr/4.0.2/../../../../avr/lib/avr5/libm.a(strtod.o) (__mulhi_const_10)
/opt/local/lib/gcc/avr/4.0.2/../../../../avr/lib/avr5/libc.a(printf.o)
                              nmeap01.o (printf)
/opt/local/lib/gcc/avr/4.0.2/../../../../avr/lib/avr5/libc.a(vfprintf_std.o)
                              /opt/local/lib/gcc/avr/4.0.2/../../../../avr/lib/avr5/libc.a(printf.o) (vfprintf)
/opt/local/lib/gcc/avr/4.0.2/../../../../avr/lib/avr5/libc.a(errno.o)
                              /opt/local/lib/gcc/avr/4.0.2/../../../../avr/lib/avr5/libc.a(strtol.o) (errno)
/opt/local/lib/gcc/avr/4.0.2/../../../../avr/lib/avr5/libc.a(strlen_P.o)
                              /opt/local/lib/gcc/avr/4.0.2/../../../../avr/lib/avr5/libc.a(vfprintf_std.o) (strlen_P)
/opt/local/lib/gcc/avr/4.0.2/../../../../avr/lib/avr5/libc.a(strnlen_P.o)
                              /opt/local/lib/gcc/avr/4.0.2/../../../../avr/lib/avr5/libc.a(vfprintf_std.o) (strnlen_P)
/opt/local/lib/gcc/avr/4.0.2/../../../../avr/lib/avr5/libc.a(strnlen.o)
                              /opt/local/lib/gcc/avr/4.0.2/../../../../avr/lib/avr5/libc.a(vfprintf_std.o) (strnlen)
/opt/local/lib/gcc/avr/4.0.2/../../../../avr/lib/avr5/libc.a(fputc.o)
                              /opt/local/lib/gcc/avr/4.0.2/../../../../avr/lib/avr5/libc.a(vfprintf_std.o) (fputc)
/opt/local/lib/gcc/avr/4.0.2/../../../../avr/lib/avr5/libc.a(iob.o)
                              /opt/local/lib/gcc/avr/4.0.2/../../../../avr/lib/avr5/libc.a(printf.o) (__iob)

Allocating common symbols
Common symbol       size              file

uartReadyTx         0x1               /opt/local/avr/sixcode//uart.o
timebuffer          0xa               nmeap01.o
stackem             0x20              gpstest.o
errno               0x2               /opt/local/lib/gcc/avr/4.0.2/../../../../avr/lib/avr5/libc.a(errno.o)
voiceBoxCue         0x1               gpstest.o
datebuffer          0xa               nmeap01.o
Timer0Reg0          0x4               /opt/local/avr/sixcode//timer.o
uartRxBuffer        0x8               /opt/local/avr/sixcode//uart.o
TimerPauseReg       0x4               /opt/local/avr/sixcode//timer.o
Timer2Reg0          0x4               /opt/local/avr/sixcode//timer.o
uartBufferedTx      0x1               /opt/local/avr/sixcode//uart.o
message_sent        0x1               gpstest.o
uartTxBuffer        0x8               /opt/local/avr/sixcode//uart.o
uartRxOverflow      0x2               /opt/local/avr/sixcode//uart.o
__iob               0x6               /opt/local/lib/gcc/avr/4.0.2/../../../../avr/lib/avr5/libc.a(iob.o)

Memory Configuration

Name             Origin             Length             Attributes
text             0x00000000         0x00020000         xr
data             0x00800060         0x0000ffa0         rw !x
eeprom           0x00810000         0x00010000         rw !x
*default*        0x00000000         0xffffffff

Linker script and memory map

LOAD /opt/local/lib/gcc/avr/4.0.2/../../../../avr/lib/avr5/crtm32.o
LOAD /opt/local/avr/sixcode//buffer.o
LOAD /opt/local/avr/sixcode//uart.o
LOAD /opt/local/avr/sixcode//rprintf.o
LOAD /opt/local/avr/sixcode//timer.o
LOAD /opt/local/avr/sixcode//lcd.o
LOAD /opt/local/avr/sixcode//i2c.o
LOAD nmeap01.o
LOAD video.o
LOAD gpstest.o
LOAD /opt/local/lib/gcc/avr/4.0.2/../../../../avr/lib/avr5/libm.a
LOAD /opt/local/lib/gcc/avr/4.0.2/avr5/libgcc.a
LOAD /opt/local/lib/gcc/avr/4.0.2/../../../../avr/lib/avr5/libc.a
LOAD /opt/local/lib/gcc/avr/4.0.2/avr5/libgcc.a

.hash
 *(.hash)

.dynsym
 *(.dynsym)

.dynstr
 *(.dynstr)

.gnu.version
 *(.gnu.version)

.gnu.version_d
 *(.gnu.version_d)

.gnu.version_r
 *(.gnu.version_r)

.rel.init
 *(.rel.init)

.rela.init
 *(.rela.init)

.rel.text
 *(.rel.text)
 *(.rel.text.*)
 *(.rel.gnu.linkonce.t*)

.rela.text
 *(.rela.text)
 *(.rela.text.*)
 *(.rela.gnu.linkonce.t*)

.rel.fini
 *(.rel.fini)

.rela.fini
 *(.rela.fini)

.rel.rodata
 *(.rel.rodata)
 *(.rel.rodata.*)
 *(.rel.gnu.linkonce.r*)

.rela.rodata
 *(.rela.rodata)
 *(.rela.rodata.*)
 *(.rela.gnu.linkonce.r*)

.rel.data
 *(.rel.data)
 *(.rel.data.*)
 *(.rel.gnu.linkonce.d*)

.rela.data
 *(.rela.data)
 *(.rela.data.*)
 *(.rela.gnu.linkonce.d*)

.rel.ctors
 *(.rel.ctors)

.rela.ctors
 *(.rela.ctors)

.rel.dtors
 *(.rel.dtors)

.rela.dtors
 *(.rela.dtors)

.rel.got
 *(.rel.got)

.rela.got
 *(.rela.got)

.rel.bss
 *(.rel.bss)

.rela.bss
 *(.rela.bss)

.rel.plt
 *(.rel.plt)

.rela.plt
 *(.rela.plt)

.text           0x00000000     0x471c
 *(.vectors)
 .vectors       0x00000000       0x54 /opt/local/lib/gcc/avr/4.0.2/../../../../avr/lib/avr5/crtm32.o
                0x00000000                __vectors
                0x00000000                __vector_default
                0x00000054                __ctors_start = .
 *(.ctors)
                0x00000054                __ctors_end = .
                0x00000054                __dtors_start = .
 *(.dtors)
                0x00000054                __dtors_end = .
 *(.progmem.gcc*)
 .progmem.gcc_fplib
                0x00000054       0x26 /opt/local/lib/gcc/avr/4.0.2/../../../../avr/lib/avr5/libm.a(fp_cosinus.o)
 .progmem.gcc_fplib
                0x0000007a       0x30 /opt/local/lib/gcc/avr/4.0.2/../../../../avr/lib/avr5/libm.a(strtod.o)
 .progmem.gcc_fplib
                0x000000aa       0x26 /opt/local/lib/gcc/avr/4.0.2/../../../../avr/lib/avr5/libm.a(atan.o)
 *(.progmem*)
 .progmem.data  0x000000d0       0x11 /opt/local/avr/sixcode//rprintf.o
 .progmem.data  0x000000e1       0x1c /opt/local/avr/sixcode//timer.o
                0x000000e1                TimerRTCPrescaleFactor
                0x000000f1                TimerPrescaleFactor
 .progmem.data  0x000000fd       0x88 /opt/local/avr/sixcode//lcd.o
                0x000000fd                LcdCustomChar
 .progmem.data  0x00000185       0x77 video.o
 .progmem.data  0x000001fc      0x22f gpstest.o
                0x0000042c                . = ALIGN (0x2)
 *fill*         0x0000042b        0x1 00
 *(.init0)
 *(.init1)
 *(.init2)
 .init2         0x0000042c        0xc /opt/local/lib/gcc/avr/4.0.2/../../../../avr/lib/avr5/crtm32.o
 *(.init3)
 *(.init4)
 .init4         0x00000438       0x16 /opt/local/lib/gcc/avr/4.0.2/avr5/libgcc.a(_copy_data.o)
                0x00000438                __do_copy_data
 .init4         0x0000044e       0x10 /opt/local/lib/gcc/avr/4.0.2/avr5/libgcc.a(_clear_bss.o)
                0x0000044e                __do_clear_bss
 *(.init5)
 *(.init6)
 *(.init7)
 *(.init8)
 *(.init9)
 .init9         0x0000045e        0x4 /opt/local/lib/gcc/avr/4.0.2/../../../../avr/lib/avr5/crtm32.o
 *(.text)
 .text          0x00000462        0x4 /opt/local/lib/gcc/avr/4.0.2/../../../../avr/lib/avr5/crtm32.o
                0x00000462                __vector_1
                0x00000462                __vector_12
                0x00000462                __bad_interrupt
                0x00000462                __vector_3
                0x00000462                __vector_17
                0x00000462                __vector_2
                0x00000462                __vector_14
                0x00000462                __vector_16
                0x00000462                __vector_18
                0x00000462                __vector_20
 .text          0x00000466      0x15a /opt/local/avr/sixcode//buffer.o
                0x0000059c                bufferIsNotFull
                0x00000480                bufferGetFromFront
                0x00000520                bufferGetAtIndex
                0x000004dc                bufferDumpFromFront
                0x00000466                bufferInit
                0x0000054a                bufferAddToEnd
                0x000005b2                bufferFlush
 .text          0x000005c0      0x260 /opt/local/avr/sixcode//uart.o
                0x00000800                uartSendTxBuffer
                0x0000065e                uartSendByte
                0x000005f4                uartInitBuffers
                0x00000670                uartReceiveByte
                0x00000706                uartAddToTxBuffer
                0x00000648                uartSetRxHandler
                0x00000782                __vector_13
                0x000006e4                uartFlushReceiveBuffer
                0x00000616                uartInit
                0x000006ee                uartReceiveBufferIsEmpty
                0x000005c0                uartSetBaudRate
                0x00000658                uartGetTxBuffer
                0x000006a8                uartGetByte
                0x00000652                uartGetRxBuffer
                0x00000714                __vector_15
 .text          0x00000820      0x590 /opt/local/avr/sixcode//rprintf.o
                0x00000c74                rprintf1RamRom
                0x00000900                rprintfu08
                0x00000930                rprintfu32
                0x0000084e                rprintfStr
                0x00000acc                rprintfFloat
                0x0000086c                rprintfStrLen
                0x000008c2                rprintfProgStr
                0x00000916                rprintfu16
                0x00000820                rprintfInit
                0x0000082a                rprintfChar
                0x000008e2                rprintfCRLF
                0x000008ea                rprintfu04
                0x00000956                rprintfNum
 .text          0x00000db0      0x67c /opt/local/avr/sixcode//timer.o
                0x00000f9a                timer2GetOverflowCount
                0x00000dde                timerDetach
                0x00000e10                timer1SetPrescaler
                0x00001010                timer1PWMBOff
                0x00000e62                timer2GetPrescaler
                0x000012d4                __vector_6
                0x00001388                timer0Init
                0x00001002                timer1PWMAOff
                0x00001040                timer1PWMBSet
                0x00001046                __vector_11
                0x00000fdc                timer1PWMInitICR
                0x00000e36                timer0GetPrescaler
                0x00001220                __vector_7
                0x00000f88                timer0GetOverflowCount
                0x00001146                __vector_5
                0x000013e0                timerInit
                0x00000e1a                timer2SetPrescaler
                0x0000101e                timer1PWMAOn
                0x00000df4                timer0SetPrescaler
                0x00000db0                delay_us
                0x0000132e                __vector_4
                0x00000dfe                timer0ClearOverflowCount
                0x000010ec                __vector_9
                0x000013aa                timer1Init
                0x00000fac                timer1PWMInit
                0x0000102c                timer1PWMBOn
                0x000013be                timer2Init
                0x0000127a                __vector_8
                0x0000103a                timer1PWMASet
                0x00000e78                timerAttach
                0x00001406                timer1PWMOff
                0x000011c6                __vector_10
                0x00000e4c                timer1GetPrescaler
                0x00000e24                timer2ClearOverflowCount
                0x00000e8e                timerPause
 .text          0x0000142c      0x3d8 /opt/local/avr/sixcode//lcd.o
                0x00001756                lcdProgressBar
                0x000015e6                lcdLoadCustomChar
                0x000016f0                lcdHome
                0x00001508                lcdControlRead
                0x0000171e                lcdPrintData
                0x000014ba                lcdControlWrite
                0x00001550                lcdDataWrite
                0x00001662                lcdInit
                0x00001440                lcdBusyWait
                0x0000142c                lcdInitHW
                0x00001700                lcdGotoXY
                0x0000159e                lcdDataRead
                0x000016f8                lcdClear
 .text          0x00001804      0x4c2 /opt/local/avr/sixcode//i2c.o
                0x00001832                i2cInit
                0x00001892                i2cSendStart
                0x000018a6                i2cWaitForComplete
                0x000018d0                i2cGetReceivedByte
                0x000018e6                i2cMasterSend
                0x00001934                i2cMasterReceive
                0x0000198e                i2cMasterSendNI
                0x000019fc                __vector_19
                0x0000187e                i2cSetSlaveReceiveHandler
                0x000018dc                i2cGetState
                0x000018d6                i2cGetStatus
                0x000018ae                i2cSendByte
                0x00001888                i2cSetSlaveTransmitHandler
                0x00001870                i2cSetLocalDeviceAddr
                0x00001c48                i2cMasterReceiveNI
                0x000018ba                i2cReceiveByte
                0x00001804                i2cSetBitrate
                0x0000189c                i2cSendStop
 .text          0x00001cc6      0xa68 nmeap01.o
                0x000026a2                nmeap_addParser
                0x000024c0                nmeap_gpgga
                0x000020ea                nmeap_parseBuffer
                0x0000222e                nmeap_longitude
                0x00001cc6                nmeap_altitude
                0x00002304                nmeap_gprmc
                0x00001d5c                nmeap_process
                0x00002158                nmeap_latitude
                0x00002680                nmeap_init
                0x00001d00                nmeap_tokenize
                0x00001e00                nmeap_parse
 .text          0x0000272e      0x224 video.o
                0x0000272e                initVideo
                0x000027ca                writeVideoScreen
 .text          0x00002952      0xb24 gpstest.o
                0x00002cfe                uartswInitBuffers
                0x00003428                getCompass
                0x00002ddc                uartswSendByte
                0x0000324a                i2cSlaveReceiveService
                0x00002dd6                uartswGetRxBuffer
                0x00002e9e                uartswRxBitService
                0x00002952                dist
                0x0000323e                addToBuffer
                0x00002e4c                uartswTxBitService
                0x000030c6                main
                0x00002fde                sendTextMessage
                0x00002d10                uartswOff
                0x00003450                setCompassBaud
                0x00003270                i2cSlaveTransmitService
                0x00002d36                uartswSetBaudRate
                0x00002e14                uartswReceiveByte
                0x00002d76                uartswInit
                0x00003030                initVoiceBox
                0x00003404                print_to_string
                0x00002b38                bearing
 .text          0x00003476      0x256 /opt/local/lib/gcc/avr/4.0.2/../../../../avr/lib/avr5/libc.a(strtol.o)
                0x00003476                strtol
 .text          0x000036cc       0x5a /opt/local/lib/gcc/avr/4.0.2/../../../../avr/lib/avr5/libc.a(atoi.o)
                0x000036cc                atoi
 .text          0x00003726        0xe /opt/local/lib/gcc/avr/4.0.2/../../../../avr/lib/avr5/libc.a(strcpy.o)
                0x00003726                strcpy
 .text          0x00003734       0x1c /opt/local/lib/gcc/avr/4.0.2/../../../../avr/lib/avr5/libc.a(strncmp.o)
                0x00003734                strncmp
 .text          0x00003750       0x1e /opt/local/lib/gcc/avr/4.0.2/../../../../avr/lib/avr5/libc.a(strncpy.o)
                0x00003750                strncpy
 .text          0x0000376e       0x10 /opt/local/lib/gcc/avr/4.0.2/../../../../avr/lib/avr5/libc.a(mul10.o)
                0x0000376e                __mulhi_const_10
 .text          0x0000377e       0x44 /opt/local/lib/gcc/avr/4.0.2/../../../../avr/lib/avr5/libc.a(printf.o)
                0x0000377e                printf
 .text          0x000037c2      0x5a8 /opt/local/lib/gcc/avr/4.0.2/../../../../avr/lib/avr5/libc.a(vfprintf_std.o)
                0x000037c2                vfprintf
 .text          0x00003d6a       0x12 /opt/local/lib/gcc/avr/4.0.2/../../../../avr/lib/avr5/libc.a(strlen_P.o)
                0x00003d6a                strlen_P
 .text          0x00003d7c       0x16 /opt/local/lib/gcc/avr/4.0.2/../../../../avr/lib/avr5/libc.a(strnlen_P.o)
                0x00003d7c                strnlen_P
 .text          0x00003d92       0x16 /opt/local/lib/gcc/avr/4.0.2/../../../../avr/lib/avr5/libc.a(strnlen.o)
                0x00003d92                strnlen
 .text          0x00003da8       0x5a /opt/local/lib/gcc/avr/4.0.2/../../../../avr/lib/avr5/libc.a(fputc.o)
                0x00003da8                fputc
                0x00003e02                . = ALIGN (0x2)
 *(.text.*)
 .text.fplib    0x00003e02        0xa /opt/local/lib/gcc/avr/4.0.2/../../../../avr/lib/avr5/libm.a(addsf3.o)
                0x00003e02                __subsf3
                0x00003e04                __addsf3
 .text.fplib    0x00003e0c       0x7c /opt/local/lib/gcc/avr/4.0.2/../../../../avr/lib/avr5/libm.a(addsf3x.o)
                0x00003e0c                __addsf3x
 .text.fplib    0x00003e88       0x66 /opt/local/lib/gcc/avr/4.0.2/../../../../avr/lib/avr5/libm.a(atan2.o)
                0x00003e88                atan2
 .text.fplib    0x00003eee        0xc /opt/local/lib/gcc/avr/4.0.2/../../../../avr/lib/avr5/libm.a(cos.o)
                0x00003eee                cos
 .text.fplib    0x00003efa        0x6 /opt/local/lib/gcc/avr/4.0.2/../../../../avr/lib/avr5/libm.a(divsf3.o)
                0x00003efa                __divsf3
 .text.fplib    0x00003f00       0x86 /opt/local/lib/gcc/avr/4.0.2/../../../../avr/lib/avr5/libm.a(divsf3x.o)
                0x00003f00                __divsf3x
 .text.fplib    0x00003f86       0x36 /opt/local/lib/gcc/avr/4.0.2/../../../../avr/lib/avr5/libm.a(fixsfsi.o)
                0x00003f86                __fixsfsi
                0x00003fac                __fp_lneg
                0x00003f86                __fixunssfsi
 .text.fplib    0x00003fbc       0x18 /opt/local/lib/gcc/avr/4.0.2/../../../../avr/lib/avr5/libm.a(floatsisf.o)
                0x00003fc0                __floatsisf
                0x00003fbc                __floatunssisf
 .text.fplib    0x00003fd4       0x26 /opt/local/lib/gcc/avr/4.0.2/../../../../avr/lib/avr5/libm.a(fmod.o)
                0x00003fd4                fmod
 .text.fplib    0x00003ffa       0x44 /opt/local/lib/gcc/avr/4.0.2/../../../../avr/lib/avr5/libm.a(fp_cmp.o)
                0x00003ffa                __lesf2
                0x00003ffa                __nesf2
                0x00004000                __gtsf2
                0x00003ffa                __eqsf2
                0x00004006                __cmpsf2
                0x00003ffa                __ltsf2
                0x00004000                __gesf2
 .text.fplib    0x0000403e       0x3c /opt/local/lib/gcc/avr/4.0.2/../../../../avr/lib/avr5/libm.a(fp_cosinus.o)
                0x0000403e                __fp_cosinus
 .text.fplib    0x0000407a       0x3a /opt/local/lib/gcc/avr/4.0.2/../../../../avr/lib/avr5/libm.a(fp_merge.o)
                0x00004084                __fp_merge
 .text.fplib    0x000040b4        0x6 /opt/local/lib/gcc/avr/4.0.2/../../../../avr/lib/avr5/libm.a(fp_nan.o)
                0x000040b4                __fp_nanERANGE
                0x000040b4                __fp_nan
                0x000040b4                __fp_nanEDOM
                0x000040b4                __fp_nanx
 .text.fplib    0x000040ba       0x66 /opt/local/lib/gcc/avr/4.0.2/../../../../avr/lib/avr5/libm.a(fp_powerseries.o)
                0x000040ba                __fp_powerseries
 .text.fplib    0x00004120       0x52 /opt/local/lib/gcc/avr/4.0.2/../../../../avr/lib/avr5/libm.a(fp_split.o)
                0x00004120                __fp_split3
                0x00004126                __fp_split2
                0x00004138                __fp_split1
                0x00004154                __fp_split_a
 .text.fplib    0x00004172        0xa /opt/local/lib/gcc/avr/4.0.2/../../../../avr/lib/avr5/libm.a(fp_zero.o)
                0x00004172                __fp_zero
                0x00004178                __fp_zerox
 .text.fplib    0x0000417c       0x60 /opt/local/lib/gcc/avr/4.0.2/../../../../avr/lib/avr5/libm.a(modf.o)
                0x0000417c                modf
 .text.fplib    0x000041dc        0x6 /opt/local/lib/gcc/avr/4.0.2/../../../../avr/lib/avr5/libm.a(mulsf3.o)
                0x000041dc                __mulsf3
 .text.fplib    0x000041e2       0x8a /opt/local/lib/gcc/avr/4.0.2/../../../../avr/lib/avr5/libm.a(mulsf3x.o)
                0x000041e2                __mulsf3x
 .text.fplib    0x0000426c       0x26 /opt/local/lib/gcc/avr/4.0.2/../../../../avr/lib/avr5/libm.a(sin.o)
                0x0000426c                sin
 .text.fplib    0x00004292       0x7c /opt/local/lib/gcc/avr/4.0.2/../../../../avr/lib/avr5/libm.a(sqrt.o)
                0x00004292                sqrt
 .text.fplib    0x0000430e        0x8 /opt/local/lib/gcc/avr/4.0.2/../../../../avr/lib/avr5/libm.a(square.o)
                0x0000430e                square
 .text.fplib    0x00004316      0x178 /opt/local/lib/gcc/avr/4.0.2/../../../../avr/lib/avr5/libm.a(strtod.o)
                0x0000431a                strtod
                0x00004316                atof
 .text.fplib    0x0000448e       0x5e /opt/local/lib/gcc/avr/4.0.2/../../../../avr/lib/avr5/libm.a(atan.o)
                0x0000448e                atan
 .text.fplib    0x000044ec        0xa /opt/local/lib/gcc/avr/4.0.2/../../../../avr/lib/avr5/libm.a(fp_flashconst.o)
                0x000044ec                __fp_flashconst
 .text.fplib    0x000044f6       0x10 /opt/local/lib/gcc/avr/4.0.2/../../../../avr/lib/avr5/libm.a(fp_inverse.o)
                0x000044f6                __fp_inverse
 .text.fplib    0x00004506       0x24 /opt/local/lib/gcc/avr/4.0.2/../../../../avr/lib/avr5/libm.a(ldexp.o)
                0x00004506                ldexp
 .text.fplib    0x0000452a        0xa /opt/local/lib/gcc/avr/4.0.2/../../../../avr/lib/avr5/libm.a(fp_m_inf.o)
                0x0000452a                __fp_m_inf
 .text.fplib    0x00004534        0xa /opt/local/lib/gcc/avr/4.0.2/../../../../avr/lib/avr5/libm.a(fp_p_inf.o)
                0x00004534                __fp_p_inf
 .text.libgcc   0x0000453e       0x3e /opt/local/lib/gcc/avr/4.0.2/avr5/libgcc.a(_mulsi3.o)
                0x0000453e                __mulsi3
 .text.libgcc   0x0000457c       0x28 /opt/local/lib/gcc/avr/4.0.2/avr5/libgcc.a(_udivmodhi4.o)
                0x0000457c                __udivmodhi4
 .text.libgcc   0x000045a4       0x26 /opt/local/lib/gcc/avr/4.0.2/avr5/libgcc.a(_divmodhi4.o)
                0x000045a4                __divmodhi4
                0x000045a4                _div
 .text.libgcc   0x000045ca       0x44 /opt/local/lib/gcc/avr/4.0.2/avr5/libgcc.a(_udivmodsi4.o)
                0x000045ca                __udivmodsi4
 .text.libgcc   0x0000460e       0x36 /opt/local/lib/gcc/avr/4.0.2/avr5/libgcc.a(_divmodsi4.o)
                0x0000460e                __divmodsi4
 .text.libgcc   0x00004644       0x38 /opt/local/lib/gcc/avr/4.0.2/avr5/libgcc.a(_prologue.o)
                0x00004644                __prologue_saves__
 .text.libgcc   0x0000467c       0x36 /opt/local/lib/gcc/avr/4.0.2/avr5/libgcc.a(_epilogue.o)
                0x0000467c                __epilogue_restores__
 .text.ctype    0x000046b2       0x12 /opt/local/lib/gcc/avr/4.0.2/../../../../avr/lib/avr5/libc.a(isalnum.o)
                0x000046b2                isalnum
 .text.ctype    0x000046c4        0x6 /opt/local/lib/gcc/avr/4.0.2/../../../../avr/lib/avr5/libc.a(cty_isfalse.o)
                0x000046c8                __ctype_istrue
                0x000046c4                __ctype_isfalse
 .text.ctype    0x000046ca       0x14 /opt/local/lib/gcc/avr/4.0.2/../../../../avr/lib/avr5/libc.a(isalpha.o)
                0x000046d0                islower
                0x000046ca                isupper
                0x000046ce                isalpha
 .text.ctype    0x000046de        0xc /opt/local/lib/gcc/avr/4.0.2/../../../../avr/lib/avr5/libc.a(isdigit.o)
                0x000046de                isdigit
 .text.ctype    0x000046ea       0x14 /opt/local/lib/gcc/avr/4.0.2/../../../../avr/lib/avr5/libc.a(isxdigit.o)
                0x000046ea                isxdigit
 .text.ctype    0x000046fe       0x1e /opt/local/lib/gcc/avr/4.0.2/../../../../avr/lib/avr5/libc.a(isspace.o)
                0x000046fe                isspace
                0x0000471c                . = ALIGN (0x2)
 *(.fini9)
 *(.fini8)
 *(.fini7)
 *(.fini6)
 *(.fini5)
 *(.fini4)
 *(.fini3)
 *(.fini2)
 *(.fini1)
 *(.fini0)
                0x0000471c                _etext = .

.data           0x00800060       0x5a load address 0x0000471c
                0x00800060                PROVIDE (__data_start, .)
 *(.data)
 .data          0x00800060       0x1d nmeap01.o
 .data          0x0080007d        0xd video.o
 .data          0x0080008a       0x2f gpstest.o
                0x0080008a                localBufferLength
                0x0080008b                localBuffer
 *(.gnu.linkonce.d*)
                0x008000ba                . = ALIGN (0x2)
 *fill*         0x008000b9        0x1 00
                0x008000ba                _edata = .
                0x008000ba                PROVIDE (__data_end, .)

.bss            0x008000ba      0x54f
                0x008000ba                PROVIDE (__bss_start, .)
 *(.bss)
 .bss           0x008000ba       0xc2 /opt/local/avr/sixcode//uart.o
 .bss           0x0080017c        0x2 /opt/local/avr/sixcode//rprintf.o
 .bss           0x0080017e       0x10 /opt/local/avr/sixcode//timer.o
 .bss           0x0080018e       0x4b /opt/local/avr/sixcode//i2c.o
 .bss           0x008001d9      0x3d2 gpstest.o
                0x008001d9                stackem_pointer
 *(COMMON)
 COMMON         0x008005ab       0x14 /opt/local/avr/sixcode//uart.o
                0x008005ab                uartReadyTx
                0x008005ac                uartRxBuffer
                0x008005b4                uartBufferedTx
                0x008005b5                uartTxBuffer
                0x008005bd                uartRxOverflow
 COMMON         0x008005bf        0xc /opt/local/avr/sixcode//timer.o
                0x008005bf                Timer0Reg0
                0x008005c3                TimerPauseReg
                0x008005c7                Timer2Reg0
 COMMON         0x008005cb       0x14 nmeap01.o
                0x008005cb                timebuffer
                0x008005d5                datebuffer
 COMMON         0x008005df       0x22 gpstest.o
                0x008005df                stackem
                0x008005ff                voiceBoxCue
                0x00800600                message_sent
 COMMON         0x00800601        0x2 /opt/local/lib/gcc/avr/4.0.2/../../../../avr/lib/avr5/libc.a(errno.o)
                0x00800601                errno
 COMMON         0x00800603        0x6 /opt/local/lib/gcc/avr/4.0.2/../../../../avr/lib/avr5/libc.a(iob.o)
                0x00800603                __iob
                0x00800609                PROVIDE (__bss_end, .)
                0x0000471c                __data_load_start = LOADADDR (.data)
                0x00004776                __data_load_end = (__data_load_start + SIZEOF (.data))

.noinit         0x00800609        0x0
                0x00800609                PROVIDE (__noinit_start, .)
 *(.noinit*)
                0x00800609                PROVIDE (__noinit_end, .)
                0x00800609                _end = .
                0x00800609                PROVIDE (__heap_start, .)

.eeprom         0x00810000        0x0
 *(.eeprom*)
                0x00810000                __eeprom_end = .

.stab           0x00000000     0xbb38
 *(.stab)
 .stab          0x00000000      0x36c /opt/local/lib/gcc/avr/4.0.2/../../../../avr/lib/avr5/crtm32.o
 .stab          0x0000036c      0x918 /opt/local/avr/sixcode//buffer.o
                                0x924 (size before relaxing)
 .stab          0x00000c84      0x840 /opt/local/avr/sixcode//uart.o
                                0xb04 (size before relaxing)
 .stab          0x000014c4      0xbc4 /opt/local/avr/sixcode//rprintf.o
                                0xe4c (size before relaxing)
 .stab          0x00002088      0xff0 /opt/local/avr/sixcode//timer.o
                               0x1338 (size before relaxing)
 .stab          0x00003078      0xaf8 /opt/local/avr/sixcode//lcd.o
                                0xe40 (size before relaxing)
 .stab          0x00003b70      0xdd4 /opt/local/avr/sixcode//i2c.o
                               0x1140 (size before relaxing)
 .stab          0x00004944      0xef4 nmeap01.o
                               0x11ac (size before relaxing)
 .stab          0x00005838      0x318 video.o
                                0x660 (size before relaxing)
 .stab          0x00005b50     0x1248 gpstest.o
                               0x15cc (size before relaxing)
 .stab          0x00006d98       0x78 /opt/local/lib/gcc/avr/4.0.2/../../../../avr/lib/avr5/libm.a(addsf3.o)
                                 0x84 (size before relaxing)
 .stab          0x00006e10      0x324 /opt/local/lib/gcc/avr/4.0.2/../../../../avr/lib/avr5/libm.a(addsf3x.o)
                                0x330 (size before relaxing)
 .stab          0x00007134      0x1e0 /opt/local/lib/gcc/avr/4.0.2/../../../../avr/lib/avr5/libm.a(atan2.o)
                                0x1ec (size before relaxing)
 .stab          0x00007314       0x84 /opt/local/lib/gcc/avr/4.0.2/../../../../avr/lib/avr5/libm.a(cos.o)
                                 0x90 (size before relaxing)
 .stab          0x00007398       0x60 /opt/local/lib/gcc/avr/4.0.2/../../../../avr/lib/avr5/libm.a(divsf3.o)
                                 0x6c (size before relaxing)
 .stab          0x000073f8      0x360 /opt/local/lib/gcc/avr/4.0.2/../../../../avr/lib/avr5/libm.a(divsf3x.o)
                                0x36c (size before relaxing)
 .stab          0x00007758      0x180 /opt/local/lib/gcc/avr/4.0.2/../../../../avr/lib/avr5/libm.a(fixsfsi.o)
                                0x18c (size before relaxing)
 .stab          0x000078d8       0xcc /opt/local/lib/gcc/avr/4.0.2/../../../../avr/lib/avr5/libm.a(floatsisf.o)
                                 0xd8 (size before relaxing)
 .stab          0x000079a4      0x120 /opt/local/lib/gcc/avr/4.0.2/../../../../avr/lib/avr5/libm.a(fmod.o)
                                0x12c (size before relaxing)
 .stab          0x00007ac4      0x21c /opt/local/lib/gcc/avr/4.0.2/../../../../avr/lib/avr5/libm.a(fp_cmp.o)
                                0x228 (size before relaxing)
 .stab          0x00007ce0      0x1a4 /opt/local/lib/gcc/avr/4.0.2/../../../../avr/lib/avr5/libm.a(fp_cosinus.o)
                                0x1b0 (size before relaxing)
 .stab          0x00007e84      0x198 /opt/local/lib/gcc/avr/4.0.2/../../../../avr/lib/avr5/libm.a(fp_merge.o)
                                0x1a4 (size before relaxing)
 .stab          0x0000801c       0x60 /opt/local/lib/gcc/avr/4.0.2/../../../../avr/lib/avr5/libm.a(fp_nan.o)
                                 0x6c (size before relaxing)
 .stab          0x0000807c      0x27c /opt/local/lib/gcc/avr/4.0.2/../../../../avr/lib/avr5/libm.a(fp_powerseries.o)
                                0x288 (size before relaxing)
 .stab          0x000082f8      0x240 /opt/local/lib/gcc/avr/4.0.2/../../../../avr/lib/avr5/libm.a(fp_split.o)
                                0x24c (size before relaxing)
 .stab          0x00008538       0x78 /opt/local/lib/gcc/avr/4.0.2/../../../../avr/lib/avr5/libm.a(fp_zero.o)
                                 0x84 (size before relaxing)
 .stab          0x000085b0      0x27c /opt/local/lib/gcc/avr/4.0.2/../../../../avr/lib/avr5/libm.a(modf.o)
                                0x288 (size before relaxing)
 .stab          0x0000882c       0x60 /opt/local/lib/gcc/avr/4.0.2/../../../../avr/lib/avr5/libm.a(mulsf3.o)
                                 0x6c (size before relaxing)
 .stab          0x0000888c      0x378 /opt/local/lib/gcc/avr/4.0.2/../../../../avr/lib/avr5/libm.a(mulsf3x.o)
                                0x384 (size before relaxing)
 .stab          0x00008c04      0x120 /opt/local/lib/gcc/avr/4.0.2/../../../../avr/lib/avr5/libm.a(sin.o)
                                0x12c (size before relaxing)
 .stab          0x00008d24      0x30c /opt/local/lib/gcc/avr/4.0.2/../../../../avr/lib/avr5/libm.a(sqrt.o)
                                0x318 (size before relaxing)
 .stab          0x00009030       0x60 /opt/local/lib/gcc/avr/4.0.2/../../../../avr/lib/avr5/libm.a(square.o)
                                 0x6c (size before relaxing)
 .stab          0x00009090      0x8f4 /opt/local/lib/gcc/avr/4.0.2/../../../../avr/lib/avr5/libm.a(strtod.o)
                                0x900 (size before relaxing)
 .stab          0x00009984      0x1d4 /opt/local/lib/gcc/avr/4.0.2/../../../../avr/lib/avr5/libm.a(atan.o)
                                0x1e0 (size before relaxing)
 .stab          0x00009b58       0x78 /opt/local/lib/gcc/avr/4.0.2/../../../../avr/lib/avr5/libm.a(fp_flashconst.o)
                                 0x84 (size before relaxing)
 .stab          0x00009bd0       0x90 /opt/local/lib/gcc/avr/4.0.2/../../../../avr/lib/avr5/libm.a(fp_inverse.o)
                                 0x9c (size before relaxing)
 .stab          0x00009c60      0x114 /opt/local/lib/gcc/avr/4.0.2/../../../../avr/lib/avr5/libm.a(ldexp.o)
                                0x120 (size before relaxing)
 .stab          0x00009d74       0x78 /opt/local/lib/gcc/avr/4.0.2/../../../../avr/lib/avr5/libm.a(fp_m_inf.o)
                                 0x84 (size before relaxing)
 .stab          0x00009dec       0x78 /opt/local/lib/gcc/avr/4.0.2/../../../../avr/lib/avr5/libm.a(fp_p_inf.o)
                                 0x84 (size before relaxing)
 .stab          0x00009e64      0x414 /opt/local/lib/gcc/avr/4.0.2/../../../../avr/lib/avr5/libc.a(strtol.o)
                                0x420 (size before relaxing)
 .stab          0x0000a278      0x228 /opt/local/lib/gcc/avr/4.0.2/../../../../avr/lib/avr5/libc.a(atoi.o)
                                0x234 (size before relaxing)
 .stab          0x0000a4a0       0xa8 /opt/local/lib/gcc/avr/4.0.2/../../../../avr/lib/avr5/libc.a(isalnum.o)
                                 0xb4 (size before relaxing)
 .stab          0x0000a548       0x60 /opt/local/lib/gcc/avr/4.0.2/../../../../avr/lib/avr5/libc.a(cty_isfalse.o)
                                 0x6c (size before relaxing)
 .stab          0x0000a5a8       0xb4 /opt/local/lib/gcc/avr/4.0.2/../../../../avr/lib/avr5/libc.a(isalpha.o)
                                 0xc0 (size before relaxing)
 .stab          0x0000a65c       0x84 /opt/local/lib/gcc/avr/4.0.2/../../../../avr/lib/avr5/libc.a(isdigit.o)
                                 0x90 (size before relaxing)
 .stab          0x0000a6e0       0xb4 /opt/local/lib/gcc/avr/4.0.2/../../../../avr/lib/avr5/libc.a(isxdigit.o)
                                 0xc0 (size before relaxing)
 .stab          0x0000a794       0xf0 /opt/local/lib/gcc/avr/4.0.2/../../../../avr/lib/avr5/libc.a(isspace.o)
                                 0xfc (size before relaxing)
 .stab          0x0000a884       0x6c /opt/local/lib/gcc/avr/4.0.2/../../../../avr/lib/avr5/libc.a(strcpy.o)
                                 0x78 (size before relaxing)
 .stab          0x0000a8f0       0xc0 /opt/local/lib/gcc/avr/4.0.2/../../../../avr/lib/avr5/libc.a(strncmp.o)
                                 0xcc (size before relaxing)
 .stab          0x0000a9b0       0xcc /opt/local/lib/gcc/avr/4.0.2/../../../../avr/lib/avr5/libc.a(strncpy.o)
                                 0xd8 (size before relaxing)
 .stab          0x0000aa7c       0x78 /opt/local/lib/gcc/avr/4.0.2/../../../../avr/lib/avr5/libc.a(mul10.o)
                                 0x84 (size before relaxing)
 .stab          0x0000aaf4      0x348 /opt/local/lib/gcc/avr/4.0.2/../../../../avr/lib/avr5/libc.a(printf.o)
                                0x390 (size before relaxing)
 .stab          0x0000ae3c      0x768 /opt/local/lib/gcc/avr/4.0.2/../../../../avr/lib/avr5/libc.a(vfprintf_std.o)
                                0x990 (size before relaxing)
 .stab          0x0000b5a4       0xe4 /opt/local/lib/gcc/avr/4.0.2/../../../../avr/lib/avr5/libc.a(errno.o)
                                 0xf0 (size before relaxing)
 .stab          0x0000b688       0x84 /opt/local/lib/gcc/avr/4.0.2/../../../../avr/lib/avr5/libc.a(strlen_P.o)
                                 0x90 (size before relaxing)
 .stab          0x0000b70c       0x9c /opt/local/lib/gcc/avr/4.0.2/../../../../avr/lib/avr5/libc.a(strnlen_P.o)
                                 0xa8 (size before relaxing)
 .stab          0x0000b7a8       0x9c /opt/local/lib/gcc/avr/4.0.2/../../../../avr/lib/avr5/libc.a(strnlen.o)
                                 0xa8 (size before relaxing)
 .stab          0x0000b844      0x1d4 /opt/local/lib/gcc/avr/4.0.2/../../../../avr/lib/avr5/libc.a(fputc.o)
                                0x3b4 (size before relaxing)
 .stab          0x0000ba18      0x120 /opt/local/lib/gcc/avr/4.0.2/../../../../avr/lib/avr5/libc.a(iob.o)
                                0x300 (size before relaxing)

.stabstr        0x00000000     0x48af
 *(.stabstr)
 .stabstr       0x00000000     0x48af /opt/local/lib/gcc/avr/4.0.2/../../../../avr/lib/avr5/crtm32.o

.stab.excl
 *(.stab.excl)

.stab.exclstr
 *(.stab.exclstr)

.stab.index
 *(.stab.index)

.stab.indexstr
 *(.stab.indexstr)

.comment
 *(.comment)

.debug
 *(.debug)

.line
 *(.line)

.debug_srcinfo
 *(.debug_srcinfo)

.debug_sfnames
 *(.debug_sfnames)

.debug_aranges
 *(.debug_aranges)

.debug_pubnames
 *(.debug_pubnames)

.debug_info
 *(.debug_info)
 *(.gnu.linkonce.wi.*)

.debug_abbrev
 *(.debug_abbrev)

.debug_line
 *(.debug_line)

.debug_frame
 *(.debug_frame)

.debug_str
 *(.debug_str)

.debug_loc
 *(.debug_loc)

.debug_macinfo
 *(.debug_macinfo)
OUTPUT(gpstest.elf elf32-avr)

Cross Reference Table

Symbol                                            File
LcdCustomChar                                     /opt/local/avr/sixcode//lcd.o
Timer0Reg0                                        /opt/local/avr/sixcode//timer.o
Timer2Reg0                                        /opt/local/avr/sixcode//timer.o
TimerPauseReg                                     /opt/local/avr/sixcode//timer.o
TimerPrescaleFactor                               /opt/local/avr/sixcode//timer.o
TimerRTCPrescaleFactor                            /opt/local/avr/sixcode//timer.o
__addsf3                                          /opt/local/lib/gcc/avr/4.0.2/../../../../avr/lib/avr5/libm.a(addsf3.o)
                                                  /opt/local/lib/gcc/avr/4.0.2/../../../../avr/lib/avr5/libm.a(atan.o)
                                                  /opt/local/lib/gcc/avr/4.0.2/../../../../avr/lib/avr5/libm.a(sqrt.o)
                                                  /opt/local/lib/gcc/avr/4.0.2/../../../../avr/lib/avr5/libm.a(sin.o)
                                                  /opt/local/lib/gcc/avr/4.0.2/../../../../avr/lib/avr5/libm.a(modf.o)
                                                  /opt/local/lib/gcc/avr/4.0.2/../../../../avr/lib/avr5/libm.a(fp_powerseries.o)
                                                  /opt/local/lib/gcc/avr/4.0.2/../../../../avr/lib/avr5/libm.a(fp_cosinus.o)
                                                  /opt/local/lib/gcc/avr/4.0.2/../../../../avr/lib/avr5/libm.a(atan2.o)
                                                  gpstest.o
                                                  nmeap01.o
__addsf3x                                         /opt/local/lib/gcc/avr/4.0.2/../../../../avr/lib/avr5/libm.a(addsf3x.o)
                                                  /opt/local/lib/gcc/avr/4.0.2/../../../../avr/lib/avr5/libm.a(addsf3.o)
__bad_interrupt                                   /opt/local/lib/gcc/avr/4.0.2/../../../../avr/lib/avr5/crtm32.o
__bss_end                                         /opt/local/lib/gcc/avr/4.0.2/avr5/libgcc.a(_clear_bss.o)
__bss_start                                       /opt/local/lib/gcc/avr/4.0.2/avr5/libgcc.a(_clear_bss.o)
__cmpsf2                                          /opt/local/lib/gcc/avr/4.0.2/../../../../avr/lib/avr5/libm.a(fp_cmp.o)
__ctype_isfalse                                   /opt/local/lib/gcc/avr/4.0.2/../../../../avr/lib/avr5/libc.a(cty_isfalse.o)
                                                  /opt/local/lib/gcc/avr/4.0.2/../../../../avr/lib/avr5/libc.a(isspace.o)
                                                  /opt/local/lib/gcc/avr/4.0.2/../../../../avr/lib/avr5/libc.a(isxdigit.o)
                                                  /opt/local/lib/gcc/avr/4.0.2/../../../../avr/lib/avr5/libc.a(isdigit.o)
                                                  /opt/local/lib/gcc/avr/4.0.2/../../../../avr/lib/avr5/libc.a(isalpha.o)
                                                  /opt/local/lib/gcc/avr/4.0.2/../../../../avr/lib/avr5/libc.a(isalnum.o)
__ctype_istrue                                    /opt/local/lib/gcc/avr/4.0.2/../../../../avr/lib/avr5/libc.a(cty_isfalse.o)
__data_end                                        /opt/local/lib/gcc/avr/4.0.2/avr5/libgcc.a(_copy_data.o)
__data_load_start                                 /opt/local/lib/gcc/avr/4.0.2/avr5/libgcc.a(_copy_data.o)
__data_start                                      /opt/local/lib/gcc/avr/4.0.2/avr5/libgcc.a(_copy_data.o)
__divmodhi4                                       /opt/local/lib/gcc/avr/4.0.2/avr5/libgcc.a(_divmodhi4.o)
                                                  /opt/local/avr/sixcode//i2c.o
__divmodsi4                                       /opt/local/lib/gcc/avr/4.0.2/avr5/libgcc.a(_divmodsi4.o)
                                                  /opt/local/avr/sixcode//i2c.o
                                                  /opt/local/avr/sixcode//timer.o
__divsf3                                          /opt/local/lib/gcc/avr/4.0.2/../../../../avr/lib/avr5/libm.a(divsf3.o)
                                                  /opt/local/lib/gcc/avr/4.0.2/../../../../avr/lib/avr5/libm.a(fp_inverse.o)
                                                  /opt/local/lib/gcc/avr/4.0.2/../../../../avr/lib/avr5/libm.a(sqrt.o)
                                                  /opt/local/lib/gcc/avr/4.0.2/../../../../avr/lib/avr5/libm.a(fp_powerseries.o)
                                                  /opt/local/lib/gcc/avr/4.0.2/../../../../avr/lib/avr5/libm.a(fmod.o)
                                                  /opt/local/lib/gcc/avr/4.0.2/../../../../avr/lib/avr5/libm.a(atan2.o)
                                                  gpstest.o
                                                  nmeap01.o
                                                  /opt/local/avr/sixcode//rprintf.o
__divsf3x                                         /opt/local/lib/gcc/avr/4.0.2/../../../../avr/lib/avr5/libm.a(divsf3x.o)
                                                  /opt/local/lib/gcc/avr/4.0.2/../../../../avr/lib/avr5/libm.a(divsf3.o)
__do_clear_bss                                    /opt/local/lib/gcc/avr/4.0.2/avr5/libgcc.a(_clear_bss.o)
                                                  /opt/local/lib/gcc/avr/4.0.2/../../../../avr/lib/avr5/libc.a(iob.o)
                                                  /opt/local/lib/gcc/avr/4.0.2/../../../../avr/lib/avr5/libc.a(fputc.o)
                                                  /opt/local/lib/gcc/avr/4.0.2/../../../../avr/lib/avr5/libc.a(errno.o)
                                                  /opt/local/lib/gcc/avr/4.0.2/../../../../avr/lib/avr5/libc.a(vfprintf_std.o)
                                                  /opt/local/lib/gcc/avr/4.0.2/../../../../avr/lib/avr5/libc.a(printf.o)
                                                  /opt/local/lib/gcc/avr/4.0.2/../../../../avr/lib/avr5/libc.a(strtol.o)
                                                  gpstest.o
                                                  video.o
                                                  nmeap01.o
                                                  /opt/local/avr/sixcode//i2c.o
                                                  /opt/local/avr/sixcode//lcd.o
                                                  /opt/local/avr/sixcode//timer.o
                                                  /opt/local/avr/sixcode//rprintf.o
                                                  /opt/local/avr/sixcode//uart.o
                                                  /opt/local/avr/sixcode//buffer.o
__do_copy_data                                    /opt/local/lib/gcc/avr/4.0.2/avr5/libgcc.a(_copy_data.o)
                                                  /opt/local/lib/gcc/avr/4.0.2/../../../../avr/lib/avr5/libc.a(iob.o)
                                                  /opt/local/lib/gcc/avr/4.0.2/../../../../avr/lib/avr5/libc.a(fputc.o)
                                                  /opt/local/lib/gcc/avr/4.0.2/../../../../avr/lib/avr5/libc.a(errno.o)
                                                  /opt/local/lib/gcc/avr/4.0.2/../../../../avr/lib/avr5/libc.a(vfprintf_std.o)
                                                  /opt/local/lib/gcc/avr/4.0.2/../../../../avr/lib/avr5/libc.a(printf.o)
                                                  /opt/local/lib/gcc/avr/4.0.2/../../../../avr/lib/avr5/libc.a(strtol.o)
                                                  gpstest.o
                                                  video.o
                                                  nmeap01.o
                                                  /opt/local/avr/sixcode//i2c.o
                                                  /opt/local/avr/sixcode//lcd.o
                                                  /opt/local/avr/sixcode//timer.o
                                                  /opt/local/avr/sixcode//rprintf.o
                                                  /opt/local/avr/sixcode//uart.o
                                                  /opt/local/avr/sixcode//buffer.o
__epilogue_restores__                             /opt/local/lib/gcc/avr/4.0.2/avr5/libgcc.a(_epilogue.o)
                                                  /opt/local/lib/gcc/avr/4.0.2/../../../../avr/lib/avr5/libm.a(strtod.o)
__eqsf2                                           /opt/local/lib/gcc/avr/4.0.2/../../../../avr/lib/avr5/libm.a(fp_cmp.o)
                                                  /opt/local/avr/sixcode//rprintf.o
__fixsfsi                                         /opt/local/lib/gcc/avr/4.0.2/../../../../avr/lib/avr5/libm.a(fixsfsi.o)
                                                  /opt/local/lib/gcc/avr/4.0.2/../../../../avr/lib/avr5/libm.a(modf.o)
                                                  nmeap01.o
__fixunssfsi                                      /opt/local/lib/gcc/avr/4.0.2/../../../../avr/lib/avr5/libm.a(fixsfsi.o)
                                                  /opt/local/avr/sixcode//rprintf.o
__floatsisf                                       /opt/local/lib/gcc/avr/4.0.2/../../../../avr/lib/avr5/libm.a(floatsisf.o)
                                                  /opt/local/lib/gcc/avr/4.0.2/../../../../avr/lib/avr5/libm.a(modf.o)
                                                  nmeap01.o
                                                  /opt/local/avr/sixcode//rprintf.o
__floatunssisf                                    /opt/local/lib/gcc/avr/4.0.2/../../../../avr/lib/avr5/libm.a(floatsisf.o)
                                                  /opt/local/lib/gcc/avr/4.0.2/../../../../avr/lib/avr5/libm.a(strtod.o)
__fp_cosinus                                      /opt/local/lib/gcc/avr/4.0.2/../../../../avr/lib/avr5/libm.a(fp_cosinus.o)
                                                  /opt/local/lib/gcc/avr/4.0.2/../../../../avr/lib/avr5/libm.a(sin.o)
                                                  /opt/local/lib/gcc/avr/4.0.2/../../../../avr/lib/avr5/libm.a(cos.o)
__fp_flashconst                                   /opt/local/lib/gcc/avr/4.0.2/../../../../avr/lib/avr5/libm.a(fp_flashconst.o)
                                                  /opt/local/lib/gcc/avr/4.0.2/../../../../avr/lib/avr5/libm.a(strtod.o)
                                                  /opt/local/lib/gcc/avr/4.0.2/../../../../avr/lib/avr5/libm.a(fp_powerseries.o)
__fp_inverse                                      /opt/local/lib/gcc/avr/4.0.2/../../../../avr/lib/avr5/libm.a(fp_inverse.o)
                                                  /opt/local/lib/gcc/avr/4.0.2/../../../../avr/lib/avr5/libm.a(atan.o)
__fp_lneg                                         /opt/local/lib/gcc/avr/4.0.2/../../../../avr/lib/avr5/libm.a(fixsfsi.o)
                                                  /opt/local/lib/gcc/avr/4.0.2/../../../../avr/lib/avr5/libm.a(floatsisf.o)
__fp_m_inf                                        /opt/local/lib/gcc/avr/4.0.2/../../../../avr/lib/avr5/libm.a(fp_m_inf.o)
                                                  /opt/local/lib/gcc/avr/4.0.2/../../../../avr/lib/avr5/libm.a(ldexp.o)
__fp_merge                                        /opt/local/lib/gcc/avr/4.0.2/../../../../avr/lib/avr5/libm.a(fp_merge.o)
                                                  /opt/local/lib/gcc/avr/4.0.2/../../../../avr/lib/avr5/libm.a(ldexp.o)
                                                  /opt/local/lib/gcc/avr/4.0.2/../../../../avr/lib/avr5/libm.a(sqrt.o)
                                                  /opt/local/lib/gcc/avr/4.0.2/../../../../avr/lib/avr5/libm.a(mulsf3.o)
                                                  /opt/local/lib/gcc/avr/4.0.2/../../../../avr/lib/avr5/libm.a(modf.o)
                                                  /opt/local/lib/gcc/avr/4.0.2/../../../../avr/lib/avr5/libm.a(floatsisf.o)
                                                  /opt/local/lib/gcc/avr/4.0.2/../../../../avr/lib/avr5/libm.a(divsf3.o)
                                                  /opt/local/lib/gcc/avr/4.0.2/../../../../avr/lib/avr5/libm.a(addsf3.o)
__fp_nan                                          /opt/local/lib/gcc/avr/4.0.2/../../../../avr/lib/avr5/libm.a(fp_nan.o)
                                                  /opt/local/lib/gcc/avr/4.0.2/../../../../avr/lib/avr5/libm.a(fp_split.o)
__fp_nanEDOM                                      /opt/local/lib/gcc/avr/4.0.2/../../../../avr/lib/avr5/libm.a(fp_nan.o)
                                                  /opt/local/lib/gcc/avr/4.0.2/../../../../avr/lib/avr5/libm.a(sqrt.o)
__fp_nanERANGE                                    /opt/local/lib/gcc/avr/4.0.2/../../../../avr/lib/avr5/libm.a(fp_nan.o)
                                                  /opt/local/lib/gcc/avr/4.0.2/../../../../avr/lib/avr5/libm.a(fmod.o)
                                                  /opt/local/lib/gcc/avr/4.0.2/../../../../avr/lib/avr5/libm.a(atan2.o)
__fp_nanx                                         /opt/local/lib/gcc/avr/4.0.2/../../../../avr/lib/avr5/libm.a(fp_nan.o)
                                                  /opt/local/lib/gcc/avr/4.0.2/../../../../avr/lib/avr5/libm.a(mulsf3x.o)
                                                  /opt/local/lib/gcc/avr/4.0.2/../../../../avr/lib/avr5/libm.a(divsf3x.o)
__fp_p_inf                                        /opt/local/lib/gcc/avr/4.0.2/../../../../avr/lib/avr5/libm.a(fp_p_inf.o)
                                                  /opt/local/lib/gcc/avr/4.0.2/../../../../avr/lib/avr5/libm.a(ldexp.o)
__fp_powerseries                                  /opt/local/lib/gcc/avr/4.0.2/../../../../avr/lib/avr5/libm.a(fp_powerseries.o)
                                                  /opt/local/lib/gcc/avr/4.0.2/../../../../avr/lib/avr5/libm.a(atan.o)
                                                  /opt/local/lib/gcc/avr/4.0.2/../../../../avr/lib/avr5/libm.a(fp_cosinus.o)
__fp_split1                                       /opt/local/lib/gcc/avr/4.0.2/../../../../avr/lib/avr5/libm.a(fp_split.o)
                                                  /opt/local/lib/gcc/avr/4.0.2/../../../../avr/lib/avr5/libm.a(fixsfsi.o)
__fp_split2                                       /opt/local/lib/gcc/avr/4.0.2/../../../../avr/lib/avr5/libm.a(fp_split.o)
                                                  /opt/local/lib/gcc/avr/4.0.2/../../../../avr/lib/avr5/libm.a(fp_cmp.o)
__fp_split3                                       /opt/local/lib/gcc/avr/4.0.2/../../../../avr/lib/avr5/libm.a(fp_split.o)
                                                  /opt/local/lib/gcc/avr/4.0.2/../../../../avr/lib/avr5/libm.a(mulsf3.o)
                                                  /opt/local/lib/gcc/avr/4.0.2/../../../../avr/lib/avr5/libm.a(divsf3.o)
                                                  /opt/local/lib/gcc/avr/4.0.2/../../../../avr/lib/avr5/libm.a(addsf3.o)
__fp_split_a                                      /opt/local/lib/gcc/avr/4.0.2/../../../../avr/lib/avr5/libm.a(fp_split.o)
                                                  /opt/local/lib/gcc/avr/4.0.2/../../../../avr/lib/avr5/libm.a(ldexp.o)
                                                  /opt/local/lib/gcc/avr/4.0.2/../../../../avr/lib/avr5/libm.a(sqrt.o)
                                                  /opt/local/lib/gcc/avr/4.0.2/../../../../avr/lib/avr5/libm.a(modf.o)
__fp_zero                                         /opt/local/lib/gcc/avr/4.0.2/../../../../avr/lib/avr5/libm.a(fp_zero.o)
                                                  /opt/local/lib/gcc/avr/4.0.2/../../../../avr/lib/avr5/libm.a(ldexp.o)
                                                  /opt/local/lib/gcc/avr/4.0.2/../../../../avr/lib/avr5/libm.a(strtod.o)
                                                  /opt/local/lib/gcc/avr/4.0.2/../../../../avr/lib/avr5/libm.a(fp_merge.o)
                                                  /opt/local/lib/gcc/avr/4.0.2/../../../../avr/lib/avr5/libm.a(fixsfsi.o)
__fp_zerox                                        /opt/local/lib/gcc/avr/4.0.2/../../../../avr/lib/avr5/libm.a(fp_zero.o)
                                                  /opt/local/lib/gcc/avr/4.0.2/../../../../avr/lib/avr5/libm.a(mulsf3x.o)
                                                  /opt/local/lib/gcc/avr/4.0.2/../../../../avr/lib/avr5/libm.a(divsf3x.o)
                                                  /opt/local/lib/gcc/avr/4.0.2/../../../../avr/lib/avr5/libm.a(addsf3x.o)
__gesf2                                           /opt/local/lib/gcc/avr/4.0.2/../../../../avr/lib/avr5/libm.a(fp_cmp.o)
__gtsf2                                           /opt/local/lib/gcc/avr/4.0.2/../../../../avr/lib/avr5/libm.a(fp_cmp.o)
                                                  /opt/local/avr/sixcode//rprintf.o
__heap_end                                        /opt/local/lib/gcc/avr/4.0.2/../../../../avr/lib/avr5/crtm32.o
__init                                            /opt/local/lib/gcc/avr/4.0.2/../../../../avr/lib/avr5/crtm32.o
__iob                                             /opt/local/lib/gcc/avr/4.0.2/../../../../avr/lib/avr5/libc.a(iob.o)
                                                  /opt/local/lib/gcc/avr/4.0.2/../../../../avr/lib/avr5/libc.a(printf.o)
__lesf2                                           /opt/local/lib/gcc/avr/4.0.2/../../../../avr/lib/avr5/libm.a(fp_cmp.o)
__ltsf2                                           /opt/local/lib/gcc/avr/4.0.2/../../../../avr/lib/avr5/libm.a(fp_cmp.o)
                                                  /opt/local/avr/sixcode//rprintf.o
__mulhi_const_10                                  /opt/local/lib/gcc/avr/4.0.2/../../../../avr/lib/avr5/libc.a(mul10.o)
                                                  /opt/local/lib/gcc/avr/4.0.2/../../../../avr/lib/avr5/libc.a(atoi.o)
                                                  /opt/local/lib/gcc/avr/4.0.2/../../../../avr/lib/avr5/libm.a(strtod.o)
__mulsf3                                          /opt/local/lib/gcc/avr/4.0.2/../../../../avr/lib/avr5/libm.a(mulsf3.o)
                                                  /opt/local/lib/gcc/avr/4.0.2/../../../../avr/lib/avr5/libm.a(atan.o)
                                                  /opt/local/lib/gcc/avr/4.0.2/../../../../avr/lib/avr5/libm.a(strtod.o)
                                                  /opt/local/lib/gcc/avr/4.0.2/../../../../avr/lib/avr5/libm.a(square.o)
                                                  /opt/local/lib/gcc/avr/4.0.2/../../../../avr/lib/avr5/libm.a(fp_powerseries.o)
                                                  /opt/local/lib/gcc/avr/4.0.2/../../../../avr/lib/avr5/libm.a(fmod.o)
                                                  gpstest.o
                                                  nmeap01.o
                                                  /opt/local/avr/sixcode//rprintf.o
__mulsf3x                                         /opt/local/lib/gcc/avr/4.0.2/../../../../avr/lib/avr5/libm.a(mulsf3x.o)
                                                  /opt/local/lib/gcc/avr/4.0.2/../../../../avr/lib/avr5/libm.a(mulsf3.o)
__mulsi3                                          /opt/local/lib/gcc/avr/4.0.2/avr5/libgcc.a(_mulsi3.o)
                                                  /opt/local/lib/gcc/avr/4.0.2/../../../../avr/lib/avr5/libc.a(strtol.o)
                                                  /opt/local/lib/gcc/avr/4.0.2/../../../../avr/lib/avr5/libm.a(strtod.o)
                                                  /opt/local/avr/sixcode//timer.o
__nesf2                                           /opt/local/lib/gcc/avr/4.0.2/../../../../avr/lib/avr5/libm.a(fp_cmp.o)
__prologue_saves__                                /opt/local/lib/gcc/avr/4.0.2/avr5/libgcc.a(_prologue.o)
                                                  /opt/local/lib/gcc/avr/4.0.2/../../../../avr/lib/avr5/libm.a(strtod.o)
__stack                                           /opt/local/lib/gcc/avr/4.0.2/../../../../avr/lib/avr5/crtm32.o
                                                  gpstest.o
__subsf3                                          /opt/local/lib/gcc/avr/4.0.2/../../../../avr/lib/avr5/libm.a(addsf3.o)
                                                  gpstest.o
                                                  /opt/local/avr/sixcode//rprintf.o
__udivmodhi4                                      /opt/local/lib/gcc/avr/4.0.2/avr5/libgcc.a(_udivmodhi4.o)
                                                  /opt/local/lib/gcc/avr/4.0.2/avr5/libgcc.a(_divmodhi4.o)
                                                  /opt/local/avr/sixcode//lcd.o
                                                  /opt/local/avr/sixcode//timer.o
                                                  /opt/local/avr/sixcode//rprintf.o
                                                  /opt/local/avr/sixcode//buffer.o
__udivmodsi4                                      /opt/local/lib/gcc/avr/4.0.2/avr5/libgcc.a(_udivmodsi4.o)
                                                  /opt/local/lib/gcc/avr/4.0.2/../../../../avr/lib/avr5/libc.a(vfprintf_std.o)
                                                  /opt/local/lib/gcc/avr/4.0.2/../../../../avr/lib/avr5/libc.a(strtol.o)
                                                  /opt/local/lib/gcc/avr/4.0.2/avr5/libgcc.a(_divmodsi4.o)
                                                  gpstest.o
                                                  /opt/local/avr/sixcode//lcd.o
                                                  /opt/local/avr/sixcode//timer.o
                                                  /opt/local/avr/sixcode//rprintf.o
                                                  /opt/local/avr/sixcode//uart.o
__vector_1                                        /opt/local/lib/gcc/avr/4.0.2/../../../../avr/lib/avr5/crtm32.o
__vector_10                                       /opt/local/avr/sixcode//timer.o
                                                  /opt/local/lib/gcc/avr/4.0.2/../../../../avr/lib/avr5/crtm32.o
__vector_11                                       /opt/local/avr/sixcode//timer.o
                                                  /opt/local/lib/gcc/avr/4.0.2/../../../../avr/lib/avr5/crtm32.o
__vector_12                                       /opt/local/lib/gcc/avr/4.0.2/../../../../avr/lib/avr5/crtm32.o
__vector_13                                       /opt/local/avr/sixcode//uart.o
                                                  /opt/local/lib/gcc/avr/4.0.2/../../../../avr/lib/avr5/crtm32.o
__vector_14                                       /opt/local/lib/gcc/avr/4.0.2/../../../../avr/lib/avr5/crtm32.o
__vector_15                                       /opt/local/avr/sixcode//uart.o
                                                  /opt/local/lib/gcc/avr/4.0.2/../../../../avr/lib/avr5/crtm32.o
__vector_16                                       /opt/local/lib/gcc/avr/4.0.2/../../../../avr/lib/avr5/crtm32.o
__vector_17                                       /opt/local/lib/gcc/avr/4.0.2/../../../../avr/lib/avr5/crtm32.o
__vector_18                                       /opt/local/lib/gcc/avr/4.0.2/../../../../avr/lib/avr5/crtm32.o
__vector_19                                       /opt/local/avr/sixcode//i2c.o
                                                  /opt/local/lib/gcc/avr/4.0.2/../../../../avr/lib/avr5/crtm32.o
__vector_2                                        /opt/local/lib/gcc/avr/4.0.2/../../../../avr/lib/avr5/crtm32.o
__vector_20                                       /opt/local/lib/gcc/avr/4.0.2/../../../../avr/lib/avr5/crtm32.o
__vector_3                                        /opt/local/lib/gcc/avr/4.0.2/../../../../avr/lib/avr5/crtm32.o
__vector_4                                        /opt/local/avr/sixcode//timer.o
                                                  /opt/local/lib/gcc/avr/4.0.2/../../../../avr/lib/avr5/crtm32.o
__vector_5                                        /opt/local/avr/sixcode//timer.o
                                                  /opt/local/lib/gcc/avr/4.0.2/../../../../avr/lib/avr5/crtm32.o
__vector_6                                        /opt/local/avr/sixcode//timer.o
                                                  /opt/local/lib/gcc/avr/4.0.2/../../../../avr/lib/avr5/crtm32.o
__vector_7                                        /opt/local/avr/sixcode//timer.o
                                                  /opt/local/lib/gcc/avr/4.0.2/../../../../avr/lib/avr5/crtm32.o
__vector_8                                        /opt/local/avr/sixcode//timer.o
                                                  /opt/local/lib/gcc/avr/4.0.2/../../../../avr/lib/avr5/crtm32.o
__vector_9                                        /opt/local/avr/sixcode//timer.o
                                                  /opt/local/lib/gcc/avr/4.0.2/../../../../avr/lib/avr5/crtm32.o
__vector_default                                  /opt/local/lib/gcc/avr/4.0.2/../../../../avr/lib/avr5/crtm32.o
__vectors                                         /opt/local/lib/gcc/avr/4.0.2/../../../../avr/lib/avr5/crtm32.o
_div                                              /opt/local/lib/gcc/avr/4.0.2/avr5/libgcc.a(_divmodhi4.o)
addToBuffer                                       gpstest.o
atan                                              /opt/local/lib/gcc/avr/4.0.2/../../../../avr/lib/avr5/libm.a(atan.o)
                                                  /opt/local/lib/gcc/avr/4.0.2/../../../../avr/lib/avr5/libm.a(atan2.o)
atan2                                             /opt/local/lib/gcc/avr/4.0.2/../../../../avr/lib/avr5/libm.a(atan2.o)
                                                  gpstest.o
atof                                              /opt/local/lib/gcc/avr/4.0.2/../../../../avr/lib/avr5/libm.a(strtod.o)
                                                  nmeap01.o
atoi                                              /opt/local/lib/gcc/avr/4.0.2/../../../../avr/lib/avr5/libc.a(atoi.o)
                                                  nmeap01.o
bearing                                           gpstest.o
bufferAddToEnd                                    /opt/local/avr/sixcode//buffer.o
                                                  gpstest.o
                                                  /opt/local/avr/sixcode//uart.o
bufferDumpFromFront                               /opt/local/avr/sixcode//buffer.o
bufferFlush                                       /opt/local/avr/sixcode//buffer.o
                                                  gpstest.o
bufferGetAtIndex                                  /opt/local/avr/sixcode//buffer.o
bufferGetFromFront                                /opt/local/avr/sixcode//buffer.o
                                                  gpstest.o
                                                  /opt/local/avr/sixcode//uart.o
bufferInit                                        /opt/local/avr/sixcode//buffer.o
                                                  gpstest.o
                                                  /opt/local/avr/sixcode//uart.o
bufferIsNotFull                                   /opt/local/avr/sixcode//buffer.o
cos                                               /opt/local/lib/gcc/avr/4.0.2/../../../../avr/lib/avr5/libm.a(cos.o)
                                                  gpstest.o
datebuffer                                        nmeap01.o
delay_us                                          /opt/local/avr/sixcode//timer.o
                                                  /opt/local/avr/sixcode//lcd.o
dist                                              gpstest.o
errno                                             /opt/local/lib/gcc/avr/4.0.2/../../../../avr/lib/avr5/libc.a(errno.o)
                                                  /opt/local/lib/gcc/avr/4.0.2/../../../../avr/lib/avr5/libc.a(strtol.o)
fmod                                              /opt/local/lib/gcc/avr/4.0.2/../../../../avr/lib/avr5/libm.a(fmod.o)
                                                  /opt/local/lib/gcc/avr/4.0.2/../../../../avr/lib/avr5/libm.a(sin.o)
                                                  /opt/local/lib/gcc/avr/4.0.2/../../../../avr/lib/avr5/libm.a(cos.o)
fputc                                             /opt/local/lib/gcc/avr/4.0.2/../../../../avr/lib/avr5/libc.a(fputc.o)
                                                  /opt/local/lib/gcc/avr/4.0.2/../../../../avr/lib/avr5/libc.a(vfprintf_std.o)
getCompass                                        gpstest.o
i2cGetReceivedByte                                /opt/local/avr/sixcode//i2c.o
i2cGetState                                       /opt/local/avr/sixcode//i2c.o
i2cGetStatus                                      /opt/local/avr/sixcode//i2c.o
i2cInit                                           /opt/local/avr/sixcode//i2c.o
                                                  gpstest.o
i2cMasterReceive                                  /opt/local/avr/sixcode//i2c.o
i2cMasterReceiveNI                                /opt/local/avr/sixcode//i2c.o
i2cMasterSend                                     /opt/local/avr/sixcode//i2c.o
i2cMasterSendNI                                   /opt/local/avr/sixcode//i2c.o
i2cReceiveByte                                    /opt/local/avr/sixcode//i2c.o
i2cSendByte                                       /opt/local/avr/sixcode//i2c.o
i2cSendStart                                      /opt/local/avr/sixcode//i2c.o
i2cSendStop                                       /opt/local/avr/sixcode//i2c.o
i2cSetBitrate                                     /opt/local/avr/sixcode//i2c.o
i2cSetLocalDeviceAddr                             /opt/local/avr/sixcode//i2c.o
                                                  gpstest.o
i2cSetSlaveReceiveHandler                         /opt/local/avr/sixcode//i2c.o
                                                  gpstest.o
i2cSetSlaveTransmitHandler                        /opt/local/avr/sixcode//i2c.o
                                                  gpstest.o
i2cSlaveReceiveService                            gpstest.o
i2cSlaveTransmitService                           gpstest.o
i2cWaitForComplete                                /opt/local/avr/sixcode//i2c.o
initVideo                                         video.o
initVoiceBox                                      gpstest.o
isalnum                                           /opt/local/lib/gcc/avr/4.0.2/../../../../avr/lib/avr5/libc.a(isalnum.o)
                                                  nmeap01.o
isalpha                                           /opt/local/lib/gcc/avr/4.0.2/../../../../avr/lib/avr5/libc.a(isalpha.o)
                                                  /opt/local/lib/gcc/avr/4.0.2/../../../../avr/lib/avr5/libc.a(isalnum.o)
isdigit                                           /opt/local/lib/gcc/avr/4.0.2/../../../../avr/lib/avr5/libc.a(isdigit.o)
                                                  /opt/local/lib/gcc/avr/4.0.2/../../../../avr/lib/avr5/libc.a(isxdigit.o)
                                                  /opt/local/lib/gcc/avr/4.0.2/../../../../avr/lib/avr5/libc.a(isalnum.o)
islower                                           /opt/local/lib/gcc/avr/4.0.2/../../../../avr/lib/avr5/libc.a(isalpha.o)
isspace                                           /opt/local/lib/gcc/avr/4.0.2/../../../../avr/lib/avr5/libc.a(isspace.o)
                                                  /opt/local/lib/gcc/avr/4.0.2/../../../../avr/lib/avr5/libc.a(strtol.o)
isupper                                           /opt/local/lib/gcc/avr/4.0.2/../../../../avr/lib/avr5/libc.a(isalpha.o)
isxdigit                                          /opt/local/lib/gcc/avr/4.0.2/../../../../avr/lib/avr5/libc.a(isxdigit.o)
                                                  nmeap01.o
lcdBusyWait                                       /opt/local/avr/sixcode//lcd.o
lcdClear                                          /opt/local/avr/sixcode//lcd.o
lcdControlRead                                    /opt/local/avr/sixcode//lcd.o
lcdControlWrite                                   /opt/local/avr/sixcode//lcd.o
lcdDataRead                                       /opt/local/avr/sixcode//lcd.o
lcdDataWrite                                      /opt/local/avr/sixcode//lcd.o
lcdGotoXY                                         /opt/local/avr/sixcode//lcd.o
lcdHome                                           /opt/local/avr/sixcode//lcd.o
lcdInit                                           /opt/local/avr/sixcode//lcd.o
lcdInitHW                                         /opt/local/avr/sixcode//lcd.o
lcdLoadCustomChar                                 /opt/local/avr/sixcode//lcd.o
lcdPrintData                                      /opt/local/avr/sixcode//lcd.o
lcdProgressBar                                    /opt/local/avr/sixcode//lcd.o
ldexp                                             /opt/local/lib/gcc/avr/4.0.2/../../../../avr/lib/avr5/libm.a(ldexp.o)
                                                  /opt/local/lib/gcc/avr/4.0.2/../../../../avr/lib/avr5/libm.a(sqrt.o)
localBuffer                                       gpstest.o
localBufferLength                                 gpstest.o
main                                              gpstest.o
                                                  /opt/local/lib/gcc/avr/4.0.2/../../../../avr/lib/avr5/crtm32.o
message_sent                                      gpstest.o
modf                                              /opt/local/lib/gcc/avr/4.0.2/../../../../avr/lib/avr5/libm.a(modf.o)
                                                  /opt/local/lib/gcc/avr/4.0.2/../../../../avr/lib/avr5/libm.a(fmod.o)
nmeap_addParser                                   nmeap01.o
                                                  gpstest.o
nmeap_altitude                                    nmeap01.o
nmeap_gpgga                                       nmeap01.o
                                                  gpstest.o
nmeap_gprmc                                       nmeap01.o
                                                  gpstest.o
nmeap_init                                        nmeap01.o
                                                  gpstest.o
nmeap_latitude                                    nmeap01.o
nmeap_longitude                                   nmeap01.o
nmeap_parse                                       nmeap01.o
                                                  gpstest.o
nmeap_parseBuffer                                 nmeap01.o
nmeap_process                                     nmeap01.o
nmeap_tokenize                                    nmeap01.o
print_to_string                                   gpstest.o
printf                                            /opt/local/lib/gcc/avr/4.0.2/../../../../avr/lib/avr5/libc.a(printf.o)
                                                  nmeap01.o
rprintf1RamRom                                    /opt/local/avr/sixcode//rprintf.o
                                                  gpstest.o
                                                  video.o
rprintfCRLF                                       /opt/local/avr/sixcode//rprintf.o
                                                  gpstest.o
rprintfChar                                       /opt/local/avr/sixcode//rprintf.o
                                                  gpstest.o
rprintfFloat                                      /opt/local/avr/sixcode//rprintf.o
                                                  gpstest.o
rprintfInit                                       /opt/local/avr/sixcode//rprintf.o
                                                  gpstest.o
rprintfNum                                        /opt/local/avr/sixcode//rprintf.o
rprintfProgStr                                    /opt/local/avr/sixcode//rprintf.o
rprintfStr                                        /opt/local/avr/sixcode//rprintf.o
                                                  gpstest.o
rprintfStrLen                                     /opt/local/avr/sixcode//rprintf.o
rprintfu04                                        /opt/local/avr/sixcode//rprintf.o
rprintfu08                                        /opt/local/avr/sixcode//rprintf.o
                                                  gpstest.o
rprintfu16                                        /opt/local/avr/sixcode//rprintf.o
rprintfu32                                        /opt/local/avr/sixcode//rprintf.o
sendTextMessage                                   gpstest.o
setCompassBaud                                    gpstest.o
sin                                               /opt/local/lib/gcc/avr/4.0.2/../../../../avr/lib/avr5/libm.a(sin.o)
                                                  gpstest.o
sqrt                                              /opt/local/lib/gcc/avr/4.0.2/../../../../avr/lib/avr5/libm.a(sqrt.o)
                                                  gpstest.o
square                                            /opt/local/lib/gcc/avr/4.0.2/../../../../avr/lib/avr5/libm.a(square.o)
                                                  /opt/local/lib/gcc/avr/4.0.2/../../../../avr/lib/avr5/libm.a(atan.o)
                                                  /opt/local/lib/gcc/avr/4.0.2/../../../../avr/lib/avr5/libm.a(fp_cosinus.o)
stackem                                           gpstest.o
stackem_pointer                                   gpstest.o
strcpy                                            /opt/local/lib/gcc/avr/4.0.2/../../../../avr/lib/avr5/libc.a(strcpy.o)
                                                  nmeap01.o
strlen_P                                          /opt/local/lib/gcc/avr/4.0.2/../../../../avr/lib/avr5/libc.a(strlen_P.o)
                                                  /opt/local/lib/gcc/avr/4.0.2/../../../../avr/lib/avr5/libc.a(vfprintf_std.o)
strncmp                                           /opt/local/lib/gcc/avr/4.0.2/../../../../avr/lib/avr5/libc.a(strncmp.o)
                                                  nmeap01.o
strncpy                                           /opt/local/lib/gcc/avr/4.0.2/../../../../avr/lib/avr5/libc.a(strncpy.o)
                                                  nmeap01.o
strnlen                                           /opt/local/lib/gcc/avr/4.0.2/../../../../avr/lib/avr5/libc.a(strnlen.o)
                                                  /opt/local/lib/gcc/avr/4.0.2/../../../../avr/lib/avr5/libc.a(vfprintf_std.o)
strnlen_P                                         /opt/local/lib/gcc/avr/4.0.2/../../../../avr/lib/avr5/libc.a(strnlen_P.o)
                                                  /opt/local/lib/gcc/avr/4.0.2/../../../../avr/lib/avr5/libc.a(vfprintf_std.o)
strtod                                            /opt/local/lib/gcc/avr/4.0.2/../../../../avr/lib/avr5/libm.a(strtod.o)
strtol                                            /opt/local/lib/gcc/avr/4.0.2/../../../../avr/lib/avr5/libc.a(strtol.o)
                                                  nmeap01.o
timebuffer                                        nmeap01.o
timer0ClearOverflowCount                          /opt/local/avr/sixcode//timer.o
timer0GetOverflowCount                            /opt/local/avr/sixcode//timer.o
timer0GetPrescaler                                /opt/local/avr/sixcode//timer.o
timer0Init                                        /opt/local/avr/sixcode//timer.o
timer0SetPrescaler                                /opt/local/avr/sixcode//timer.o
timer1GetPrescaler                                /opt/local/avr/sixcode//timer.o
timer1Init                                        /opt/local/avr/sixcode//timer.o
timer1PWMAOff                                     /opt/local/avr/sixcode//timer.o
timer1PWMAOn                                      /opt/local/avr/sixcode//timer.o
timer1PWMASet                                     /opt/local/avr/sixcode//timer.o
timer1PWMBOff                                     /opt/local/avr/sixcode//timer.o
timer1PWMBOn                                      /opt/local/avr/sixcode//timer.o
timer1PWMBSet                                     /opt/local/avr/sixcode//timer.o
timer1PWMInit                                     /opt/local/avr/sixcode//timer.o
timer1PWMInitICR                                  /opt/local/avr/sixcode//timer.o
timer1PWMOff                                      /opt/local/avr/sixcode//timer.o
timer1SetPrescaler                                /opt/local/avr/sixcode//timer.o
                                                  gpstest.o
timer2ClearOverflowCount                          /opt/local/avr/sixcode//timer.o
timer2GetOverflowCount                            /opt/local/avr/sixcode//timer.o
timer2GetPrescaler                                /opt/local/avr/sixcode//timer.o
timer2Init                                        /opt/local/avr/sixcode//timer.o
timer2SetPrescaler                                /opt/local/avr/sixcode//timer.o
timerAttach                                       /opt/local/avr/sixcode//timer.o
                                                  gpstest.o
timerDetach                                       /opt/local/avr/sixcode//timer.o
                                                  gpstest.o
timerInit                                         /opt/local/avr/sixcode//timer.o
                                                  gpstest.o
timerPause                                        /opt/local/avr/sixcode//timer.o
                                                  gpstest.o
uartAddToTxBuffer                                 /opt/local/avr/sixcode//uart.o
uartBufferedTx                                    /opt/local/avr/sixcode//uart.o
uartFlushReceiveBuffer                            /opt/local/avr/sixcode//uart.o
uartGetByte                                       /opt/local/avr/sixcode//uart.o
uartGetRxBuffer                                   /opt/local/avr/sixcode//uart.o
uartGetTxBuffer                                   /opt/local/avr/sixcode//uart.o
uartInit                                          /opt/local/avr/sixcode//uart.o
                                                  gpstest.o
uartInitBuffers                                   /opt/local/avr/sixcode//uart.o
uartReadyTx                                       /opt/local/avr/sixcode//uart.o
uartReceiveBufferIsEmpty                          /opt/local/avr/sixcode//uart.o
uartReceiveByte                                   /opt/local/avr/sixcode//uart.o
uartRxBuffer                                      /opt/local/avr/sixcode//uart.o
uartRxOverflow                                    /opt/local/avr/sixcode//uart.o
uartSendByte                                      /opt/local/avr/sixcode//uart.o
                                                  gpstest.o
uartSendTxBuffer                                  /opt/local/avr/sixcode//uart.o
uartSetBaudRate                                   /opt/local/avr/sixcode//uart.o
                                                  gpstest.o
uartSetRxHandler                                  /opt/local/avr/sixcode//uart.o
                                                  gpstest.o
uartTxBuffer                                      /opt/local/avr/sixcode//uart.o
uartswGetRxBuffer                                 gpstest.o
uartswInit                                        gpstest.o
uartswInitBuffers                                 gpstest.o
uartswOff                                         gpstest.o
uartswReceiveByte                                 gpstest.o
uartswRxBitService                                gpstest.o
uartswSendByte                                    gpstest.o
uartswSetBaudRate                                 gpstest.o
uartswTxBitService                                gpstest.o
vfprintf                                          /opt/local/lib/gcc/avr/4.0.2/../../../../avr/lib/avr5/libc.a(vfprintf_std.o)
                                                  /opt/local/lib/gcc/avr/4.0.2/../../../../avr/lib/avr5/libc.a(printf.o)
voiceBoxCue                                       gpstest.o
writeVideoScreen                                  video.o
